<!doctype html public "-//w3c//dtd html 4.0 transitional//en">
<html><head>
<title>Static Call Graph - [.\output\STM32F103_WTD.axf]</title></head>
<body><HR>
<H1>Static Call Graph for image .\output\STM32F103_WTD.axf</H1><HR>
<BR><P>#&#060CALLGRAPH&#062# ARM Linker, 4.1 [Build 644]: Last Updated: Fri Feb 06 13:45:24 2015
<BR><P>
<H3>Maximum Stack Usage =        752 bytes + Unknown(Cycles, Untraceable Function Pointers)</H3><H3>
Call chain for Maximum Stack Depth:</H3>
main &rArr; sl_app_init &rArr; configureSimpleLinkToDefaultState &rArr; sl_NetAppMDNSUnRegisterService &rArr; sl_NetAppMDNSRegisterUnregisterService &rArr; _SlDrvCmdOp &rArr; _SlDrvMsgReadCmdCtx &rArr; _SlAsyncEventGenericHandler &rArr; _sl_HandleAsync_PingResponse &rArr; _SlNonOsSemGet &rArr; _SlNonOsMainLoopTask
<P>
<H3>
Mutually Recursive functions
</H3> <LI><a href="#[21]">ADC1_2_IRQHandler</a>&nbsp;&nbsp;&nbsp;&rArr;&nbsp;&nbsp;&nbsp;<a href="#[21]">ADC1_2_IRQHandler</a><BR>
 <LI><a href="#[9]">BusFault_Handler</a>&nbsp;&nbsp;&nbsp;&rArr;&nbsp;&nbsp;&nbsp;<a href="#[9]">BusFault_Handler</a><BR>
 <LI><a href="#[7]">HardFault_Handler</a>&nbsp;&nbsp;&nbsp;&rArr;&nbsp;&nbsp;&nbsp;<a href="#[7]">HardFault_Handler</a><BR>
 <LI><a href="#[8]">MemManage_Handler</a>&nbsp;&nbsp;&nbsp;&rArr;&nbsp;&nbsp;&nbsp;<a href="#[8]">MemManage_Handler</a><BR>
 <LI><a href="#[a]">UsageFault_Handler</a>&nbsp;&nbsp;&nbsp;&rArr;&nbsp;&nbsp;&nbsp;<a href="#[a]">UsageFault_Handler</a><BR>
 <LI><a href="#[56]">vModbusTask</a>&nbsp;&nbsp;&nbsp;&rArr;&nbsp;&nbsp;&nbsp;<a href="#[56]">vModbusTask</a><BR>
 <LI><a href="#[57]">vPollTask</a>&nbsp;&nbsp;&nbsp;&rArr;&nbsp;&nbsp;&nbsp;<a href="#[57]">vPollTask</a><BR>
 <LI><a href="#[3d]">IntDefaultHandler</a>&nbsp;&nbsp;&nbsp;&rArr;&nbsp;&nbsp;&nbsp;<a href="#[3d]">IntDefaultHandler</a><BR>
</UL>
<P>
<H3>
Function Pointers
</H3><UL>
 <LI><a href="#[21]">ADC1_2_IRQHandler</a> from startup_stm32f10x_freertos.o(.text) referenced from startup_stm32f10x_freertos.o(RESET)
 <LI><a href="#[9]">BusFault_Handler</a> from stm32f10x_it.o(i.BusFault_Handler) referenced from startup_stm32f10x_freertos.o(RESET)
 <LI><a href="#[24]">CAN1_RX1_IRQHandler</a> from startup_stm32f10x_freertos.o(.text) referenced from startup_stm32f10x_freertos.o(RESET)
 <LI><a href="#[25]">CAN1_SCE_IRQHandler</a> from startup_stm32f10x_freertos.o(.text) referenced from startup_stm32f10x_freertos.o(RESET)
 <LI><a href="#[1a]">DMA1_Channel1_IRQHandler</a> from startup_stm32f10x_freertos.o(.text) referenced from startup_stm32f10x_freertos.o(RESET)
 <LI><a href="#[1b]">DMA1_Channel2_IRQHandler</a> from startup_stm32f10x_freertos.o(.text) referenced from startup_stm32f10x_freertos.o(RESET)
 <LI><a href="#[1c]">DMA1_Channel3_IRQHandler</a> from startup_stm32f10x_freertos.o(.text) referenced from startup_stm32f10x_freertos.o(RESET)
 <LI><a href="#[1d]">DMA1_Channel4_IRQHandler</a> from startup_stm32f10x_freertos.o(.text) referenced from startup_stm32f10x_freertos.o(RESET)
 <LI><a href="#[1e]">DMA1_Channel5_IRQHandler</a> from startup_stm32f10x_freertos.o(.text) referenced from startup_stm32f10x_freertos.o(RESET)
 <LI><a href="#[1f]">DMA1_Channel6_IRQHandler</a> from startup_stm32f10x_freertos.o(.text) referenced from startup_stm32f10x_freertos.o(RESET)
 <LI><a href="#[20]">DMA1_Channel7_IRQHandler</a> from startup_stm32f10x_freertos.o(.text) referenced from startup_stm32f10x_freertos.o(RESET)
 <LI><a href="#[c]">DebugMon_Handler</a> from stm32f10x_it.o(i.DebugMon_Handler) referenced from startup_stm32f10x_freertos.o(RESET)
 <LI><a href="#[15]">EXTI0_IRQHandler</a> from stm32f10x_it.o(i.EXTI0_IRQHandler) referenced from startup_stm32f10x_freertos.o(RESET)
 <LI><a href="#[37]">EXTI15_10_IRQHandler</a> from startup_stm32f10x_freertos.o(.text) referenced from startup_stm32f10x_freertos.o(RESET)
 <LI><a href="#[16]">EXTI1_IRQHandler</a> from startup_stm32f10x_freertos.o(.text) referenced from startup_stm32f10x_freertos.o(RESET)
 <LI><a href="#[17]">EXTI2_IRQHandler</a> from startup_stm32f10x_freertos.o(.text) referenced from startup_stm32f10x_freertos.o(RESET)
 <LI><a href="#[18]">EXTI3_IRQHandler</a> from startup_stm32f10x_freertos.o(.text) referenced from startup_stm32f10x_freertos.o(RESET)
 <LI><a href="#[19]">EXTI4_IRQHandler</a> from startup_stm32f10x_freertos.o(.text) referenced from startup_stm32f10x_freertos.o(RESET)
 <LI><a href="#[26]">EXTI9_5_IRQHandler</a> from startup_stm32f10x_freertos.o(.text) referenced from startup_stm32f10x_freertos.o(RESET)
 <LI><a href="#[13]">FLASH_IRQHandler</a> from startup_stm32f10x_freertos.o(.text) referenced from startup_stm32f10x_freertos.o(RESET)
 <LI><a href="#[7]">HardFault_Handler</a> from stm32f10x_it.o(i.HardFault_Handler) referenced from startup_stm32f10x_freertos.o(RESET)
 <LI><a href="#[2f]">I2C1_ER_IRQHandler</a> from startup_stm32f10x_freertos.o(.text) referenced from startup_stm32f10x_freertos.o(RESET)
 <LI><a href="#[2e]">I2C1_EV_IRQHandler</a> from startup_stm32f10x_freertos.o(.text) referenced from startup_stm32f10x_freertos.o(RESET)
 <LI><a href="#[31]">I2C2_ER_IRQHandler</a> from startup_stm32f10x_freertos.o(.text) referenced from startup_stm32f10x_freertos.o(RESET)
 <LI><a href="#[30]">I2C2_EV_IRQHandler</a> from startup_stm32f10x_freertos.o(.text) referenced from startup_stm32f10x_freertos.o(RESET)
 <LI><a href="#[3d]">IntDefaultHandler</a> from stm32f10x_wtd_int.o(i.IntDefaultHandler) referenced from stm32f10x_wtd_int.o(i.Driver_IntUnregister)
 <LI><a href="#[8]">MemManage_Handler</a> from stm32f10x_it.o(i.MemManage_Handler) referenced from startup_stm32f10x_freertos.o(RESET)
 <LI><a href="#[6]">NMI_Handler</a> from stm32f10x_it.o(i.NMI_Handler) referenced from startup_stm32f10x_freertos.o(RESET)
 <LI><a href="#[10]">PVD_IRQHandler</a> from startup_stm32f10x_freertos.o(.text) referenced from startup_stm32f10x_freertos.o(RESET)
 <LI><a href="#[14]">RCC_IRQHandler</a> from startup_stm32f10x_freertos.o(.text) referenced from startup_stm32f10x_freertos.o(RESET)
 <LI><a href="#[38]">RTCAlarm_IRQHandler</a> from startup_stm32f10x_freertos.o(.text) referenced from startup_stm32f10x_freertos.o(RESET)
 <LI><a href="#[12]">RTC_IRQHandler</a> from startup_stm32f10x_freertos.o(.text) referenced from startup_stm32f10x_freertos.o(RESET)
 <LI><a href="#[5]">Reset_Handler</a> from startup_stm32f10x_freertos.o(.text) referenced from startup_stm32f10x_freertos.o(RESET)
 <LI><a href="#[32]">SPI1_IRQHandler</a> from startup_stm32f10x_freertos.o(.text) referenced from startup_stm32f10x_freertos.o(RESET)
 <LI><a href="#[33]">SPI2_IRQHandler</a> from startup_stm32f10x_freertos.o(.text) referenced from startup_stm32f10x_freertos.o(RESET)
 <LI><a href="#[41]">SimpleLinkNetAppEventHandler</a> from simplelink_app.o(i.SimpleLinkNetAppEventHandler) referenced from driver.o(i._SlDrvClassifyRxMsg)
 <LI><a href="#[44]">SimpleLinkPingReport</a> from simplelink_app.o(i.SimpleLinkPingReport) referenced from simplelink_app.o(i.checkInternetConnection)
 <LI><a href="#[44]">SimpleLinkPingReport</a> from simplelink_app.o(i.SimpleLinkPingReport) referenced from simplelink_app.o(i.checkLanConnection)
 <LI><a href="#[40]">SimpleLinkWlanEventHandler</a> from simplelink_app.o(i.SimpleLinkWlanEventHandler) referenced from driver.o(i._SlDrvClassifyRxMsg)
 <LI><a href="#[e]">SysTick_Handler</a> from stm32f10x_it.o(i.SysTick_Handler) referenced from startup_stm32f10x_freertos.o(RESET)
 <LI><a href="#[3b]">SystemInit</a> from system_stm32f10x.o(i.SystemInit) referenced from startup_stm32f10x_freertos.o(.text)
 <LI><a href="#[11]">TAMPER_IRQHandler</a> from startup_stm32f10x_freertos.o(.text) referenced from startup_stm32f10x_freertos.o(RESET)
 <LI><a href="#[27]">TIM1_BRK_IRQHandler</a> from startup_stm32f10x_freertos.o(.text) referenced from startup_stm32f10x_freertos.o(RESET)
 <LI><a href="#[2a]">TIM1_CC_IRQHandler</a> from startup_stm32f10x_freertos.o(.text) referenced from startup_stm32f10x_freertos.o(RESET)
 <LI><a href="#[29]">TIM1_TRG_COM_IRQHandler</a> from startup_stm32f10x_freertos.o(.text) referenced from startup_stm32f10x_freertos.o(RESET)
 <LI><a href="#[28]">TIM1_UP_IRQHandler</a> from startup_stm32f10x_freertos.o(.text) referenced from startup_stm32f10x_freertos.o(RESET)
 <LI><a href="#[2b]">TIM2_IRQHandler</a> from stm32f10x_it.o(i.TIM2_IRQHandler) referenced from startup_stm32f10x_freertos.o(RESET)
 <LI><a href="#[2c]">TIM3_IRQHandler</a> from startup_stm32f10x_freertos.o(.text) referenced from startup_stm32f10x_freertos.o(RESET)
 <LI><a href="#[2d]">TIM4_IRQHandler</a> from startup_stm32f10x_freertos.o(.text) referenced from startup_stm32f10x_freertos.o(RESET)
 <LI><a href="#[34]">USART1_IRQHandler</a> from stm32f10x_it.o(i.USART1_IRQHandler) referenced from startup_stm32f10x_freertos.o(RESET)
 <LI><a href="#[35]">USART2_IRQHandler</a> from stm32f10x_it.o(i.USART2_IRQHandler) referenced from startup_stm32f10x_freertos.o(RESET)
 <LI><a href="#[36]">USART3_IRQHandler</a> from startup_stm32f10x_freertos.o(.text) referenced from startup_stm32f10x_freertos.o(RESET)
 <LI><a href="#[39]">USBWakeUp_IRQHandler</a> from startup_stm32f10x_freertos.o(.text) referenced from startup_stm32f10x_freertos.o(RESET)
 <LI><a href="#[22]">USB_HP_CAN1_TX_IRQHandler</a> from startup_stm32f10x_freertos.o(.text) referenced from startup_stm32f10x_freertos.o(RESET)
 <LI><a href="#[23]">USB_LP_CAN1_RX0_IRQHandler</a> from startup_stm32f10x_freertos.o(.text) referenced from startup_stm32f10x_freertos.o(RESET)
 <LI><a href="#[a]">UsageFault_Handler</a> from stm32f10x_it.o(i.UsageFault_Handler) referenced from startup_stm32f10x_freertos.o(RESET)
 <LI><a href="#[f]">WWDG_IRQHandler</a> from startup_stm32f10x_freertos.o(.text) referenced from startup_stm32f10x_freertos.o(RESET)
 <LI><a href="#[3f]">_SlDrvDeviceEventHandler</a> from device.o(i._SlDrvDeviceEventHandler) referenced from driver.o(i._SlDrvClassifyRxMsg)
 <LI><a href="#[42]">_SlDrvMsgReadSpawnCtx</a> from driver.o(i._SlDrvMsgReadSpawnCtx) referenced from driver.o(i._SlDrvMsgReadCmdCtx)
 <LI><a href="#[42]">_SlDrvMsgReadSpawnCtx</a> from driver.o(i._SlDrvMsgReadSpawnCtx) referenced from driver.o(i._SlDrvRxIrqHandler)
 <LI><a href="#[3e]">_SlDrvNetAppEventHandler</a> from netapp.o(i._SlDrvNetAppEventHandler) referenced from driver.o(i._SlDrvClassifyRxMsg)
 <LI><a href="#[59]">_SlDrvRxIrqHandler</a> from driver.o(i._SlDrvRxIrqHandler) referenced from device.o(i.sl_Start)
 <LI><a href="#[3c]">__main</a> from entry.o(.ARM.Collect$$$$00000000) referenced from startup_stm32f10x_freertos.o(.text)
 <LI><a href="#[5b]">_sl_HandleAsync_Accept</a> from socket.o(i._sl_HandleAsync_Accept) referenced from driver.o(.constdata)
 <LI><a href="#[5c]">_sl_HandleAsync_Connect</a> from socket.o(i._sl_HandleAsync_Connect) referenced from driver.o(.constdata)
 <LI><a href="#[5e]">_sl_HandleAsync_DnsGetHostByName</a> from netapp.o(i._sl_HandleAsync_DnsGetHostByName) referenced from driver.o(.constdata)
 <LI><a href="#[5f]">_sl_HandleAsync_DnsGetHostByService</a> from netapp.o(i._sl_HandleAsync_DnsGetHostByService) referenced from driver.o(.constdata)
 <LI><a href="#[60]">_sl_HandleAsync_PingResponse</a> from netapp.o(i._sl_HandleAsync_PingResponse) referenced from driver.o(.constdata)
 <LI><a href="#[5d]">_sl_HandleAsync_Select</a> from socket.o(i._sl_HandleAsync_Select) referenced from driver.o(.constdata)
 <LI><a href="#[61]">_sl_HandleAsync_Stop</a> from device.o(i._sl_HandleAsync_Stop) referenced from driver.o(.constdata)
 <LI><a href="#[51]">eMBASCIIReceive</a> from mbascii.o(i.eMBASCIIReceive) referenced from mb.o(i.eMBInit)
 <LI><a href="#[50]">eMBASCIISend</a> from mbascii.o(i.eMBASCIISend) referenced from mb.o(i.eMBInit)
 <LI><a href="#[4e]">eMBASCIIStart</a> from mbascii.o(i.eMBASCIIStart) referenced from mb.o(i.eMBInit)
 <LI><a href="#[4f]">eMBASCIIStop</a> from mbascii.o(i.eMBASCIIStop) referenced from mb.o(i.eMBInit)
 <LI><a href="#[0]">eMBFuncReportSlaveID</a> from mbfuncother.o(i.eMBFuncReportSlaveID) referenced 2 times from mb.o(.data)
 <LI><a href="#[49]">eMBRTUReceive</a> from mbrtu.o(i.eMBRTUReceive) referenced from mb.o(i.eMBInit)
 <LI><a href="#[48]">eMBRTUSend</a> from mbrtu.o(i.eMBRTUSend) referenced from mb.o(i.eMBInit)
 <LI><a href="#[46]">eMBRTUStart</a> from mbrtu.o(i.eMBRTUStart) referenced from mb.o(i.eMBInit)
 <LI><a href="#[47]">eMBRTUStop</a> from mbrtu.o(i.eMBRTUStop) referenced from mb.o(i.eMBInit)
 <LI><a href="#[2]">eMBRecvCBFuncDefault</a> from mbmasterfunc.o(i.eMBRecvCBFuncDefault) referenced 8 times from mb.o(.data)
 <LI><a href="#[4]">eMBRecvCBFuncException</a> from mbmasterfunc.o(i.eMBRecvCBFuncException) referenced 2 times from mb.o(.data)
 <LI><a href="#[3]">eMBRecvCBFuncReadDiscrete</a> from mbmasterfunc.o(i.eMBRecvCBFuncReadDiscrete) referenced 4 times from mb.o(.data)
 <LI><a href="#[1]">eMBRecvCBFuncReadReg</a> from mbmasterfunc.o(i.eMBRecvCBFuncReadReg) referenced 6 times from mb.o(.data)
 <LI><a href="#[43]">fputc</a> from stm32f10x_wtd_usart.o(i.fputc) referenced from printfb.o(i.__0printf$bare)
 <LI><a href="#[3a]">main</a> from main.o(i.main) referenced from entry7.o(.ARM.Collect$$$$00000007)
 <LI><a href="#[5a]">prvIdleTask</a> from tasks.o(i.prvIdleTask) referenced from tasks.o(i.vTaskStartScheduler)
 <LI><a href="#[58]">prvTaskExitError</a> from port.o(i.prvTaskExitError) referenced from port.o(i.pxPortInitialiseStack)
 <LI><a href="#[52]">vMBASCIIGetBuffer</a> from mbascii.o(i.vMBASCIIGetBuffer) referenced from mb.o(i.eMBInit)
 <LI><a href="#[45]">vMBPortClose</a> from portother.o(i.vMBPortClose) referenced from mb.o(i.eMBInit)
 <LI><a href="#[4a]">vMBRTUGetBuffer</a> from mbrtu.o(i.vMBRTUGetBuffer) referenced from mb.o(i.eMBInit)
 <LI><a href="#[56]">vModbusTask</a> from main.o(i.vModbusTask) referenced from main.o(i.main)
 <LI><a href="#[57]">vPollTask</a> from main.o(i.vPollTask) referenced from main.o(i.main)
 <LI><a href="#[b]">vPortSVCHandler</a> from port.o(.emb_text) referenced from startup_stm32f10x_freertos.o(RESET)
 <LI><a href="#[53]">xMBASCIIReceiveFSM</a> from mbascii.o(i.xMBASCIIReceiveFSM) referenced from mb.o(i.eMBInit)
 <LI><a href="#[55]">xMBASCIITimerT1SExpired</a> from mbascii.o(i.xMBASCIITimerT1SExpired) referenced from mb.o(i.eMBInit)
 <LI><a href="#[54]">xMBASCIITransmitFSM</a> from mbascii.o(i.xMBASCIITransmitFSM) referenced from mb.o(i.eMBInit)
 <LI><a href="#[4b]">xMBRTUReceiveFSM</a> from mbrtu.o(i.xMBRTUReceiveFSM) referenced from mb.o(i.eMBInit)
 <LI><a href="#[4d]">xMBRTUTimerT35Expired</a> from mbrtu.o(i.xMBRTUTimerT35Expired) referenced from mb.o(i.eMBInit)
 <LI><a href="#[4c]">xMBRTUTransmitFSM</a> from mbrtu.o(i.xMBRTUTransmitFSM) referenced from mb.o(i.eMBInit)
 <LI><a href="#[d]">xPortPendSVHandler</a> from port.o(.emb_text) referenced from startup_stm32f10x_freertos.o(RESET)
</UL>
<P>
<H3>
Global Symbols
</H3>
<P><STRONG><a name="[3c]"></a>__main</STRONG> (Thumb, 0 bytes, Stack size unknown bytes, entry.o(.ARM.Collect$$$$00000000))
<BR>[Address Reference Count : 1]<UL><LI> startup_stm32f10x_freertos.o(.text)
</UL>
<P><STRONG><a name="[13c]"></a>_main_stk</STRONG> (Thumb, 0 bytes, Stack size unknown bytes, entry2.o(.ARM.Collect$$$$00000001))

<P><STRONG><a name="[62]"></a>_main_scatterload</STRONG> (Thumb, 0 bytes, Stack size unknown bytes, entry5.o(.ARM.Collect$$$$00000004))
<BR><BR>[Calls]<UL><LI><a href="#[63]">&gt;&gt;</a>&nbsp;&nbsp;&nbsp;__scatterload
</UL>

<P><STRONG><a name="[68]"></a>__main_after_scatterload</STRONG> (Thumb, 0 bytes, Stack size unknown bytes, entry5.o(.ARM.Collect$$$$00000004))
<BR><BR>[Called By]<UL><LI><a href="#[63]">&gt;&gt;</a>&nbsp;&nbsp;&nbsp;__scatterload
</UL>

<P><STRONG><a name="[13d]"></a>_main_init</STRONG> (Thumb, 0 bytes, Stack size unknown bytes, entry7.o(.ARM.Collect$$$$00000007))

<P><STRONG><a name="[b]"></a>vPortSVCHandler</STRONG> (Thumb, 32 bytes, Stack size 0 bytes, port.o(.emb_text))
<BR>[Address Reference Count : 1]<UL><LI> startup_stm32f10x_freertos.o(RESET)
</UL>
<P><STRONG><a name="[133]"></a>__asm___6_port_c_39a90d8d__prvStartFirstTask</STRONG> (Thumb, 24 bytes, Stack size 0 bytes, port.o(.emb_text))
<BR><BR>[Called By]<UL><LI><a href="#[126]">&gt;&gt;</a>&nbsp;&nbsp;&nbsp;xPortStartScheduler
</UL>

<P><STRONG><a name="[d]"></a>xPortPendSVHandler</STRONG> (Thumb, 64 bytes, Stack size 0 bytes, port.o(.emb_text))
<BR><BR>[Calls]<UL><LI><a href="#[64]">&gt;&gt;</a>&nbsp;&nbsp;&nbsp;vTaskSwitchContext
</UL>
<BR>[Address Reference Count : 1]<UL><LI> startup_stm32f10x_freertos.o(RESET)
</UL>
<P><STRONG><a name="[107]"></a>ulPortSetInterruptMask</STRONG> (Thumb, 14 bytes, Stack size 0 bytes, port.o(.emb_text))
<BR><BR>[Called By]<UL><LI><a href="#[58]">&gt;&gt;</a>&nbsp;&nbsp;&nbsp;prvTaskExitError
<LI><a href="#[12b]">&gt;&gt;</a>&nbsp;&nbsp;&nbsp;xQueueGenericSendFromISR
<LI><a href="#[f4]">&gt;&gt;</a>&nbsp;&nbsp;&nbsp;vPortEnterCritical
<LI><a href="#[9a]">&gt;&gt;</a>&nbsp;&nbsp;&nbsp;xPortSysTickHandler
<LI><a href="#[ee]">&gt;&gt;</a>&nbsp;&nbsp;&nbsp;vTaskStartScheduler
</UL>

<P><STRONG><a name="[123]"></a>vPortClearInterruptMask</STRONG> (Thumb, 6 bytes, Stack size 0 bytes, port.o(.emb_text))
<BR><BR>[Called By]<UL><LI><a href="#[12b]">&gt;&gt;</a>&nbsp;&nbsp;&nbsp;xQueueGenericSendFromISR
<LI><a href="#[f6]">&gt;&gt;</a>&nbsp;&nbsp;&nbsp;vPortExitCritical
<LI><a href="#[9a]">&gt;&gt;</a>&nbsp;&nbsp;&nbsp;xPortSysTickHandler
</UL>

<P><STRONG><a name="[13e]"></a>vPortGetIPSR</STRONG> (Thumb, 6 bytes, Stack size 0 bytes, port.o(.emb_text), UNUSED)

<P><STRONG><a name="[5]"></a>Reset_Handler</STRONG> (Thumb, 8 bytes, Stack size 0 bytes, startup_stm32f10x_freertos.o(.text))
<BR>[Address Reference Count : 1]<UL><LI> startup_stm32f10x_freertos.o(RESET)
</UL>
<P><STRONG><a name="[21]"></a>ADC1_2_IRQHandler</STRONG> (Thumb, 0 bytes, Stack size 0 bytes, startup_stm32f10x_freertos.o(.text))
<BR><BR>[Calls]<UL><LI><a href="#[21]">&gt;&gt;</a>&nbsp;&nbsp;&nbsp;ADC1_2_IRQHandler
</UL>
<BR>[Called By]<UL><LI><a href="#[21]">&gt;&gt;</a>&nbsp;&nbsp;&nbsp;ADC1_2_IRQHandler
</UL>
<BR>[Address Reference Count : 1]<UL><LI> startup_stm32f10x_freertos.o(RESET)
</UL>
<P><STRONG><a name="[24]"></a>CAN1_RX1_IRQHandler</STRONG> (Thumb, 0 bytes, Stack size 0 bytes, startup_stm32f10x_freertos.o(.text))
<BR>[Address Reference Count : 1]<UL><LI> startup_stm32f10x_freertos.o(RESET)
</UL>
<P><STRONG><a name="[25]"></a>CAN1_SCE_IRQHandler</STRONG> (Thumb, 0 bytes, Stack size 0 bytes, startup_stm32f10x_freertos.o(.text))
<BR>[Address Reference Count : 1]<UL><LI> startup_stm32f10x_freertos.o(RESET)
</UL>
<P><STRONG><a name="[1a]"></a>DMA1_Channel1_IRQHandler</STRONG> (Thumb, 0 bytes, Stack size 0 bytes, startup_stm32f10x_freertos.o(.text))
<BR>[Address Reference Count : 1]<UL><LI> startup_stm32f10x_freertos.o(RESET)
</UL>
<P><STRONG><a name="[1b]"></a>DMA1_Channel2_IRQHandler</STRONG> (Thumb, 0 bytes, Stack size 0 bytes, startup_stm32f10x_freertos.o(.text))
<BR>[Address Reference Count : 1]<UL><LI> startup_stm32f10x_freertos.o(RESET)
</UL>
<P><STRONG><a name="[1c]"></a>DMA1_Channel3_IRQHandler</STRONG> (Thumb, 0 bytes, Stack size 0 bytes, startup_stm32f10x_freertos.o(.text))
<BR>[Address Reference Count : 1]<UL><LI> startup_stm32f10x_freertos.o(RESET)
</UL>
<P><STRONG><a name="[1d]"></a>DMA1_Channel4_IRQHandler</STRONG> (Thumb, 0 bytes, Stack size 0 bytes, startup_stm32f10x_freertos.o(.text))
<BR>[Address Reference Count : 1]<UL><LI> startup_stm32f10x_freertos.o(RESET)
</UL>
<P><STRONG><a name="[1e]"></a>DMA1_Channel5_IRQHandler</STRONG> (Thumb, 0 bytes, Stack size 0 bytes, startup_stm32f10x_freertos.o(.text))
<BR>[Address Reference Count : 1]<UL><LI> startup_stm32f10x_freertos.o(RESET)
</UL>
<P><STRONG><a name="[1f]"></a>DMA1_Channel6_IRQHandler</STRONG> (Thumb, 0 bytes, Stack size 0 bytes, startup_stm32f10x_freertos.o(.text))
<BR>[Address Reference Count : 1]<UL><LI> startup_stm32f10x_freertos.o(RESET)
</UL>
<P><STRONG><a name="[20]"></a>DMA1_Channel7_IRQHandler</STRONG> (Thumb, 0 bytes, Stack size 0 bytes, startup_stm32f10x_freertos.o(.text))
<BR>[Address Reference Count : 1]<UL><LI> startup_stm32f10x_freertos.o(RESET)
</UL>
<P><STRONG><a name="[37]"></a>EXTI15_10_IRQHandler</STRONG> (Thumb, 0 bytes, Stack size 0 bytes, startup_stm32f10x_freertos.o(.text))
<BR>[Address Reference Count : 1]<UL><LI> startup_stm32f10x_freertos.o(RESET)
</UL>
<P><STRONG><a name="[16]"></a>EXTI1_IRQHandler</STRONG> (Thumb, 0 bytes, Stack size 0 bytes, startup_stm32f10x_freertos.o(.text))
<BR>[Address Reference Count : 1]<UL><LI> startup_stm32f10x_freertos.o(RESET)
</UL>
<P><STRONG><a name="[17]"></a>EXTI2_IRQHandler</STRONG> (Thumb, 0 bytes, Stack size 0 bytes, startup_stm32f10x_freertos.o(.text))
<BR>[Address Reference Count : 1]<UL><LI> startup_stm32f10x_freertos.o(RESET)
</UL>
<P><STRONG><a name="[18]"></a>EXTI3_IRQHandler</STRONG> (Thumb, 0 bytes, Stack size 0 bytes, startup_stm32f10x_freertos.o(.text))
<BR>[Address Reference Count : 1]<UL><LI> startup_stm32f10x_freertos.o(RESET)
</UL>
<P><STRONG><a name="[19]"></a>EXTI4_IRQHandler</STRONG> (Thumb, 0 bytes, Stack size 0 bytes, startup_stm32f10x_freertos.o(.text))
<BR>[Address Reference Count : 1]<UL><LI> startup_stm32f10x_freertos.o(RESET)
</UL>
<P><STRONG><a name="[26]"></a>EXTI9_5_IRQHandler</STRONG> (Thumb, 0 bytes, Stack size 0 bytes, startup_stm32f10x_freertos.o(.text))
<BR>[Address Reference Count : 1]<UL><LI> startup_stm32f10x_freertos.o(RESET)
</UL>
<P><STRONG><a name="[13]"></a>FLASH_IRQHandler</STRONG> (Thumb, 0 bytes, Stack size 0 bytes, startup_stm32f10x_freertos.o(.text))
<BR>[Address Reference Count : 1]<UL><LI> startup_stm32f10x_freertos.o(RESET)
</UL>
<P><STRONG><a name="[2f]"></a>I2C1_ER_IRQHandler</STRONG> (Thumb, 0 bytes, Stack size 0 bytes, startup_stm32f10x_freertos.o(.text))
<BR>[Address Reference Count : 1]<UL><LI> startup_stm32f10x_freertos.o(RESET)
</UL>
<P><STRONG><a name="[2e]"></a>I2C1_EV_IRQHandler</STRONG> (Thumb, 0 bytes, Stack size 0 bytes, startup_stm32f10x_freertos.o(.text))
<BR>[Address Reference Count : 1]<UL><LI> startup_stm32f10x_freertos.o(RESET)
</UL>
<P><STRONG><a name="[31]"></a>I2C2_ER_IRQHandler</STRONG> (Thumb, 0 bytes, Stack size 0 bytes, startup_stm32f10x_freertos.o(.text))
<BR>[Address Reference Count : 1]<UL><LI> startup_stm32f10x_freertos.o(RESET)
</UL>
<P><STRONG><a name="[30]"></a>I2C2_EV_IRQHandler</STRONG> (Thumb, 0 bytes, Stack size 0 bytes, startup_stm32f10x_freertos.o(.text))
<BR>[Address Reference Count : 1]<UL><LI> startup_stm32f10x_freertos.o(RESET)
</UL>
<P><STRONG><a name="[10]"></a>PVD_IRQHandler</STRONG> (Thumb, 0 bytes, Stack size 0 bytes, startup_stm32f10x_freertos.o(.text))
<BR>[Address Reference Count : 1]<UL><LI> startup_stm32f10x_freertos.o(RESET)
</UL>
<P><STRONG><a name="[14]"></a>RCC_IRQHandler</STRONG> (Thumb, 0 bytes, Stack size 0 bytes, startup_stm32f10x_freertos.o(.text))
<BR>[Address Reference Count : 1]<UL><LI> startup_stm32f10x_freertos.o(RESET)
</UL>
<P><STRONG><a name="[38]"></a>RTCAlarm_IRQHandler</STRONG> (Thumb, 0 bytes, Stack size 0 bytes, startup_stm32f10x_freertos.o(.text))
<BR>[Address Reference Count : 1]<UL><LI> startup_stm32f10x_freertos.o(RESET)
</UL>
<P><STRONG><a name="[12]"></a>RTC_IRQHandler</STRONG> (Thumb, 0 bytes, Stack size 0 bytes, startup_stm32f10x_freertos.o(.text))
<BR>[Address Reference Count : 1]<UL><LI> startup_stm32f10x_freertos.o(RESET)
</UL>
<P><STRONG><a name="[32]"></a>SPI1_IRQHandler</STRONG> (Thumb, 0 bytes, Stack size 0 bytes, startup_stm32f10x_freertos.o(.text))
<BR>[Address Reference Count : 1]<UL><LI> startup_stm32f10x_freertos.o(RESET)
</UL>
<P><STRONG><a name="[33]"></a>SPI2_IRQHandler</STRONG> (Thumb, 0 bytes, Stack size 0 bytes, startup_stm32f10x_freertos.o(.text))
<BR>[Address Reference Count : 1]<UL><LI> startup_stm32f10x_freertos.o(RESET)
</UL>
<P><STRONG><a name="[11]"></a>TAMPER_IRQHandler</STRONG> (Thumb, 0 bytes, Stack size 0 bytes, startup_stm32f10x_freertos.o(.text))
<BR>[Address Reference Count : 1]<UL><LI> startup_stm32f10x_freertos.o(RESET)
</UL>
<P><STRONG><a name="[27]"></a>TIM1_BRK_IRQHandler</STRONG> (Thumb, 0 bytes, Stack size 0 bytes, startup_stm32f10x_freertos.o(.text))
<BR>[Address Reference Count : 1]<UL><LI> startup_stm32f10x_freertos.o(RESET)
</UL>
<P><STRONG><a name="[2a]"></a>TIM1_CC_IRQHandler</STRONG> (Thumb, 0 bytes, Stack size 0 bytes, startup_stm32f10x_freertos.o(.text))
<BR>[Address Reference Count : 1]<UL><LI> startup_stm32f10x_freertos.o(RESET)
</UL>
<P><STRONG><a name="[29]"></a>TIM1_TRG_COM_IRQHandler</STRONG> (Thumb, 0 bytes, Stack size 0 bytes, startup_stm32f10x_freertos.o(.text))
<BR>[Address Reference Count : 1]<UL><LI> startup_stm32f10x_freertos.o(RESET)
</UL>
<P><STRONG><a name="[28]"></a>TIM1_UP_IRQHandler</STRONG> (Thumb, 0 bytes, Stack size 0 bytes, startup_stm32f10x_freertos.o(.text))
<BR>[Address Reference Count : 1]<UL><LI> startup_stm32f10x_freertos.o(RESET)
</UL>
<P><STRONG><a name="[2c]"></a>TIM3_IRQHandler</STRONG> (Thumb, 0 bytes, Stack size 0 bytes, startup_stm32f10x_freertos.o(.text))
<BR>[Address Reference Count : 1]<UL><LI> startup_stm32f10x_freertos.o(RESET)
</UL>
<P><STRONG><a name="[2d]"></a>TIM4_IRQHandler</STRONG> (Thumb, 0 bytes, Stack size 0 bytes, startup_stm32f10x_freertos.o(.text))
<BR>[Address Reference Count : 1]<UL><LI> startup_stm32f10x_freertos.o(RESET)
</UL>
<P><STRONG><a name="[36]"></a>USART3_IRQHandler</STRONG> (Thumb, 0 bytes, Stack size 0 bytes, startup_stm32f10x_freertos.o(.text))
<BR>[Address Reference Count : 1]<UL><LI> startup_stm32f10x_freertos.o(RESET)
</UL>
<P><STRONG><a name="[39]"></a>USBWakeUp_IRQHandler</STRONG> (Thumb, 0 bytes, Stack size 0 bytes, startup_stm32f10x_freertos.o(.text))
<BR>[Address Reference Count : 1]<UL><LI> startup_stm32f10x_freertos.o(RESET)
</UL>
<P><STRONG><a name="[22]"></a>USB_HP_CAN1_TX_IRQHandler</STRONG> (Thumb, 0 bytes, Stack size 0 bytes, startup_stm32f10x_freertos.o(.text))
<BR>[Address Reference Count : 1]<UL><LI> startup_stm32f10x_freertos.o(RESET)
</UL>
<P><STRONG><a name="[23]"></a>USB_LP_CAN1_RX0_IRQHandler</STRONG> (Thumb, 0 bytes, Stack size 0 bytes, startup_stm32f10x_freertos.o(.text))
<BR>[Address Reference Count : 1]<UL><LI> startup_stm32f10x_freertos.o(RESET)
</UL>
<P><STRONG><a name="[f]"></a>WWDG_IRQHandler</STRONG> (Thumb, 0 bytes, Stack size 0 bytes, startup_stm32f10x_freertos.o(.text))
<BR>[Address Reference Count : 1]<UL><LI> startup_stm32f10x_freertos.o(RESET)
</UL>
<P><STRONG><a name="[7e]"></a>__aeabi_memcpy</STRONG> (Thumb, 36 bytes, Stack size 0 bytes, memcpya.o(.text))
<BR><BR>[Called By]<UL><LI><a href="#[f9]">&gt;&gt;</a>&nbsp;&nbsp;&nbsp;prvCopyDataToQueue
<LI><a href="#[f8]">&gt;&gt;</a>&nbsp;&nbsp;&nbsp;prvCopyDataFromQueue
<LI><a href="#[e8]">&gt;&gt;</a>&nbsp;&nbsp;&nbsp;sl_WlanConnect
<LI><a href="#[7d]">&gt;&gt;</a>&nbsp;&nbsp;&nbsp;Driver_IntRelocate
<LI><a href="#[0]">&gt;&gt;</a>&nbsp;&nbsp;&nbsp;eMBFuncReportSlaveID
<LI><a href="#[b9]">&gt;&gt;</a>&nbsp;&nbsp;&nbsp;sl_NetAppSendTokenValue
<LI><a href="#[110]">&gt;&gt;</a>&nbsp;&nbsp;&nbsp;sl_NetAppMDNSRegisterUnregisterService
<LI><a href="#[60]">&gt;&gt;</a>&nbsp;&nbsp;&nbsp;_sl_HandleAsync_PingResponse
<LI><a href="#[5f]">&gt;&gt;</a>&nbsp;&nbsp;&nbsp;_sl_HandleAsync_DnsGetHostByService
<LI><a href="#[5e]">&gt;&gt;</a>&nbsp;&nbsp;&nbsp;_sl_HandleAsync_DnsGetHostByName
<LI><a href="#[b3]">&gt;&gt;</a>&nbsp;&nbsp;&nbsp;_SlDrvMsgRead
<LI><a href="#[a2]">&gt;&gt;</a>&nbsp;&nbsp;&nbsp;_SlAsyncEventGenericHandler
</UL>

<P><STRONG><a name="[a4]"></a>__aeabi_memcpy4</STRONG> (Thumb, 0 bytes, Stack size 0 bytes, memcpya.o(.text))
<BR><BR>[Called By]<UL><LI><a href="#[c6]">&gt;&gt;</a>&nbsp;&nbsp;&nbsp;sl_NetAppDnsGetHostByName
<LI><a href="#[a2]">&gt;&gt;</a>&nbsp;&nbsp;&nbsp;_SlAsyncEventGenericHandler
</UL>

<P><STRONG><a name="[13f]"></a>__aeabi_memcpy8</STRONG> (Thumb, 0 bytes, Stack size 0 bytes, memcpya.o(.text), UNUSED)

<P><STRONG><a name="[66]"></a>__aeabi_memset</STRONG> (Thumb, 14 bytes, Stack size 0 bytes, memseta.o(.text))
<BR><BR>[Called By]<UL><LI><a href="#[c9]">&gt;&gt;</a>&nbsp;&nbsp;&nbsp;configureSimpleLinkToDefaultState
<LI><a href="#[67]">&gt;&gt;</a>&nbsp;&nbsp;&nbsp;_memset$wrapper
<LI><a href="#[65]">&gt;&gt;</a>&nbsp;&nbsp;&nbsp;__aeabi_memclr
</UL>

<P><STRONG><a name="[140]"></a>__aeabi_memset4</STRONG> (Thumb, 0 bytes, Stack size 0 bytes, memseta.o(.text), UNUSED)

<P><STRONG><a name="[141]"></a>__aeabi_memset8</STRONG> (Thumb, 0 bytes, Stack size 0 bytes, memseta.o(.text), UNUSED)

<P><STRONG><a name="[65]"></a>__aeabi_memclr</STRONG> (Thumb, 4 bytes, Stack size 0 bytes, memseta.o(.text), UNUSED)
<BR><BR>[Calls]<UL><LI><a href="#[66]">&gt;&gt;</a>&nbsp;&nbsp;&nbsp;__aeabi_memset
</UL>

<P><STRONG><a name="[a3]"></a>__aeabi_memclr4</STRONG> (Thumb, 0 bytes, Stack size 0 bytes, memseta.o(.text))
<BR><BR>[Called By]<UL><LI><a href="#[e8]">&gt;&gt;</a>&nbsp;&nbsp;&nbsp;sl_WlanConnect
<LI><a href="#[c9]">&gt;&gt;</a>&nbsp;&nbsp;&nbsp;configureSimpleLinkToDefaultState
<LI><a href="#[c8]">&gt;&gt;</a>&nbsp;&nbsp;&nbsp;checkLanConnection
<LI><a href="#[c5]">&gt;&gt;</a>&nbsp;&nbsp;&nbsp;checkInternetConnection
<LI><a href="#[110]">&gt;&gt;</a>&nbsp;&nbsp;&nbsp;sl_NetAppMDNSRegisterUnregisterService
<LI><a href="#[b1]">&gt;&gt;</a>&nbsp;&nbsp;&nbsp;_SlDrvObjInit
<LI><a href="#[a2]">&gt;&gt;</a>&nbsp;&nbsp;&nbsp;_SlAsyncEventGenericHandler
<LI><a href="#[b0]">&gt;&gt;</a>&nbsp;&nbsp;&nbsp;_SlDrvDriverCBInit
</UL>

<P><STRONG><a name="[142]"></a>__aeabi_memclr8</STRONG> (Thumb, 0 bytes, Stack size 0 bytes, memseta.o(.text), UNUSED)

<P><STRONG><a name="[67]"></a>_memset$wrapper</STRONG> (Thumb, 20 bytes, Stack size 8 bytes, memseta.o(.text), UNUSED)
<BR><BR>[Calls]<UL><LI><a href="#[66]">&gt;&gt;</a>&nbsp;&nbsp;&nbsp;__aeabi_memset
</UL>

<P><STRONG><a name="[63]"></a>__scatterload</STRONG> (Thumb, 28 bytes, Stack size 0 bytes, init.o(.text))
<BR><BR>[Calls]<UL><LI><a href="#[68]">&gt;&gt;</a>&nbsp;&nbsp;&nbsp;__main_after_scatterload
</UL>
<BR>[Called By]<UL><LI><a href="#[62]">&gt;&gt;</a>&nbsp;&nbsp;&nbsp;_main_scatterload
</UL>

<P><STRONG><a name="[143]"></a>__scatterload_rt2</STRONG> (Thumb, 0 bytes, Stack size 0 bytes, init.o(.text), UNUSED)

<P><STRONG><a name="[144]"></a>__decompress</STRONG> (Thumb, 0 bytes, Stack size unknown bytes, __dczerorl2.o(.text), UNUSED)

<P><STRONG><a name="[145]"></a>__decompress1</STRONG> (Thumb, 92 bytes, Stack size unknown bytes, __dczerorl2.o(.text), UNUSED)

<P><STRONG><a name="[9]"></a>BusFault_Handler</STRONG> (Thumb, 2 bytes, Stack size 0 bytes, stm32f10x_it.o(i.BusFault_Handler))
<BR><BR>[Calls]<UL><LI><a href="#[9]">&gt;&gt;</a>&nbsp;&nbsp;&nbsp;BusFault_Handler
</UL>
<BR>[Called By]<UL><LI><a href="#[9]">&gt;&gt;</a>&nbsp;&nbsp;&nbsp;BusFault_Handler
</UL>
<BR>[Address Reference Count : 1]<UL><LI> startup_stm32f10x_freertos.o(RESET)
</UL>
<P><STRONG><a name="[69]"></a>CC3100_HWInit</STRONG> (Thumb, 108 bytes, Stack size 24 bytes, cc_pal.o(i.CC3100_HWInit))
<BR><BR>[Stack]<UL><LI>Max Depth = 48<LI>Call Chain = CC3100_HWInit &rArr; GPIO_Init
</UL>
<BR>[Calls]<UL><LI><a href="#[6e]">&gt;&gt;</a>&nbsp;&nbsp;&nbsp;NVIC_Init
<LI><a href="#[6c]">&gt;&gt;</a>&nbsp;&nbsp;&nbsp;GPIO_ResetBits
<LI><a href="#[6b]">&gt;&gt;</a>&nbsp;&nbsp;&nbsp;GPIO_Init
<LI><a href="#[6d]">&gt;&gt;</a>&nbsp;&nbsp;&nbsp;GPIO_EXTILineConfig
<LI><a href="#[6a]">&gt;&gt;</a>&nbsp;&nbsp;&nbsp;RCC_APB2PeriphClockCmd
</UL>
<BR>[Called By]<UL><LI><a href="#[ec]">&gt;&gt;</a>&nbsp;&nbsp;&nbsp;sl_app_init
</UL>

<P><STRONG><a name="[6f]"></a>CC3100_MaskInterrupt</STRONG> (Thumb, 20 bytes, Stack size 8 bytes, cc_pal.o(i.CC3100_MaskInterrupt))
<BR><BR>[Stack]<UL><LI>Max Depth = 8<LI>Call Chain = CC3100_MaskInterrupt
</UL>
<BR>[Calls]<UL><LI><a href="#[70]">&gt;&gt;</a>&nbsp;&nbsp;&nbsp;EXTI_ClearITPendingBit
</UL>
<BR>[Called By]<UL><LI><a href="#[59]">&gt;&gt;</a>&nbsp;&nbsp;&nbsp;_SlDrvRxIrqHandler
</UL>

<P><STRONG><a name="[71]"></a>CC3100_PowerOff</STRONG> (Thumb, 8 bytes, Stack size 0 bytes, cc_pal.o(i.CC3100_PowerOff))
<BR><BR>[Calls]<UL><LI><a href="#[6c]">&gt;&gt;</a>&nbsp;&nbsp;&nbsp;GPIO_ResetBits
</UL>
<BR>[Called By]<UL><LI><a href="#[cc]">&gt;&gt;</a>&nbsp;&nbsp;&nbsp;sl_Stop
<LI><a href="#[ca]">&gt;&gt;</a>&nbsp;&nbsp;&nbsp;sl_Start
</UL>

<P><STRONG><a name="[72]"></a>CC3100_PowerOn</STRONG> (Thumb, 8 bytes, Stack size 0 bytes, cc_pal.o(i.CC3100_PowerOn))
<BR><BR>[Calls]<UL><LI><a href="#[73]">&gt;&gt;</a>&nbsp;&nbsp;&nbsp;GPIO_SetBits
</UL>
<BR>[Called By]<UL><LI><a href="#[ca]">&gt;&gt;</a>&nbsp;&nbsp;&nbsp;sl_Start
</UL>

<P><STRONG><a name="[111]"></a>CC3100_PowerOnPreamble</STRONG> (Thumb, 2 bytes, Stack size 0 bytes, cc_pal.o(i.CC3100_PowerOnPreamble))
<BR><BR>[Called By]<UL><LI><a href="#[ca]">&gt;&gt;</a>&nbsp;&nbsp;&nbsp;sl_Start
</UL>

<P><STRONG><a name="[74]"></a>CC3100_RegisterInterruptHandler</STRONG> (Thumb, 82 bytes, Stack size 24 bytes, cc_pal.o(i.CC3100_RegisterInterruptHandler))
<BR><BR>[Stack]<UL><LI>Max Depth = 36<LI>Call Chain = CC3100_RegisterInterruptHandler &rArr; EXTI_Init
</UL>
<BR>[Calls]<UL><LI><a href="#[75]">&gt;&gt;</a>&nbsp;&nbsp;&nbsp;EXTI_StructInit
<LI><a href="#[77]">&gt;&gt;</a>&nbsp;&nbsp;&nbsp;EXTI_Init
<LI><a href="#[70]">&gt;&gt;</a>&nbsp;&nbsp;&nbsp;EXTI_ClearITPendingBit
<LI><a href="#[78]">&gt;&gt;</a>&nbsp;&nbsp;&nbsp;Driver_IntUnregister
<LI><a href="#[76]">&gt;&gt;</a>&nbsp;&nbsp;&nbsp;Driver_IntRegister
</UL>
<BR>[Called By]<UL><LI><a href="#[cc]">&gt;&gt;</a>&nbsp;&nbsp;&nbsp;sl_Stop
<LI><a href="#[ca]">&gt;&gt;</a>&nbsp;&nbsp;&nbsp;sl_Start
</UL>

<P><STRONG><a name="[b7]"></a>CC3100_UnMaskInterrupt</STRONG> (Thumb, 12 bytes, Stack size 0 bytes, cc_pal.o(i.CC3100_UnMaskInterrupt))
<BR><BR>[Called By]<UL><LI><a href="#[b3]">&gt;&gt;</a>&nbsp;&nbsp;&nbsp;_SlDrvMsgRead
</UL>

<P><STRONG><a name="[c2]"></a>CopyPingResultsToReport</STRONG> (Thumb, 26 bytes, Stack size 0 bytes, netapp.o(i.CopyPingResultsToReport))
<BR><BR>[Called By]<UL><LI><a href="#[c7]">&gt;&gt;</a>&nbsp;&nbsp;&nbsp;sl_NetAppPingStart
<LI><a href="#[60]">&gt;&gt;</a>&nbsp;&nbsp;&nbsp;_sl_HandleAsync_PingResponse
</UL>

<P><STRONG><a name="[c]"></a>DebugMon_Handler</STRONG> (Thumb, 2 bytes, Stack size 0 bytes, stm32f10x_it.o(i.DebugMon_Handler))
<BR>[Address Reference Count : 1]<UL><LI> startup_stm32f10x_freertos.o(RESET)
</UL>
<P><STRONG><a name="[79]"></a>Dirver_UsartNVICInit</STRONG> (Thumb, 116 bytes, Stack size 24 bytes, stm32f10x_wtd_usart.o(i.Dirver_UsartNVICInit))
<BR><BR>[Stack]<UL><LI>Max Depth = 40<LI>Call Chain = Dirver_UsartNVICInit &rArr; NVIC_Init
</UL>
<BR>[Calls]<UL><LI><a href="#[7a]">&gt;&gt;</a>&nbsp;&nbsp;&nbsp;NVIC_PriorityGroupConfig
<LI><a href="#[6e]">&gt;&gt;</a>&nbsp;&nbsp;&nbsp;NVIC_Init
<LI><a href="#[7c]">&gt;&gt;</a>&nbsp;&nbsp;&nbsp;USART_ITConfig
<LI><a href="#[7b]">&gt;&gt;</a>&nbsp;&nbsp;&nbsp;USART_ClearITPendingBit
</UL>
<BR>[Called By]<UL><LI><a href="#[91]">&gt;&gt;</a>&nbsp;&nbsp;&nbsp;Driver_UsartInit
</UL>

<P><STRONG><a name="[76]"></a>Driver_IntRegister</STRONG> (Thumb, 12 bytes, Stack size 0 bytes, stm32f10x_wtd_int.o(i.Driver_IntRegister))
<BR><BR>[Called By]<UL><LI><a href="#[74]">&gt;&gt;</a>&nbsp;&nbsp;&nbsp;CC3100_RegisterInterruptHandler
</UL>

<P><STRONG><a name="[7d]"></a>Driver_IntRelocate</STRONG> (Thumb, 28 bytes, Stack size 8 bytes, stm32f10x_wtd_int.o(i.Driver_IntRelocate))
<BR><BR>[Stack]<UL><LI>Max Depth = 8<LI>Call Chain = Driver_IntRelocate
</UL>
<BR>[Calls]<UL><LI><a href="#[7f]">&gt;&gt;</a>&nbsp;&nbsp;&nbsp;NVIC_SetVectorTable
<LI><a href="#[7e]">&gt;&gt;</a>&nbsp;&nbsp;&nbsp;__aeabi_memcpy
</UL>
<BR>[Called By]<UL><LI><a href="#[eb]">&gt;&gt;</a>&nbsp;&nbsp;&nbsp;prvSetupHardware
</UL>

<P><STRONG><a name="[78]"></a>Driver_IntUnregister</STRONG> (Thumb, 14 bytes, Stack size 0 bytes, stm32f10x_wtd_int.o(i.Driver_IntUnregister))
<BR><BR>[Called By]<UL><LI><a href="#[74]">&gt;&gt;</a>&nbsp;&nbsp;&nbsp;CC3100_RegisterInterruptHandler
</UL>

<P><STRONG><a name="[80]"></a>Driver_Spi_Close</STRONG> (Thumb, 10 bytes, Stack size 8 bytes, stm32f10x_wtd_spi.o(i.Driver_Spi_Close))
<BR><BR>[Stack]<UL><LI>Max Depth = 16<LI>Call Chain = Driver_Spi_Close &rArr; Driver_Spi_DeInit
</UL>
<BR>[Calls]<UL><LI><a href="#[81]">&gt;&gt;</a>&nbsp;&nbsp;&nbsp;Driver_Spi_DeInit
</UL>
<BR>[Called By]<UL><LI><a href="#[cc]">&gt;&gt;</a>&nbsp;&nbsp;&nbsp;sl_Stop
</UL>

<P><STRONG><a name="[81]"></a>Driver_Spi_DeInit</STRONG> (Thumb, 24 bytes, Stack size 8 bytes, stm32f10x_wtd_spi.o(i.Driver_Spi_DeInit))
<BR><BR>[Stack]<UL><LI>Max Depth = 8<LI>Call Chain = Driver_Spi_DeInit
</UL>
<BR>[Calls]<UL><LI><a href="#[82]">&gt;&gt;</a>&nbsp;&nbsp;&nbsp;SPI_SSOutputCmd
<LI><a href="#[83]">&gt;&gt;</a>&nbsp;&nbsp;&nbsp;SPI_Cmd
</UL>
<BR>[Called By]<UL><LI><a href="#[80]">&gt;&gt;</a>&nbsp;&nbsp;&nbsp;Driver_Spi_Close
</UL>

<P><STRONG><a name="[84]"></a>Driver_Spi_Init</STRONG> (Thumb, 180 bytes, Stack size 32 bytes, stm32f10x_wtd_spi.o(i.Driver_Spi_Init))
<BR><BR>[Stack]<UL><LI>Max Depth = 56<LI>Call Chain = Driver_Spi_Init &rArr; GPIO_Init
</UL>
<BR>[Calls]<UL><LI><a href="#[6b]">&gt;&gt;</a>&nbsp;&nbsp;&nbsp;GPIO_Init
<LI><a href="#[85]">&gt;&gt;</a>&nbsp;&nbsp;&nbsp;SPI_StructInit
<LI><a href="#[87]">&gt;&gt;</a>&nbsp;&nbsp;&nbsp;SPI_Init
<LI><a href="#[83]">&gt;&gt;</a>&nbsp;&nbsp;&nbsp;SPI_Cmd
<LI><a href="#[6a]">&gt;&gt;</a>&nbsp;&nbsp;&nbsp;RCC_APB2PeriphClockCmd
<LI><a href="#[86]">&gt;&gt;</a>&nbsp;&nbsp;&nbsp;RCC_APB1PeriphClockCmd
</UL>
<BR>[Called By]<UL><LI><a href="#[88]">&gt;&gt;</a>&nbsp;&nbsp;&nbsp;Driver_Spi_Open
</UL>

<P><STRONG><a name="[88]"></a>Driver_Spi_Open</STRONG> (Thumb, 18 bytes, Stack size 8 bytes, stm32f10x_wtd_spi.o(i.Driver_Spi_Open))
<BR><BR>[Stack]<UL><LI>Max Depth = 64<LI>Call Chain = Driver_Spi_Open &rArr; Driver_Spi_Init &rArr; GPIO_Init
</UL>
<BR>[Calls]<UL><LI><a href="#[84]">&gt;&gt;</a>&nbsp;&nbsp;&nbsp;Driver_Spi_Init
</UL>
<BR>[Called By]<UL><LI><a href="#[ca]">&gt;&gt;</a>&nbsp;&nbsp;&nbsp;sl_Start
</UL>

<P><STRONG><a name="[89]"></a>Driver_Spi_Read</STRONG> (Thumb, 96 bytes, Stack size 24 bytes, stm32f10x_wtd_spi.o(i.Driver_Spi_Read))
<BR><BR>[Stack]<UL><LI>Max Depth = 24<LI>Call Chain = Driver_Spi_Read
</UL>
<BR>[Calls]<UL><LI><a href="#[73]">&gt;&gt;</a>&nbsp;&nbsp;&nbsp;GPIO_SetBits
<LI><a href="#[6c]">&gt;&gt;</a>&nbsp;&nbsp;&nbsp;GPIO_ResetBits
<LI><a href="#[8b]">&gt;&gt;</a>&nbsp;&nbsp;&nbsp;SPI_I2S_SendData
<LI><a href="#[8c]">&gt;&gt;</a>&nbsp;&nbsp;&nbsp;SPI_I2S_ReceiveData
<LI><a href="#[8a]">&gt;&gt;</a>&nbsp;&nbsp;&nbsp;SPI_I2S_GetFlagStatus
</UL>
<BR>[Called By]<UL><LI><a href="#[b4]">&gt;&gt;</a>&nbsp;&nbsp;&nbsp;_SlDrvRxHdrRead
<LI><a href="#[b3]">&gt;&gt;</a>&nbsp;&nbsp;&nbsp;_SlDrvMsgRead
</UL>

<P><STRONG><a name="[8d]"></a>Driver_Spi_Write</STRONG> (Thumb, 94 bytes, Stack size 24 bytes, stm32f10x_wtd_spi.o(i.Driver_Spi_Write))
<BR><BR>[Stack]<UL><LI>Max Depth = 24<LI>Call Chain = Driver_Spi_Write
</UL>
<BR>[Calls]<UL><LI><a href="#[73]">&gt;&gt;</a>&nbsp;&nbsp;&nbsp;GPIO_SetBits
<LI><a href="#[6c]">&gt;&gt;</a>&nbsp;&nbsp;&nbsp;GPIO_ResetBits
<LI><a href="#[8b]">&gt;&gt;</a>&nbsp;&nbsp;&nbsp;SPI_I2S_SendData
<LI><a href="#[8c]">&gt;&gt;</a>&nbsp;&nbsp;&nbsp;SPI_I2S_ReceiveData
<LI><a href="#[8a]">&gt;&gt;</a>&nbsp;&nbsp;&nbsp;SPI_I2S_GetFlagStatus
</UL>
<BR>[Called By]<UL><LI><a href="#[b4]">&gt;&gt;</a>&nbsp;&nbsp;&nbsp;_SlDrvRxHdrRead
<LI><a href="#[a8]">&gt;&gt;</a>&nbsp;&nbsp;&nbsp;_SlDrvMsgWrite
</UL>

<P><STRONG><a name="[8e]"></a>Driver_USART1InterrupHandler</STRONG> (Thumb, 88 bytes, Stack size 16 bytes, stm32f10x_wtd_usart.o(i.Driver_USART1InterrupHandler))
<BR><BR>[Stack]<UL><LI>Max Depth = 32<LI>Call Chain = Driver_USART1InterrupHandler &rArr; USART_GetITStatus
</UL>
<BR>[Calls]<UL><LI><a href="#[7c]">&gt;&gt;</a>&nbsp;&nbsp;&nbsp;USART_ITConfig
<LI><a href="#[8f]">&gt;&gt;</a>&nbsp;&nbsp;&nbsp;USART_GetITStatus
<LI><a href="#[7b]">&gt;&gt;</a>&nbsp;&nbsp;&nbsp;USART_ClearITPendingBit
</UL>
<BR>[Called By]<UL><LI><a href="#[34]">&gt;&gt;</a>&nbsp;&nbsp;&nbsp;USART1_IRQHandler
</UL>

<P><STRONG><a name="[106]"></a>Driver_UsartDebugPortSet</STRONG> (Thumb, 6 bytes, Stack size 0 bytes, stm32f10x_wtd_usart.o(i.Driver_UsartDebugPortSet))
<BR><BR>[Called By]<UL><LI><a href="#[eb]">&gt;&gt;</a>&nbsp;&nbsp;&nbsp;prvSetupHardware
</UL>

<P><STRONG><a name="[90]"></a>Driver_UsartGPIOInit</STRONG> (Thumb, 146 bytes, Stack size 24 bytes, stm32f10x_wtd_usart.o(i.Driver_UsartGPIOInit))
<BR><BR>[Stack]<UL><LI>Max Depth = 48<LI>Call Chain = Driver_UsartGPIOInit &rArr; GPIO_Init
</UL>
<BR>[Calls]<UL><LI><a href="#[6b]">&gt;&gt;</a>&nbsp;&nbsp;&nbsp;GPIO_Init
<LI><a href="#[6a]">&gt;&gt;</a>&nbsp;&nbsp;&nbsp;RCC_APB2PeriphClockCmd
</UL>
<BR>[Called By]<UL><LI><a href="#[91]">&gt;&gt;</a>&nbsp;&nbsp;&nbsp;Driver_UsartInit
</UL>

<P><STRONG><a name="[91]"></a>Driver_UsartInit</STRONG> (Thumb, 138 bytes, Stack size 40 bytes, stm32f10x_wtd_usart.o(i.Driver_UsartInit))
<BR><BR>[Stack]<UL><LI>Max Depth = 88<LI>Call Chain = Driver_UsartInit &rArr; Driver_UsartGPIOInit &rArr; GPIO_Init
</UL>
<BR>[Calls]<UL><LI><a href="#[6a]">&gt;&gt;</a>&nbsp;&nbsp;&nbsp;RCC_APB2PeriphClockCmd
<LI><a href="#[86]">&gt;&gt;</a>&nbsp;&nbsp;&nbsp;RCC_APB1PeriphClockCmd
<LI><a href="#[92]">&gt;&gt;</a>&nbsp;&nbsp;&nbsp;USART_StructInit
<LI><a href="#[94]">&gt;&gt;</a>&nbsp;&nbsp;&nbsp;USART_Init
<LI><a href="#[93]">&gt;&gt;</a>&nbsp;&nbsp;&nbsp;USART_Cmd
<LI><a href="#[95]">&gt;&gt;</a>&nbsp;&nbsp;&nbsp;USART_ClearFlag
<LI><a href="#[90]">&gt;&gt;</a>&nbsp;&nbsp;&nbsp;Driver_UsartGPIOInit
<LI><a href="#[79]">&gt;&gt;</a>&nbsp;&nbsp;&nbsp;Dirver_UsartNVICInit
</UL>
<BR>[Called By]<UL><LI><a href="#[eb]">&gt;&gt;</a>&nbsp;&nbsp;&nbsp;prvSetupHardware
</UL>

<P><STRONG><a name="[96]"></a>E2P_Init</STRONG> (Thumb, 70 bytes, Stack size 16 bytes, stm32f10x_wtd_eeprom.o(i.E2P_Init))
<BR><BR>[Stack]<UL><LI>Max Depth = 40<LI>Call Chain = E2P_Init &rArr; GPIO_Init
</UL>
<BR>[Calls]<UL><LI><a href="#[73]">&gt;&gt;</a>&nbsp;&nbsp;&nbsp;GPIO_SetBits
<LI><a href="#[6b]">&gt;&gt;</a>&nbsp;&nbsp;&nbsp;GPIO_Init
<LI><a href="#[6a]">&gt;&gt;</a>&nbsp;&nbsp;&nbsp;RCC_APB2PeriphClockCmd
</UL>
<BR>[Called By]<UL><LI><a href="#[3a]">&gt;&gt;</a>&nbsp;&nbsp;&nbsp;main
</UL>

<P><STRONG><a name="[15]"></a>EXTI0_IRQHandler</STRONG> (Thumb, 2 bytes, Stack size 0 bytes, stm32f10x_it.o(i.EXTI0_IRQHandler))
<BR>[Address Reference Count : 1]<UL><LI> startup_stm32f10x_freertos.o(RESET)
</UL>
<P><STRONG><a name="[70]"></a>EXTI_ClearITPendingBit</STRONG> (Thumb, 6 bytes, Stack size 0 bytes, stm32f10x_exti.o(i.EXTI_ClearITPendingBit))
<BR><BR>[Called By]<UL><LI><a href="#[6f]">&gt;&gt;</a>&nbsp;&nbsp;&nbsp;CC3100_MaskInterrupt
<LI><a href="#[74]">&gt;&gt;</a>&nbsp;&nbsp;&nbsp;CC3100_RegisterInterruptHandler
</UL>

<P><STRONG><a name="[77]"></a>EXTI_Init</STRONG> (Thumb, 128 bytes, Stack size 12 bytes, stm32f10x_exti.o(i.EXTI_Init))
<BR><BR>[Stack]<UL><LI>Max Depth = 12<LI>Call Chain = EXTI_Init
</UL>
<BR>[Called By]<UL><LI><a href="#[74]">&gt;&gt;</a>&nbsp;&nbsp;&nbsp;CC3100_RegisterInterruptHandler
</UL>

<P><STRONG><a name="[75]"></a>EXTI_StructInit</STRONG> (Thumb, 14 bytes, Stack size 0 bytes, stm32f10x_exti.o(i.EXTI_StructInit))
<BR><BR>[Called By]<UL><LI><a href="#[74]">&gt;&gt;</a>&nbsp;&nbsp;&nbsp;CC3100_RegisterInterruptHandler
</UL>

<P><STRONG><a name="[6d]"></a>GPIO_EXTILineConfig</STRONG> (Thumb, 34 bytes, Stack size 8 bytes, stm32f10x_gpio.o(i.GPIO_EXTILineConfig))
<BR><BR>[Stack]<UL><LI>Max Depth = 8<LI>Call Chain = GPIO_EXTILineConfig
</UL>
<BR>[Called By]<UL><LI><a href="#[69]">&gt;&gt;</a>&nbsp;&nbsp;&nbsp;CC3100_HWInit
</UL>

<P><STRONG><a name="[6b]"></a>GPIO_Init</STRONG> (Thumb, 164 bytes, Stack size 24 bytes, stm32f10x_gpio.o(i.GPIO_Init))
<BR><BR>[Stack]<UL><LI>Max Depth = 24<LI>Call Chain = GPIO_Init
</UL>
<BR>[Called By]<UL><LI><a href="#[69]">&gt;&gt;</a>&nbsp;&nbsp;&nbsp;CC3100_HWInit
<LI><a href="#[96]">&gt;&gt;</a>&nbsp;&nbsp;&nbsp;E2P_Init
<LI><a href="#[d9]">&gt;&gt;</a>&nbsp;&nbsp;&nbsp;xMBPortSerialInit
<LI><a href="#[90]">&gt;&gt;</a>&nbsp;&nbsp;&nbsp;Driver_UsartGPIOInit
<LI><a href="#[84]">&gt;&gt;</a>&nbsp;&nbsp;&nbsp;Driver_Spi_Init
</UL>

<P><STRONG><a name="[6c]"></a>GPIO_ResetBits</STRONG> (Thumb, 4 bytes, Stack size 0 bytes, stm32f10x_gpio.o(i.GPIO_ResetBits))
<BR><BR>[Called By]<UL><LI><a href="#[69]">&gt;&gt;</a>&nbsp;&nbsp;&nbsp;CC3100_HWInit
<LI><a href="#[d9]">&gt;&gt;</a>&nbsp;&nbsp;&nbsp;xMBPortSerialInit
<LI><a href="#[dd]">&gt;&gt;</a>&nbsp;&nbsp;&nbsp;vMBPortSerialEnable
<LI><a href="#[8d]">&gt;&gt;</a>&nbsp;&nbsp;&nbsp;Driver_Spi_Write
<LI><a href="#[89]">&gt;&gt;</a>&nbsp;&nbsp;&nbsp;Driver_Spi_Read
<LI><a href="#[71]">&gt;&gt;</a>&nbsp;&nbsp;&nbsp;CC3100_PowerOff
</UL>

<P><STRONG><a name="[73]"></a>GPIO_SetBits</STRONG> (Thumb, 4 bytes, Stack size 0 bytes, stm32f10x_gpio.o(i.GPIO_SetBits))
<BR><BR>[Called By]<UL><LI><a href="#[96]">&gt;&gt;</a>&nbsp;&nbsp;&nbsp;E2P_Init
<LI><a href="#[dd]">&gt;&gt;</a>&nbsp;&nbsp;&nbsp;vMBPortSerialEnable
<LI><a href="#[8d]">&gt;&gt;</a>&nbsp;&nbsp;&nbsp;Driver_Spi_Write
<LI><a href="#[89]">&gt;&gt;</a>&nbsp;&nbsp;&nbsp;Driver_Spi_Read
<LI><a href="#[72]">&gt;&gt;</a>&nbsp;&nbsp;&nbsp;CC3100_PowerOn
</UL>

<P><STRONG><a name="[7]"></a>HardFault_Handler</STRONG> (Thumb, 2 bytes, Stack size 0 bytes, stm32f10x_it.o(i.HardFault_Handler))
<BR><BR>[Calls]<UL><LI><a href="#[7]">&gt;&gt;</a>&nbsp;&nbsp;&nbsp;HardFault_Handler
</UL>
<BR>[Called By]<UL><LI><a href="#[7]">&gt;&gt;</a>&nbsp;&nbsp;&nbsp;HardFault_Handler
</UL>
<BR>[Address Reference Count : 1]<UL><LI> startup_stm32f10x_freertos.o(RESET)
</UL>
<P><STRONG><a name="[8]"></a>MemManage_Handler</STRONG> (Thumb, 2 bytes, Stack size 0 bytes, stm32f10x_it.o(i.MemManage_Handler))
<BR><BR>[Calls]<UL><LI><a href="#[8]">&gt;&gt;</a>&nbsp;&nbsp;&nbsp;MemManage_Handler
</UL>
<BR>[Called By]<UL><LI><a href="#[8]">&gt;&gt;</a>&nbsp;&nbsp;&nbsp;MemManage_Handler
</UL>
<BR>[Address Reference Count : 1]<UL><LI> startup_stm32f10x_freertos.o(RESET)
</UL>
<P><STRONG><a name="[6]"></a>NMI_Handler</STRONG> (Thumb, 2 bytes, Stack size 0 bytes, stm32f10x_it.o(i.NMI_Handler))
<BR>[Address Reference Count : 1]<UL><LI> startup_stm32f10x_freertos.o(RESET)
</UL>
<P><STRONG><a name="[6e]"></a>NVIC_Init</STRONG> (Thumb, 92 bytes, Stack size 16 bytes, misc.o(i.NVIC_Init))
<BR><BR>[Stack]<UL><LI>Max Depth = 16<LI>Call Chain = NVIC_Init
</UL>
<BR>[Called By]<UL><LI><a href="#[69]">&gt;&gt;</a>&nbsp;&nbsp;&nbsp;CC3100_HWInit
<LI><a href="#[da]">&gt;&gt;</a>&nbsp;&nbsp;&nbsp;xMBPortTimersInit
<LI><a href="#[d9]">&gt;&gt;</a>&nbsp;&nbsp;&nbsp;xMBPortSerialInit
<LI><a href="#[79]">&gt;&gt;</a>&nbsp;&nbsp;&nbsp;Dirver_UsartNVICInit
</UL>

<P><STRONG><a name="[7a]"></a>NVIC_PriorityGroupConfig</STRONG> (Thumb, 10 bytes, Stack size 0 bytes, misc.o(i.NVIC_PriorityGroupConfig))
<BR><BR>[Called By]<UL><LI><a href="#[eb]">&gt;&gt;</a>&nbsp;&nbsp;&nbsp;prvSetupHardware
<LI><a href="#[79]">&gt;&gt;</a>&nbsp;&nbsp;&nbsp;Dirver_UsartNVICInit
</UL>

<P><STRONG><a name="[7f]"></a>NVIC_SetVectorTable</STRONG> (Thumb, 12 bytes, Stack size 0 bytes, misc.o(i.NVIC_SetVectorTable))
<BR><BR>[Called By]<UL><LI><a href="#[7d]">&gt;&gt;</a>&nbsp;&nbsp;&nbsp;Driver_IntRelocate
<LI><a href="#[eb]">&gt;&gt;</a>&nbsp;&nbsp;&nbsp;prvSetupHardware
</UL>

<P><STRONG><a name="[86]"></a>RCC_APB1PeriphClockCmd</STRONG> (Thumb, 18 bytes, Stack size 0 bytes, stm32f10x_rcc.o(i.RCC_APB1PeriphClockCmd))
<BR><BR>[Called By]<UL><LI><a href="#[91]">&gt;&gt;</a>&nbsp;&nbsp;&nbsp;Driver_UsartInit
<LI><a href="#[eb]">&gt;&gt;</a>&nbsp;&nbsp;&nbsp;prvSetupHardware
<LI><a href="#[da]">&gt;&gt;</a>&nbsp;&nbsp;&nbsp;xMBPortTimersInit
<LI><a href="#[d9]">&gt;&gt;</a>&nbsp;&nbsp;&nbsp;xMBPortSerialInit
<LI><a href="#[114]">&gt;&gt;</a>&nbsp;&nbsp;&nbsp;vMBPortTimerClose
<LI><a href="#[113]">&gt;&gt;</a>&nbsp;&nbsp;&nbsp;vMBPortSerialClose
<LI><a href="#[84]">&gt;&gt;</a>&nbsp;&nbsp;&nbsp;Driver_Spi_Init
</UL>

<P><STRONG><a name="[9e]"></a>RCC_APB1PeriphResetCmd</STRONG> (Thumb, 18 bytes, Stack size 0 bytes, stm32f10x_rcc.o(i.RCC_APB1PeriphResetCmd))
<BR><BR>[Called By]<UL><LI><a href="#[9d]">&gt;&gt;</a>&nbsp;&nbsp;&nbsp;TIM_DeInit
</UL>

<P><STRONG><a name="[6a]"></a>RCC_APB2PeriphClockCmd</STRONG> (Thumb, 18 bytes, Stack size 0 bytes, stm32f10x_rcc.o(i.RCC_APB2PeriphClockCmd))
<BR><BR>[Called By]<UL><LI><a href="#[69]">&gt;&gt;</a>&nbsp;&nbsp;&nbsp;CC3100_HWInit
<LI><a href="#[96]">&gt;&gt;</a>&nbsp;&nbsp;&nbsp;E2P_Init
<LI><a href="#[91]">&gt;&gt;</a>&nbsp;&nbsp;&nbsp;Driver_UsartInit
<LI><a href="#[eb]">&gt;&gt;</a>&nbsp;&nbsp;&nbsp;prvSetupHardware
<LI><a href="#[d9]">&gt;&gt;</a>&nbsp;&nbsp;&nbsp;xMBPortSerialInit
<LI><a href="#[113]">&gt;&gt;</a>&nbsp;&nbsp;&nbsp;vMBPortSerialClose
<LI><a href="#[90]">&gt;&gt;</a>&nbsp;&nbsp;&nbsp;Driver_UsartGPIOInit
<LI><a href="#[84]">&gt;&gt;</a>&nbsp;&nbsp;&nbsp;Driver_Spi_Init
</UL>

<P><STRONG><a name="[9f]"></a>RCC_APB2PeriphResetCmd</STRONG> (Thumb, 18 bytes, Stack size 0 bytes, stm32f10x_rcc.o(i.RCC_APB2PeriphResetCmd))
<BR><BR>[Called By]<UL><LI><a href="#[9d]">&gt;&gt;</a>&nbsp;&nbsp;&nbsp;TIM_DeInit
</UL>

<P><STRONG><a name="[fb]"></a>RCC_DeInit</STRONG> (Thumb, 50 bytes, Stack size 0 bytes, stm32f10x_rcc.o(i.RCC_DeInit))
<BR><BR>[Called By]<UL><LI><a href="#[eb]">&gt;&gt;</a>&nbsp;&nbsp;&nbsp;prvSetupHardware
</UL>

<P><STRONG><a name="[a1]"></a>RCC_GetClocksFreq</STRONG> (Thumb, 138 bytes, Stack size 8 bytes, stm32f10x_rcc.o(i.RCC_GetClocksFreq))
<BR><BR>[Stack]<UL><LI>Max Depth = 8<LI>Call Chain = RCC_GetClocksFreq
</UL>
<BR>[Called By]<UL><LI><a href="#[94]">&gt;&gt;</a>&nbsp;&nbsp;&nbsp;USART_Init
</UL>

<P><STRONG><a name="[fd]"></a>RCC_GetFlagStatus</STRONG> (Thumb, 44 bytes, Stack size 0 bytes, stm32f10x_rcc.o(i.RCC_GetFlagStatus))
<BR><BR>[Called By]<UL><LI><a href="#[eb]">&gt;&gt;</a>&nbsp;&nbsp;&nbsp;prvSetupHardware
</UL>

<P><STRONG><a name="[104]"></a>RCC_GetSYSCLKSource</STRONG> (Thumb, 10 bytes, Stack size 0 bytes, stm32f10x_rcc.o(i.RCC_GetSYSCLKSource))
<BR><BR>[Called By]<UL><LI><a href="#[eb]">&gt;&gt;</a>&nbsp;&nbsp;&nbsp;prvSetupHardware
</UL>

<P><STRONG><a name="[fe]"></a>RCC_HCLKConfig</STRONG> (Thumb, 14 bytes, Stack size 0 bytes, stm32f10x_rcc.o(i.RCC_HCLKConfig))
<BR><BR>[Called By]<UL><LI><a href="#[eb]">&gt;&gt;</a>&nbsp;&nbsp;&nbsp;prvSetupHardware
</UL>

<P><STRONG><a name="[fc]"></a>RCC_HSEConfig</STRONG> (Thumb, 48 bytes, Stack size 0 bytes, stm32f10x_rcc.o(i.RCC_HSEConfig))
<BR><BR>[Called By]<UL><LI><a href="#[eb]">&gt;&gt;</a>&nbsp;&nbsp;&nbsp;prvSetupHardware
</UL>

<P><STRONG><a name="[100]"></a>RCC_PCLK1Config</STRONG> (Thumb, 14 bytes, Stack size 0 bytes, stm32f10x_rcc.o(i.RCC_PCLK1Config))
<BR><BR>[Called By]<UL><LI><a href="#[eb]">&gt;&gt;</a>&nbsp;&nbsp;&nbsp;prvSetupHardware
</UL>

<P><STRONG><a name="[ff]"></a>RCC_PCLK2Config</STRONG> (Thumb, 16 bytes, Stack size 0 bytes, stm32f10x_rcc.o(i.RCC_PCLK2Config))
<BR><BR>[Called By]<UL><LI><a href="#[eb]">&gt;&gt;</a>&nbsp;&nbsp;&nbsp;prvSetupHardware
</UL>

<P><STRONG><a name="[102]"></a>RCC_PLLCmd</STRONG> (Thumb, 6 bytes, Stack size 0 bytes, stm32f10x_rcc.o(i.RCC_PLLCmd))
<BR><BR>[Called By]<UL><LI><a href="#[eb]">&gt;&gt;</a>&nbsp;&nbsp;&nbsp;prvSetupHardware
</UL>

<P><STRONG><a name="[101]"></a>RCC_PLLConfig</STRONG> (Thumb, 16 bytes, Stack size 0 bytes, stm32f10x_rcc.o(i.RCC_PLLConfig))
<BR><BR>[Called By]<UL><LI><a href="#[eb]">&gt;&gt;</a>&nbsp;&nbsp;&nbsp;prvSetupHardware
</UL>

<P><STRONG><a name="[103]"></a>RCC_SYSCLKConfig</STRONG> (Thumb, 14 bytes, Stack size 0 bytes, stm32f10x_rcc.o(i.RCC_SYSCLKConfig))
<BR><BR>[Called By]<UL><LI><a href="#[eb]">&gt;&gt;</a>&nbsp;&nbsp;&nbsp;prvSetupHardware
</UL>

<P><STRONG><a name="[83]"></a>SPI_Cmd</STRONG> (Thumb, 20 bytes, Stack size 0 bytes, stm32f10x_spi.o(i.SPI_Cmd))
<BR><BR>[Called By]<UL><LI><a href="#[84]">&gt;&gt;</a>&nbsp;&nbsp;&nbsp;Driver_Spi_Init
<LI><a href="#[81]">&gt;&gt;</a>&nbsp;&nbsp;&nbsp;Driver_Spi_DeInit
</UL>

<P><STRONG><a name="[8a]"></a>SPI_I2S_GetFlagStatus</STRONG> (Thumb, 14 bytes, Stack size 0 bytes, stm32f10x_spi.o(i.SPI_I2S_GetFlagStatus))
<BR><BR>[Called By]<UL><LI><a href="#[8d]">&gt;&gt;</a>&nbsp;&nbsp;&nbsp;Driver_Spi_Write
<LI><a href="#[89]">&gt;&gt;</a>&nbsp;&nbsp;&nbsp;Driver_Spi_Read
</UL>

<P><STRONG><a name="[8c]"></a>SPI_I2S_ReceiveData</STRONG> (Thumb, 4 bytes, Stack size 0 bytes, stm32f10x_spi.o(i.SPI_I2S_ReceiveData))
<BR><BR>[Called By]<UL><LI><a href="#[8d]">&gt;&gt;</a>&nbsp;&nbsp;&nbsp;Driver_Spi_Write
<LI><a href="#[89]">&gt;&gt;</a>&nbsp;&nbsp;&nbsp;Driver_Spi_Read
</UL>

<P><STRONG><a name="[8b]"></a>SPI_I2S_SendData</STRONG> (Thumb, 4 bytes, Stack size 0 bytes, stm32f10x_spi.o(i.SPI_I2S_SendData))
<BR><BR>[Called By]<UL><LI><a href="#[8d]">&gt;&gt;</a>&nbsp;&nbsp;&nbsp;Driver_Spi_Write
<LI><a href="#[89]">&gt;&gt;</a>&nbsp;&nbsp;&nbsp;Driver_Spi_Read
</UL>

<P><STRONG><a name="[87]"></a>SPI_Init</STRONG> (Thumb, 56 bytes, Stack size 12 bytes, stm32f10x_spi.o(i.SPI_Init))
<BR><BR>[Stack]<UL><LI>Max Depth = 12<LI>Call Chain = SPI_Init
</UL>
<BR>[Called By]<UL><LI><a href="#[84]">&gt;&gt;</a>&nbsp;&nbsp;&nbsp;Driver_Spi_Init
</UL>

<P><STRONG><a name="[82]"></a>SPI_SSOutputCmd</STRONG> (Thumb, 20 bytes, Stack size 0 bytes, stm32f10x_spi.o(i.SPI_SSOutputCmd))
<BR><BR>[Called By]<UL><LI><a href="#[81]">&gt;&gt;</a>&nbsp;&nbsp;&nbsp;Driver_Spi_DeInit
</UL>

<P><STRONG><a name="[85]"></a>SPI_StructInit</STRONG> (Thumb, 24 bytes, Stack size 0 bytes, stm32f10x_spi.o(i.SPI_StructInit))
<BR><BR>[Called By]<UL><LI><a href="#[84]">&gt;&gt;</a>&nbsp;&nbsp;&nbsp;Driver_Spi_Init
</UL>

<P><STRONG><a name="[97]"></a>SimpleLinkGeneralEventHandler</STRONG> (Thumb, 6 bytes, Stack size 0 bytes, simplelink_app.o(i.SimpleLinkGeneralEventHandler))
<BR><BR>[Calls]<UL><LI><a href="#[98]">&gt;&gt;</a>&nbsp;&nbsp;&nbsp;__2printf
</UL>
<BR>[Called By]<UL><LI><a href="#[3f]">&gt;&gt;</a>&nbsp;&nbsp;&nbsp;_SlDrvDeviceEventHandler
</UL>

<P><STRONG><a name="[99]"></a>SimpleLinkHttpServerCallback</STRONG> (Thumb, 6 bytes, Stack size 0 bytes, simplelink_app.o(i.SimpleLinkHttpServerCallback))
<BR><BR>[Calls]<UL><LI><a href="#[98]">&gt;&gt;</a>&nbsp;&nbsp;&nbsp;__2printf
</UL>
<BR>[Called By]<UL><LI><a href="#[3e]">&gt;&gt;</a>&nbsp;&nbsp;&nbsp;_SlDrvNetAppEventHandler
</UL>

<P><STRONG><a name="[41]"></a>SimpleLinkNetAppEventHandler</STRONG> (Thumb, 44 bytes, Stack size 8 bytes, simplelink_app.o(i.SimpleLinkNetAppEventHandler))
<BR><BR>[Stack]<UL><LI>Max Depth = 8<LI>Call Chain = SimpleLinkNetAppEventHandler
</UL>
<BR>[Calls]<UL><LI><a href="#[98]">&gt;&gt;</a>&nbsp;&nbsp;&nbsp;__2printf
</UL>
<BR>[Address Reference Count : 1]<UL><LI> driver.o(i._SlDrvClassifyRxMsg)
</UL>
<P><STRONG><a name="[40]"></a>SimpleLinkWlanEventHandler</STRONG> (Thumb, 68 bytes, Stack size 8 bytes, simplelink_app.o(i.SimpleLinkWlanEventHandler))
<BR><BR>[Stack]<UL><LI>Max Depth = 8<LI>Call Chain = SimpleLinkWlanEventHandler
</UL>
<BR>[Calls]<UL><LI><a href="#[98]">&gt;&gt;</a>&nbsp;&nbsp;&nbsp;__2printf
</UL>
<BR>[Address Reference Count : 1]<UL><LI> driver.o(i._SlDrvClassifyRxMsg)
</UL>
<P><STRONG><a name="[105]"></a>SysTick_CLKSourceConfig</STRONG> (Thumb, 24 bytes, Stack size 0 bytes, misc.o(i.SysTick_CLKSourceConfig))
<BR><BR>[Called By]<UL><LI><a href="#[eb]">&gt;&gt;</a>&nbsp;&nbsp;&nbsp;prvSetupHardware
</UL>

<P><STRONG><a name="[e]"></a>SysTick_Handler</STRONG> (Thumb, 4 bytes, Stack size 0 bytes, stm32f10x_it.o(i.SysTick_Handler))
<BR><BR>[Stack]<UL><LI>Max Depth = 32<LI>Call Chain = SysTick_Handler &rArr; xPortSysTickHandler &rArr; xTaskIncrementTick
</UL>
<BR>[Calls]<UL><LI><a href="#[9a]">&gt;&gt;</a>&nbsp;&nbsp;&nbsp;xPortSysTickHandler
</UL>
<BR>[Address Reference Count : 1]<UL><LI> startup_stm32f10x_freertos.o(RESET)
</UL>
<P><STRONG><a name="[3b]"></a>SystemInit</STRONG> (Thumb, 64 bytes, Stack size 8 bytes, system_stm32f10x.o(i.SystemInit))
<BR><BR>[Stack]<UL><LI>Max Depth = 8<LI>Call Chain = SystemInit
</UL>
<BR>[Calls]<UL><LI><a href="#[9b]">&gt;&gt;</a>&nbsp;&nbsp;&nbsp;SetSysClockTo72
</UL>
<BR>[Address Reference Count : 1]<UL><LI> startup_stm32f10x_freertos.o(.text)
</UL>
<P><STRONG><a name="[2b]"></a>TIM2_IRQHandler</STRONG> (Thumb, 4 bytes, Stack size 0 bytes, stm32f10x_it.o(i.TIM2_IRQHandler))
<BR><BR>[Stack]<UL><LI>Max Depth = 8<LI>Call Chain = TIM2_IRQHandler &rArr; prvvMBTimerIRQHandler
</UL>
<BR>[Calls]<UL><LI><a href="#[9c]">&gt;&gt;</a>&nbsp;&nbsp;&nbsp;prvvMBTimerIRQHandler
</UL>
<BR>[Address Reference Count : 1]<UL><LI> startup_stm32f10x_freertos.o(RESET)
</UL>
<P><STRONG><a name="[130]"></a>TIM_ARRPreloadConfig</STRONG> (Thumb, 20 bytes, Stack size 0 bytes, stm32f10x_tim.o(i.TIM_ARRPreloadConfig))
<BR><BR>[Called By]<UL><LI><a href="#[da]">&gt;&gt;</a>&nbsp;&nbsp;&nbsp;xMBPortTimersInit
</UL>

<P><STRONG><a name="[118]"></a>TIM_ClearFlag</STRONG> (Thumb, 6 bytes, Stack size 0 bytes, stm32f10x_tim.o(i.TIM_ClearFlag))
<BR><BR>[Called By]<UL><LI><a href="#[11a]">&gt;&gt;</a>&nbsp;&nbsp;&nbsp;vMBPortTimersEnable
<LI><a href="#[df]">&gt;&gt;</a>&nbsp;&nbsp;&nbsp;vMBPortTimersDisable
<LI><a href="#[114]">&gt;&gt;</a>&nbsp;&nbsp;&nbsp;vMBPortTimerClose
</UL>

<P><STRONG><a name="[10e]"></a>TIM_ClearITPendingBit</STRONG> (Thumb, 6 bytes, Stack size 0 bytes, stm32f10x_tim.o(i.TIM_ClearITPendingBit))
<BR><BR>[Called By]<UL><LI><a href="#[9c]">&gt;&gt;</a>&nbsp;&nbsp;&nbsp;prvvMBTimerIRQHandler
</UL>

<P><STRONG><a name="[117]"></a>TIM_Cmd</STRONG> (Thumb, 20 bytes, Stack size 0 bytes, stm32f10x_tim.o(i.TIM_Cmd))
<BR><BR>[Called By]<UL><LI><a href="#[11a]">&gt;&gt;</a>&nbsp;&nbsp;&nbsp;vMBPortTimersEnable
<LI><a href="#[df]">&gt;&gt;</a>&nbsp;&nbsp;&nbsp;vMBPortTimersDisable
<LI><a href="#[114]">&gt;&gt;</a>&nbsp;&nbsp;&nbsp;vMBPortTimerClose
</UL>

<P><STRONG><a name="[9d]"></a>TIM_DeInit</STRONG> (Thumb, 304 bytes, Stack size 8 bytes, stm32f10x_tim.o(i.TIM_DeInit))
<BR><BR>[Stack]<UL><LI>Max Depth = 8<LI>Call Chain = TIM_DeInit
</UL>
<BR>[Calls]<UL><LI><a href="#[9e]">&gt;&gt;</a>&nbsp;&nbsp;&nbsp;RCC_APB1PeriphResetCmd
<LI><a href="#[9f]">&gt;&gt;</a>&nbsp;&nbsp;&nbsp;RCC_APB2PeriphResetCmd
</UL>
<BR>[Called By]<UL><LI><a href="#[da]">&gt;&gt;</a>&nbsp;&nbsp;&nbsp;xMBPortTimersInit
</UL>

<P><STRONG><a name="[10d]"></a>TIM_GetITStatus</STRONG> (Thumb, 22 bytes, Stack size 0 bytes, stm32f10x_tim.o(i.TIM_GetITStatus))
<BR><BR>[Called By]<UL><LI><a href="#[9c]">&gt;&gt;</a>&nbsp;&nbsp;&nbsp;prvvMBTimerIRQHandler
</UL>

<P><STRONG><a name="[119]"></a>TIM_ITConfig</STRONG> (Thumb, 16 bytes, Stack size 0 bytes, stm32f10x_tim.o(i.TIM_ITConfig))
<BR><BR>[Called By]<UL><LI><a href="#[11a]">&gt;&gt;</a>&nbsp;&nbsp;&nbsp;vMBPortTimersEnable
<LI><a href="#[df]">&gt;&gt;</a>&nbsp;&nbsp;&nbsp;vMBPortTimersDisable
<LI><a href="#[114]">&gt;&gt;</a>&nbsp;&nbsp;&nbsp;vMBPortTimerClose
</UL>

<P><STRONG><a name="[12d]"></a>TIM_InternalClockConfig</STRONG> (Thumb, 10 bytes, Stack size 0 bytes, stm32f10x_tim.o(i.TIM_InternalClockConfig))
<BR><BR>[Called By]<UL><LI><a href="#[da]">&gt;&gt;</a>&nbsp;&nbsp;&nbsp;xMBPortTimersInit
</UL>

<P><STRONG><a name="[11b]"></a>TIM_SetCounter</STRONG> (Thumb, 4 bytes, Stack size 0 bytes, stm32f10x_tim.o(i.TIM_SetCounter))
<BR><BR>[Called By]<UL><LI><a href="#[11a]">&gt;&gt;</a>&nbsp;&nbsp;&nbsp;vMBPortTimersEnable
</UL>

<P><STRONG><a name="[12f]"></a>TIM_TimeBaseInit</STRONG> (Thumb, 114 bytes, Stack size 12 bytes, stm32f10x_tim.o(i.TIM_TimeBaseInit))
<BR><BR>[Stack]<UL><LI>Max Depth = 12<LI>Call Chain = TIM_TimeBaseInit
</UL>
<BR>[Called By]<UL><LI><a href="#[da]">&gt;&gt;</a>&nbsp;&nbsp;&nbsp;xMBPortTimersInit
</UL>

<P><STRONG><a name="[12e]"></a>TIM_TimeBaseStructInit</STRONG> (Thumb, 18 bytes, Stack size 0 bytes, stm32f10x_tim.o(i.TIM_TimeBaseStructInit))
<BR><BR>[Called By]<UL><LI><a href="#[da]">&gt;&gt;</a>&nbsp;&nbsp;&nbsp;xMBPortTimersInit
</UL>

<P><STRONG><a name="[131]"></a>TIM_UpdateRequestConfig</STRONG> (Thumb, 20 bytes, Stack size 0 bytes, stm32f10x_tim.o(i.TIM_UpdateRequestConfig))
<BR><BR>[Called By]<UL><LI><a href="#[da]">&gt;&gt;</a>&nbsp;&nbsp;&nbsp;xMBPortTimersInit
</UL>

<P><STRONG><a name="[34]"></a>USART1_IRQHandler</STRONG> (Thumb, 4 bytes, Stack size 0 bytes, stm32f10x_it.o(i.USART1_IRQHandler))
<BR><BR>[Stack]<UL><LI>Max Depth = 32<LI>Call Chain = USART1_IRQHandler &rArr; Driver_USART1InterrupHandler &rArr; USART_GetITStatus
</UL>
<BR>[Calls]<UL><LI><a href="#[8e]">&gt;&gt;</a>&nbsp;&nbsp;&nbsp;Driver_USART1InterrupHandler
</UL>
<BR>[Address Reference Count : 1]<UL><LI> startup_stm32f10x_freertos.o(RESET)
</UL>
<P><STRONG><a name="[35]"></a>USART2_IRQHandler</STRONG> (Thumb, 4 bytes, Stack size 0 bytes, stm32f10x_it.o(i.USART2_IRQHandler))
<BR><BR>[Stack]<UL><LI>Max Depth = 128<LI>Call Chain = USART2_IRQHandler &rArr; prvvMBSerialIRQHandler &rArr; vMBPortWaitEnd &rArr; xQueueGenericSend &rArr; xTaskResumeAll &rArr; xTaskIncrementTick
</UL>
<BR>[Calls]<UL><LI><a href="#[a0]">&gt;&gt;</a>&nbsp;&nbsp;&nbsp;prvvMBSerialIRQHandler
</UL>
<BR>[Address Reference Count : 1]<UL><LI> startup_stm32f10x_freertos.o(RESET)
</UL>
<P><STRONG><a name="[95]"></a>USART_ClearFlag</STRONG> (Thumb, 6 bytes, Stack size 0 bytes, stm32f10x_usart.o(i.USART_ClearFlag))
<BR><BR>[Called By]<UL><LI><a href="#[91]">&gt;&gt;</a>&nbsp;&nbsp;&nbsp;Driver_UsartInit
<LI><a href="#[dd]">&gt;&gt;</a>&nbsp;&nbsp;&nbsp;vMBPortSerialEnable
</UL>

<P><STRONG><a name="[7b]"></a>USART_ClearITPendingBit</STRONG> (Thumb, 12 bytes, Stack size 0 bytes, stm32f10x_usart.o(i.USART_ClearITPendingBit))
<BR><BR>[Called By]<UL><LI><a href="#[a0]">&gt;&gt;</a>&nbsp;&nbsp;&nbsp;prvvMBSerialIRQHandler
<LI><a href="#[8e]">&gt;&gt;</a>&nbsp;&nbsp;&nbsp;Driver_USART1InterrupHandler
<LI><a href="#[dd]">&gt;&gt;</a>&nbsp;&nbsp;&nbsp;vMBPortSerialEnable
<LI><a href="#[79]">&gt;&gt;</a>&nbsp;&nbsp;&nbsp;Dirver_UsartNVICInit
</UL>

<P><STRONG><a name="[93]"></a>USART_Cmd</STRONG> (Thumb, 20 bytes, Stack size 0 bytes, stm32f10x_usart.o(i.USART_Cmd))
<BR><BR>[Called By]<UL><LI><a href="#[91]">&gt;&gt;</a>&nbsp;&nbsp;&nbsp;Driver_UsartInit
<LI><a href="#[d9]">&gt;&gt;</a>&nbsp;&nbsp;&nbsp;xMBPortSerialInit
<LI><a href="#[113]">&gt;&gt;</a>&nbsp;&nbsp;&nbsp;vMBPortSerialClose
</UL>

<P><STRONG><a name="[ea]"></a>USART_GetFlagStatus</STRONG> (Thumb, 14 bytes, Stack size 0 bytes, stm32f10x_usart.o(i.USART_GetFlagStatus))
<BR><BR>[Called By]<UL><LI><a href="#[43]">&gt;&gt;</a>&nbsp;&nbsp;&nbsp;fputc
</UL>

<P><STRONG><a name="[8f]"></a>USART_GetITStatus</STRONG> (Thumb, 62 bytes, Stack size 16 bytes, stm32f10x_usart.o(i.USART_GetITStatus))
<BR><BR>[Stack]<UL><LI>Max Depth = 16<LI>Call Chain = USART_GetITStatus
</UL>
<BR>[Called By]<UL><LI><a href="#[a0]">&gt;&gt;</a>&nbsp;&nbsp;&nbsp;prvvMBSerialIRQHandler
<LI><a href="#[8e]">&gt;&gt;</a>&nbsp;&nbsp;&nbsp;Driver_USART1InterrupHandler
</UL>

<P><STRONG><a name="[7c]"></a>USART_ITConfig</STRONG> (Thumb, 48 bytes, Stack size 8 bytes, stm32f10x_usart.o(i.USART_ITConfig))
<BR><BR>[Stack]<UL><LI>Max Depth = 8<LI>Call Chain = USART_ITConfig
</UL>
<BR>[Called By]<UL><LI><a href="#[a0]">&gt;&gt;</a>&nbsp;&nbsp;&nbsp;prvvMBSerialIRQHandler
<LI><a href="#[8e]">&gt;&gt;</a>&nbsp;&nbsp;&nbsp;Driver_USART1InterrupHandler
<LI><a href="#[dd]">&gt;&gt;</a>&nbsp;&nbsp;&nbsp;vMBPortSerialEnable
<LI><a href="#[79]">&gt;&gt;</a>&nbsp;&nbsp;&nbsp;Dirver_UsartNVICInit
</UL>

<P><STRONG><a name="[94]"></a>USART_Init</STRONG> (Thumb, 176 bytes, Stack size 32 bytes, stm32f10x_usart.o(i.USART_Init))
<BR><BR>[Stack]<UL><LI>Max Depth = 40<LI>Call Chain = USART_Init &rArr; RCC_GetClocksFreq
</UL>
<BR>[Calls]<UL><LI><a href="#[a1]">&gt;&gt;</a>&nbsp;&nbsp;&nbsp;RCC_GetClocksFreq
</UL>
<BR>[Called By]<UL><LI><a href="#[91]">&gt;&gt;</a>&nbsp;&nbsp;&nbsp;Driver_UsartInit
<LI><a href="#[d9]">&gt;&gt;</a>&nbsp;&nbsp;&nbsp;xMBPortSerialInit
</UL>

<P><STRONG><a name="[12c]"></a>USART_ReceiveData</STRONG> (Thumb, 8 bytes, Stack size 0 bytes, stm32f10x_usart.o(i.USART_ReceiveData))
<BR><BR>[Called By]<UL><LI><a href="#[127]">&gt;&gt;</a>&nbsp;&nbsp;&nbsp;xMBPortSerialGetByte
</UL>

<P><STRONG><a name="[e9]"></a>USART_SendData</STRONG> (Thumb, 8 bytes, Stack size 0 bytes, stm32f10x_usart.o(i.USART_SendData))
<BR><BR>[Called By]<UL><LI><a href="#[128]">&gt;&gt;</a>&nbsp;&nbsp;&nbsp;xMBPortSerialPutByte
<LI><a href="#[43]">&gt;&gt;</a>&nbsp;&nbsp;&nbsp;fputc
</UL>

<P><STRONG><a name="[92]"></a>USART_StructInit</STRONG> (Thumb, 22 bytes, Stack size 0 bytes, stm32f10x_usart.o(i.USART_StructInit))
<BR><BR>[Called By]<UL><LI><a href="#[91]">&gt;&gt;</a>&nbsp;&nbsp;&nbsp;Driver_UsartInit
<LI><a href="#[d9]">&gt;&gt;</a>&nbsp;&nbsp;&nbsp;xMBPortSerialInit
</UL>

<P><STRONG><a name="[a]"></a>UsageFault_Handler</STRONG> (Thumb, 2 bytes, Stack size 0 bytes, stm32f10x_it.o(i.UsageFault_Handler))
<BR><BR>[Calls]<UL><LI><a href="#[a]">&gt;&gt;</a>&nbsp;&nbsp;&nbsp;UsageFault_Handler
</UL>
<BR>[Called By]<UL><LI><a href="#[a]">&gt;&gt;</a>&nbsp;&nbsp;&nbsp;UsageFault_Handler
</UL>
<BR>[Address Reference Count : 1]<UL><LI> startup_stm32f10x_freertos.o(RESET)
</UL>
<P><STRONG><a name="[a2]"></a>_SlAsyncEventGenericHandler</STRONG> (Thumb, 796 bytes, Stack size 176 bytes, driver.o(i._SlAsyncEventGenericHandler))
<BR><BR>[Stack]<UL><LI>Max Depth = 256<LI>Call Chain = _SlAsyncEventGenericHandler &rArr; _sl_HandleAsync_PingResponse &rArr; _SlNonOsSemGet &rArr; _SlNonOsMainLoopTask
</UL>
<BR>[Calls]<UL><LI><a href="#[60]">&gt;&gt;</a>&nbsp;&nbsp;&nbsp;_sl_HandleAsync_PingResponse
<LI><a href="#[a3]">&gt;&gt;</a>&nbsp;&nbsp;&nbsp;__aeabi_memclr4
<LI><a href="#[a4]">&gt;&gt;</a>&nbsp;&nbsp;&nbsp;__aeabi_memcpy4
<LI><a href="#[7e]">&gt;&gt;</a>&nbsp;&nbsp;&nbsp;__aeabi_memcpy
</UL>
<BR>[Called By]<UL><LI><a href="#[42]">&gt;&gt;</a>&nbsp;&nbsp;&nbsp;_SlDrvMsgReadSpawnCtx
<LI><a href="#[aa]">&gt;&gt;</a>&nbsp;&nbsp;&nbsp;_SlDrvMsgReadCmdCtx
</UL>

<P><STRONG><a name="[a5]"></a>_SlDrvBasicCmd</STRONG> (Thumb, 40 bytes, Stack size 16 bytes, driver.o(i._SlDrvBasicCmd))
<BR><BR>[Stack]<UL><LI>Max Depth = 312<LI>Call Chain = _SlDrvBasicCmd &rArr; _SlDrvCmdOp &rArr; _SlDrvMsgReadCmdCtx &rArr; _SlAsyncEventGenericHandler &rArr; _sl_HandleAsync_PingResponse &rArr; _SlNonOsSemGet &rArr; _SlNonOsMainLoopTask
</UL>
<BR>[Calls]<UL><LI><a href="#[a6]">&gt;&gt;</a>&nbsp;&nbsp;&nbsp;_SlDrvCmdOp
</UL>
<BR>[Called By]<UL><LI><a href="#[d0]">&gt;&gt;</a>&nbsp;&nbsp;&nbsp;sl_WlanDisconnect
<LI><a href="#[c7]">&gt;&gt;</a>&nbsp;&nbsp;&nbsp;sl_NetAppPingStart
</UL>

<P><STRONG><a name="[b5]"></a>_SlDrvClassifyRxMsg</STRONG> (Thumb, 114 bytes, Stack size 0 bytes, driver.o(i._SlDrvClassifyRxMsg))
<BR><BR>[Called By]<UL><LI><a href="#[b3]">&gt;&gt;</a>&nbsp;&nbsp;&nbsp;_SlDrvMsgRead
</UL>

<P><STRONG><a name="[a6]"></a>_SlDrvCmdOp</STRONG> (Thumb, 100 bytes, Stack size 24 bytes, driver.o(i._SlDrvCmdOp))
<BR><BR>[Stack]<UL><LI>Max Depth = 296<LI>Call Chain = _SlDrvCmdOp &rArr; _SlDrvMsgReadCmdCtx &rArr; _SlAsyncEventGenericHandler &rArr; _sl_HandleAsync_PingResponse &rArr; _SlNonOsSemGet &rArr; _SlNonOsMainLoopTask
</UL>
<BR>[Calls]<UL><LI><a href="#[a8]">&gt;&gt;</a>&nbsp;&nbsp;&nbsp;_SlDrvMsgWrite
<LI><a href="#[aa]">&gt;&gt;</a>&nbsp;&nbsp;&nbsp;_SlDrvMsgReadCmdCtx
<LI><a href="#[a9]">&gt;&gt;</a>&nbsp;&nbsp;&nbsp;_SlNonOsSemSet
<LI><a href="#[a7]">&gt;&gt;</a>&nbsp;&nbsp;&nbsp;_SlNonOsSemGet
</UL>
<BR>[Called By]<UL><LI><a href="#[cb]">&gt;&gt;</a>&nbsp;&nbsp;&nbsp;sl_WlanSetMode
<LI><a href="#[d2]">&gt;&gt;</a>&nbsp;&nbsp;&nbsp;sl_WlanSet
<LI><a href="#[d4]">&gt;&gt;</a>&nbsp;&nbsp;&nbsp;sl_WlanRxFilterSet
<LI><a href="#[cf]">&gt;&gt;</a>&nbsp;&nbsp;&nbsp;sl_WlanProfileDel
<LI><a href="#[ce]">&gt;&gt;</a>&nbsp;&nbsp;&nbsp;sl_WlanPolicySet
<LI><a href="#[e8]">&gt;&gt;</a>&nbsp;&nbsp;&nbsp;sl_WlanConnect
<LI><a href="#[cc]">&gt;&gt;</a>&nbsp;&nbsp;&nbsp;sl_Stop
<LI><a href="#[d1]">&gt;&gt;</a>&nbsp;&nbsp;&nbsp;sl_NetCfgSet
<LI><a href="#[c7]">&gt;&gt;</a>&nbsp;&nbsp;&nbsp;sl_NetAppPingStart
<LI><a href="#[c6]">&gt;&gt;</a>&nbsp;&nbsp;&nbsp;sl_NetAppDnsGetHostByName
<LI><a href="#[cd]">&gt;&gt;</a>&nbsp;&nbsp;&nbsp;sl_DevGet
<LI><a href="#[110]">&gt;&gt;</a>&nbsp;&nbsp;&nbsp;sl_NetAppMDNSRegisterUnregisterService
<LI><a href="#[a5]">&gt;&gt;</a>&nbsp;&nbsp;&nbsp;_SlDrvBasicCmd
</UL>

<P><STRONG><a name="[ab]"></a>_SlDrvCmdSend</STRONG> (Thumb, 26 bytes, Stack size 8 bytes, driver.o(i._SlDrvCmdSend))
<BR><BR>[Stack]<UL><LI>Max Depth = 48<LI>Call Chain = _SlDrvCmdSend &rArr; _SlDrvMsgWrite &rArr; Driver_Spi_Write
</UL>
<BR>[Calls]<UL><LI><a href="#[a8]">&gt;&gt;</a>&nbsp;&nbsp;&nbsp;_SlDrvMsgWrite
</UL>
<BR>[Called By]<UL><LI><a href="#[b9]">&gt;&gt;</a>&nbsp;&nbsp;&nbsp;sl_NetAppSendTokenValue
</UL>

<P><STRONG><a name="[3f]"></a>_SlDrvDeviceEventHandler</STRONG> (Thumb, 60 bytes, Stack size 16 bytes, device.o(i._SlDrvDeviceEventHandler))
<BR><BR>[Stack]<UL><LI>Max Depth = 104<LI>Call Chain = _SlDrvDeviceEventHandler &rArr; _sl_HandleAsync_InitComplete &rArr; _SlDrvReleasePoolObj &rArr; _SlNonOsSemGet &rArr; _SlNonOsMainLoopTask
</UL>
<BR>[Calls]<UL><LI><a href="#[97]">&gt;&gt;</a>&nbsp;&nbsp;&nbsp;SimpleLinkGeneralEventHandler
<LI><a href="#[61]">&gt;&gt;</a>&nbsp;&nbsp;&nbsp;_sl_HandleAsync_Stop
<LI><a href="#[ac]">&gt;&gt;</a>&nbsp;&nbsp;&nbsp;_sl_HandleAsync_InitComplete
</UL>
<BR>[Address Reference Count : 1]<UL><LI> driver.o(i._SlDrvClassifyRxMsg)
</UL>
<P><STRONG><a name="[ad]"></a>_SlDrvDriverCBDeinit</STRONG> (Thumb, 92 bytes, Stack size 16 bytes, driver.o(i._SlDrvDriverCBDeinit))
<BR><BR>[Stack]<UL><LI>Max Depth = 24<LI>Call Chain = _SlDrvDriverCBDeinit &rArr; _SlDrvFlowContDeinit
</UL>
<BR>[Calls]<UL><LI><a href="#[ae]">&gt;&gt;</a>&nbsp;&nbsp;&nbsp;_SlDrvFlowContDeinit
<LI><a href="#[af]">&gt;&gt;</a>&nbsp;&nbsp;&nbsp;_SlDrvObjDeInit
<LI><a href="#[a9]">&gt;&gt;</a>&nbsp;&nbsp;&nbsp;_SlNonOsSemSet
</UL>
<BR>[Called By]<UL><LI><a href="#[cc]">&gt;&gt;</a>&nbsp;&nbsp;&nbsp;sl_Stop
</UL>

<P><STRONG><a name="[b0]"></a>_SlDrvDriverCBInit</STRONG> (Thumb, 138 bytes, Stack size 16 bytes, driver.o(i._SlDrvDriverCBInit))
<BR><BR>[Stack]<UL><LI>Max Depth = 64<LI>Call Chain = _SlDrvDriverCBInit &rArr; _SlNonOsSemGet &rArr; _SlNonOsMainLoopTask
</UL>
<BR>[Calls]<UL><LI><a href="#[b2]">&gt;&gt;</a>&nbsp;&nbsp;&nbsp;_SlDrvFlowContInit
<LI><a href="#[b1]">&gt;&gt;</a>&nbsp;&nbsp;&nbsp;_SlDrvObjInit
<LI><a href="#[a9]">&gt;&gt;</a>&nbsp;&nbsp;&nbsp;_SlNonOsSemSet
<LI><a href="#[a7]">&gt;&gt;</a>&nbsp;&nbsp;&nbsp;_SlNonOsSemGet
<LI><a href="#[a3]">&gt;&gt;</a>&nbsp;&nbsp;&nbsp;__aeabi_memclr4
</UL>
<BR>[Called By]<UL><LI><a href="#[ca]">&gt;&gt;</a>&nbsp;&nbsp;&nbsp;sl_Start
</UL>

<P><STRONG><a name="[ae]"></a>_SlDrvFlowContDeinit</STRONG> (Thumb, 40 bytes, Stack size 8 bytes, flowcont.o(i._SlDrvFlowContDeinit))
<BR><BR>[Stack]<UL><LI>Max Depth = 8<LI>Call Chain = _SlDrvFlowContDeinit
</UL>
<BR>[Calls]<UL><LI><a href="#[a9]">&gt;&gt;</a>&nbsp;&nbsp;&nbsp;_SlNonOsSemSet
</UL>
<BR>[Called By]<UL><LI><a href="#[ad]">&gt;&gt;</a>&nbsp;&nbsp;&nbsp;_SlDrvDriverCBDeinit
</UL>

<P><STRONG><a name="[b2]"></a>_SlDrvFlowContInit</STRONG> (Thumb, 42 bytes, Stack size 8 bytes, flowcont.o(i._SlDrvFlowContInit))
<BR><BR>[Stack]<UL><LI>Max Depth = 8<LI>Call Chain = _SlDrvFlowContInit
</UL>
<BR>[Calls]<UL><LI><a href="#[a9]">&gt;&gt;</a>&nbsp;&nbsp;&nbsp;_SlNonOsSemSet
</UL>
<BR>[Called By]<UL><LI><a href="#[b0]">&gt;&gt;</a>&nbsp;&nbsp;&nbsp;_SlDrvDriverCBInit
</UL>

<P><STRONG><a name="[b3]"></a>_SlDrvMsgRead</STRONG> (Thumb, 872 bytes, Stack size 40 bytes, driver.o(i._SlDrvMsgRead))
<BR><BR>[Stack]<UL><LI>Max Depth = 104<LI>Call Chain = _SlDrvMsgRead &rArr; _SlDrvRxHdrRead &rArr; Driver_Spi_Write
</UL>
<BR>[Calls]<UL><LI><a href="#[89]">&gt;&gt;</a>&nbsp;&nbsp;&nbsp;Driver_Spi_Read
<LI><a href="#[b7]">&gt;&gt;</a>&nbsp;&nbsp;&nbsp;CC3100_UnMaskInterrupt
<LI><a href="#[b6]">&gt;&gt;</a>&nbsp;&nbsp;&nbsp;_SlFindAndSetActiveObj
<LI><a href="#[b4]">&gt;&gt;</a>&nbsp;&nbsp;&nbsp;_SlDrvRxHdrRead
<LI><a href="#[b5]">&gt;&gt;</a>&nbsp;&nbsp;&nbsp;_SlDrvClassifyRxMsg
<LI><a href="#[a9]">&gt;&gt;</a>&nbsp;&nbsp;&nbsp;_SlNonOsSemSet
<LI><a href="#[a7]">&gt;&gt;</a>&nbsp;&nbsp;&nbsp;_SlNonOsSemGet
<LI><a href="#[7e]">&gt;&gt;</a>&nbsp;&nbsp;&nbsp;__aeabi_memcpy
</UL>
<BR>[Called By]<UL><LI><a href="#[42]">&gt;&gt;</a>&nbsp;&nbsp;&nbsp;_SlDrvMsgReadSpawnCtx
<LI><a href="#[aa]">&gt;&gt;</a>&nbsp;&nbsp;&nbsp;_SlDrvMsgReadCmdCtx
</UL>

<P><STRONG><a name="[aa]"></a>_SlDrvMsgReadCmdCtx</STRONG> (Thumb, 158 bytes, Stack size 16 bytes, driver.o(i._SlDrvMsgReadCmdCtx))
<BR><BR>[Stack]<UL><LI>Max Depth = 272<LI>Call Chain = _SlDrvMsgReadCmdCtx &rArr; _SlAsyncEventGenericHandler &rArr; _sl_HandleAsync_PingResponse &rArr; _SlNonOsSemGet &rArr; _SlNonOsMainLoopTask
</UL>
<BR>[Calls]<UL><LI><a href="#[b8]">&gt;&gt;</a>&nbsp;&nbsp;&nbsp;_SlNonOsSpawn
<LI><a href="#[b3]">&gt;&gt;</a>&nbsp;&nbsp;&nbsp;_SlDrvMsgRead
<LI><a href="#[a2]">&gt;&gt;</a>&nbsp;&nbsp;&nbsp;_SlAsyncEventGenericHandler
<LI><a href="#[a9]">&gt;&gt;</a>&nbsp;&nbsp;&nbsp;_SlNonOsSemSet
<LI><a href="#[a7]">&gt;&gt;</a>&nbsp;&nbsp;&nbsp;_SlNonOsSemGet
</UL>
<BR>[Called By]<UL><LI><a href="#[a6]">&gt;&gt;</a>&nbsp;&nbsp;&nbsp;_SlDrvCmdOp
</UL>

<P><STRONG><a name="[42]"></a>_SlDrvMsgReadSpawnCtx</STRONG> (Thumb, 140 bytes, Stack size 16 bytes, driver.o(i._SlDrvMsgReadSpawnCtx))
<BR><BR>[Stack]<UL><LI>Max Depth = 272<LI>Call Chain = _SlDrvMsgReadSpawnCtx &rArr; _SlAsyncEventGenericHandler &rArr; _sl_HandleAsync_PingResponse &rArr; _SlNonOsSemGet &rArr; _SlNonOsMainLoopTask
</UL>
<BR>[Calls]<UL><LI><a href="#[b3]">&gt;&gt;</a>&nbsp;&nbsp;&nbsp;_SlDrvMsgRead
<LI><a href="#[a2]">&gt;&gt;</a>&nbsp;&nbsp;&nbsp;_SlAsyncEventGenericHandler
<LI><a href="#[a9]">&gt;&gt;</a>&nbsp;&nbsp;&nbsp;_SlNonOsSemSet
<LI><a href="#[a7]">&gt;&gt;</a>&nbsp;&nbsp;&nbsp;_SlNonOsSemGet
</UL>
<BR>[Address Reference Count : 2]<UL><LI> driver.o(i._SlDrvMsgReadCmdCtx)
<LI> driver.o(i._SlDrvRxIrqHandler)
</UL>
<P><STRONG><a name="[a8]"></a>_SlDrvMsgWrite</STRONG> (Thumb, 246 bytes, Stack size 16 bytes, driver.o(i._SlDrvMsgWrite))
<BR><BR>[Stack]<UL><LI>Max Depth = 40<LI>Call Chain = _SlDrvMsgWrite &rArr; Driver_Spi_Write
</UL>
<BR>[Calls]<UL><LI><a href="#[8d]">&gt;&gt;</a>&nbsp;&nbsp;&nbsp;Driver_Spi_Write
</UL>
<BR>[Called By]<UL><LI><a href="#[ab]">&gt;&gt;</a>&nbsp;&nbsp;&nbsp;_SlDrvCmdSend
<LI><a href="#[a6]">&gt;&gt;</a>&nbsp;&nbsp;&nbsp;_SlDrvCmdOp
</UL>

<P><STRONG><a name="[3e]"></a>_SlDrvNetAppEventHandler</STRONG> (Thumb, 196 bytes, Stack size 72 bytes, netapp.o(i._SlDrvNetAppEventHandler))
<BR><BR>[Stack]<UL><LI>Max Depth = 168<LI>Call Chain = _SlDrvNetAppEventHandler &rArr; sl_NetAppSendTokenValue &rArr; _SlDrvCmdSend &rArr; _SlDrvMsgWrite &rArr; Driver_Spi_Write
</UL>
<BR>[Calls]<UL><LI><a href="#[99]">&gt;&gt;</a>&nbsp;&nbsp;&nbsp;SimpleLinkHttpServerCallback
<LI><a href="#[b9]">&gt;&gt;</a>&nbsp;&nbsp;&nbsp;sl_NetAppSendTokenValue
<LI><a href="#[60]">&gt;&gt;</a>&nbsp;&nbsp;&nbsp;_sl_HandleAsync_PingResponse
<LI><a href="#[5f]">&gt;&gt;</a>&nbsp;&nbsp;&nbsp;_sl_HandleAsync_DnsGetHostByService
<LI><a href="#[5e]">&gt;&gt;</a>&nbsp;&nbsp;&nbsp;_sl_HandleAsync_DnsGetHostByName
</UL>
<BR>[Address Reference Count : 1]<UL><LI> driver.o(i._SlDrvClassifyRxMsg)
</UL>
<P><STRONG><a name="[af]"></a>_SlDrvObjDeInit</STRONG> (Thumb, 18 bytes, Stack size 0 bytes, driver.o(i._SlDrvObjDeInit))
<BR><BR>[Called By]<UL><LI><a href="#[ad]">&gt;&gt;</a>&nbsp;&nbsp;&nbsp;_SlDrvDriverCBDeinit
</UL>

<P><STRONG><a name="[b1]"></a>_SlDrvObjInit</STRONG> (Thumb, 56 bytes, Stack size 8 bytes, driver.o(i._SlDrvObjInit))
<BR><BR>[Stack]<UL><LI>Max Depth = 8<LI>Call Chain = _SlDrvObjInit
</UL>
<BR>[Calls]<UL><LI><a href="#[a3]">&gt;&gt;</a>&nbsp;&nbsp;&nbsp;__aeabi_memclr4
</UL>
<BR>[Called By]<UL><LI><a href="#[b0]">&gt;&gt;</a>&nbsp;&nbsp;&nbsp;_SlDrvDriverCBInit
</UL>

<P><STRONG><a name="[ba]"></a>_SlDrvReleasePoolObj</STRONG> (Thumb, 224 bytes, Stack size 24 bytes, driver.o(i._SlDrvReleasePoolObj))
<BR><BR>[Stack]<UL><LI>Max Depth = 72<LI>Call Chain = _SlDrvReleasePoolObj &rArr; _SlNonOsSemGet &rArr; _SlNonOsMainLoopTask
</UL>
<BR>[Calls]<UL><LI><a href="#[bb]">&gt;&gt;</a>&nbsp;&nbsp;&nbsp;_SlRemoveFromList
<LI><a href="#[a9]">&gt;&gt;</a>&nbsp;&nbsp;&nbsp;_SlNonOsSemSet
<LI><a href="#[a7]">&gt;&gt;</a>&nbsp;&nbsp;&nbsp;_SlNonOsSemGet
</UL>
<BR>[Called By]<UL><LI><a href="#[cc]">&gt;&gt;</a>&nbsp;&nbsp;&nbsp;sl_Stop
<LI><a href="#[ca]">&gt;&gt;</a>&nbsp;&nbsp;&nbsp;sl_Start
<LI><a href="#[c7]">&gt;&gt;</a>&nbsp;&nbsp;&nbsp;sl_NetAppPingStart
<LI><a href="#[c6]">&gt;&gt;</a>&nbsp;&nbsp;&nbsp;sl_NetAppDnsGetHostByName
<LI><a href="#[ac]">&gt;&gt;</a>&nbsp;&nbsp;&nbsp;_sl_HandleAsync_InitComplete
</UL>

<P><STRONG><a name="[b4]"></a>_SlDrvRxHdrRead</STRONG> (Thumb, 302 bytes, Stack size 40 bytes, driver.o(i._SlDrvRxHdrRead))
<BR><BR>[Stack]<UL><LI>Max Depth = 64<LI>Call Chain = _SlDrvRxHdrRead &rArr; Driver_Spi_Write
</UL>
<BR>[Calls]<UL><LI><a href="#[8d]">&gt;&gt;</a>&nbsp;&nbsp;&nbsp;Driver_Spi_Write
<LI><a href="#[89]">&gt;&gt;</a>&nbsp;&nbsp;&nbsp;Driver_Spi_Read
<LI><a href="#[bc]">&gt;&gt;</a>&nbsp;&nbsp;&nbsp;_SlDrvShiftDWord
</UL>
<BR>[Called By]<UL><LI><a href="#[b3]">&gt;&gt;</a>&nbsp;&nbsp;&nbsp;_SlDrvMsgRead
</UL>

<P><STRONG><a name="[59]"></a>_SlDrvRxIrqHandler</STRONG> (Thumb, 60 bytes, Stack size 8 bytes, driver.o(i._SlDrvRxIrqHandler))
<BR><BR>[Stack]<UL><LI>Max Depth = 20<LI>Call Chain = _SlDrvRxIrqHandler &rArr; _SlNonOsSpawn
</UL>
<BR>[Calls]<UL><LI><a href="#[b8]">&gt;&gt;</a>&nbsp;&nbsp;&nbsp;_SlNonOsSpawn
<LI><a href="#[6f]">&gt;&gt;</a>&nbsp;&nbsp;&nbsp;CC3100_MaskInterrupt
<LI><a href="#[a9]">&gt;&gt;</a>&nbsp;&nbsp;&nbsp;_SlNonOsSemSet
</UL>
<BR>[Address Reference Count : 1]<UL><LI> device.o(i.sl_Start)
</UL>
<P><STRONG><a name="[bc]"></a>_SlDrvShiftDWord</STRONG> (Thumb, 22 bytes, Stack size 0 bytes, driver.o(i._SlDrvShiftDWord))
<BR><BR>[Called By]<UL><LI><a href="#[b4]">&gt;&gt;</a>&nbsp;&nbsp;&nbsp;_SlDrvRxHdrRead
</UL>

<P><STRONG><a name="[bd]"></a>_SlDrvWaitForPoolObj</STRONG> (Thumb, 254 bytes, Stack size 32 bytes, driver.o(i._SlDrvWaitForPoolObj))
<BR><BR>[Stack]<UL><LI>Max Depth = 80<LI>Call Chain = _SlDrvWaitForPoolObj &rArr; _SlNonOsSemGet &rArr; _SlNonOsMainLoopTask
</UL>
<BR>[Calls]<UL><LI><a href="#[a9]">&gt;&gt;</a>&nbsp;&nbsp;&nbsp;_SlNonOsSemSet
<LI><a href="#[a7]">&gt;&gt;</a>&nbsp;&nbsp;&nbsp;_SlNonOsSemGet
</UL>
<BR>[Called By]<UL><LI><a href="#[cc]">&gt;&gt;</a>&nbsp;&nbsp;&nbsp;sl_Stop
<LI><a href="#[ca]">&gt;&gt;</a>&nbsp;&nbsp;&nbsp;sl_Start
<LI><a href="#[c7]">&gt;&gt;</a>&nbsp;&nbsp;&nbsp;sl_NetAppPingStart
<LI><a href="#[c6]">&gt;&gt;</a>&nbsp;&nbsp;&nbsp;sl_NetAppDnsGetHostByName
</UL>

<P><STRONG><a name="[b6]"></a>_SlFindAndSetActiveObj</STRONG> (Thumb, 144 bytes, Stack size 20 bytes, driver.o(i._SlFindAndSetActiveObj))
<BR><BR>[Stack]<UL><LI>Max Depth = 20<LI>Call Chain = _SlFindAndSetActiveObj
</UL>
<BR>[Called By]<UL><LI><a href="#[b3]">&gt;&gt;</a>&nbsp;&nbsp;&nbsp;_SlDrvMsgRead
</UL>

<P><STRONG><a name="[be]"></a>_SlNonOsMainLoopTask</STRONG> (Thumb, 60 bytes, Stack size 24 bytes, nonos.o(i._SlNonOsMainLoopTask))
<BR><BR>[Stack]<UL><LI>Max Depth = 24<LI>Call Chain = _SlNonOsMainLoopTask
</UL>
<BR>[Called By]<UL><LI><a href="#[e7]">&gt;&gt;</a>&nbsp;&nbsp;&nbsp;establishConnectionWithAP
<LI><a href="#[c9]">&gt;&gt;</a>&nbsp;&nbsp;&nbsp;configureSimpleLinkToDefaultState
<LI><a href="#[c8]">&gt;&gt;</a>&nbsp;&nbsp;&nbsp;checkLanConnection
<LI><a href="#[c5]">&gt;&gt;</a>&nbsp;&nbsp;&nbsp;checkInternetConnection
<LI><a href="#[a7]">&gt;&gt;</a>&nbsp;&nbsp;&nbsp;_SlNonOsSemGet
</UL>

<P><STRONG><a name="[a7]"></a>_SlNonOsSemGet</STRONG> (Thumb, 58 bytes, Stack size 24 bytes, nonos.o(i._SlNonOsSemGet))
<BR><BR>[Stack]<UL><LI>Max Depth = 48<LI>Call Chain = _SlNonOsSemGet &rArr; _SlNonOsMainLoopTask
</UL>
<BR>[Calls]<UL><LI><a href="#[be]">&gt;&gt;</a>&nbsp;&nbsp;&nbsp;_SlNonOsMainLoopTask
</UL>
<BR>[Called By]<UL><LI><a href="#[cc]">&gt;&gt;</a>&nbsp;&nbsp;&nbsp;sl_Stop
<LI><a href="#[ca]">&gt;&gt;</a>&nbsp;&nbsp;&nbsp;sl_Start
<LI><a href="#[c7]">&gt;&gt;</a>&nbsp;&nbsp;&nbsp;sl_NetAppPingStart
<LI><a href="#[c6]">&gt;&gt;</a>&nbsp;&nbsp;&nbsp;sl_NetAppDnsGetHostByName
<LI><a href="#[5d]">&gt;&gt;</a>&nbsp;&nbsp;&nbsp;_sl_HandleAsync_Select
<LI><a href="#[60]">&gt;&gt;</a>&nbsp;&nbsp;&nbsp;_sl_HandleAsync_PingResponse
<LI><a href="#[5e]">&gt;&gt;</a>&nbsp;&nbsp;&nbsp;_sl_HandleAsync_DnsGetHostByName
<LI><a href="#[5c]">&gt;&gt;</a>&nbsp;&nbsp;&nbsp;_sl_HandleAsync_Connect
<LI><a href="#[5b]">&gt;&gt;</a>&nbsp;&nbsp;&nbsp;_sl_HandleAsync_Accept
[...]
<BR><BR>[Stack]<UL><LI>Max Depth = 32<LI>Call Chain = xQueueGenericReset &rArr; xTaskRemoveFromEventList
</UL>
<BR>[Calls]<UL><LI><a href="#[109]">&gt;&gt;</a>&nbsp;&nbsp;&nbsp;xTaskRemoveFromEventList
<LI><a href="#[fa]">&gt;&gt;</a>&nbsp;&nbsp;&nbsp;vPortYield
<LI><a href="#[f6]">&gt;&gt;</a>&nbsp;&nbsp;&nbsp;vPortExitCritical
<LI><a href="#[f4]">&gt;&gt;</a>&nbsp;&nbsp;&nbsp;vPortEnterCritical
<LI><a href="#[138]">&gt;&gt;</a>&nbsp;&nbsp;&nbsp;vListInitialise
</UL>
<BR>[Called By]<UL><LI><a href="#[11d]">&gt;&gt;</a>&nbsp;&nbsp;&nbsp;xQueueGenericCreate
</UL>

<P><STRONG><a name="[11c]"></a>xQueueGenericSend</STRONG> (Thumb, 214 bytes, Stack size 48 bytes, queue.o(i.xQueueGenericSend))
<BR><BR>[Stack]<UL><LI>Max Depth = 104<LI>Call Chain = xQueueGenericSend &rArr; xTaskResumeAll &rArr; xTaskIncrementTick
</UL>
<BR>[Calls]<UL><LI><a href="#[109]">&gt;&gt;</a>&nbsp;&nbsp;&nbsp;xTaskRemoveFromEventList
<LI><a href="#[137]">&gt;&gt;</a>&nbsp;&nbsp;&nbsp;xTaskCheckForTimeOut
<LI><a href="#[136]">&gt;&gt;</a>&nbsp;&nbsp;&nbsp;vTaskSetTimeOutState
<LI><a href="#[124]">&gt;&gt;</a>&nbsp;&nbsp;&nbsp;vTaskPlaceOnEventList
<LI><a href="#[108]">&gt;&gt;</a>&nbsp;&nbsp;&nbsp;prvUnlockQueue
<LI><a href="#[f9]">&gt;&gt;</a>&nbsp;&nbsp;&nbsp;prvCopyDataToQueue
<LI><a href="#[f3]">&gt;&gt;</a>&nbsp;&nbsp;&nbsp;xTaskResumeAll
<LI><a href="#[f2]">&gt;&gt;</a>&nbsp;&nbsp;&nbsp;vTaskSuspendAll
<LI><a href="#[fa]">&gt;&gt;</a>&nbsp;&nbsp;&nbsp;vPortYield
<LI><a href="#[f6]">&gt;&gt;</a>&nbsp;&nbsp;&nbsp;vPortExitCritical
<LI><a href="#[f4]">&gt;&gt;</a>&nbsp;&nbsp;&nbsp;vPortEnterCritical
</UL>
<BR>[Called By]<UL><LI><a href="#[10c]">&gt;&gt;</a>&nbsp;&nbsp;&nbsp;vMBPortWaitEnd
<LI><a href="#[de]">&gt;&gt;</a>&nbsp;&nbsp;&nbsp;xMBPortEventPost
</UL>

<P><STRONG><a name="[12b]"></a>xQueueGenericSendFromISR</STRONG> (Thumb, 98 bytes, Stack size 24 bytes, queue.o(i.xQueueGenericSendFromISR))
<BR><BR>[Stack]<UL><LI>Max Depth = 40<LI>Call Chain = xQueueGenericSendFromISR &rArr; xTaskRemoveFromEventList
</UL>
<BR>[Calls]<UL><LI><a href="#[109]">&gt;&gt;</a>&nbsp;&nbsp;&nbsp;xTaskRemoveFromEventList
<LI><a href="#[f9]">&gt;&gt;</a>&nbsp;&nbsp;&nbsp;prvCopyDataToQueue
<LI><a href="#[123]">&gt;&gt;</a>&nbsp;&nbsp;&nbsp;vPortClearInterruptMask
<LI><a href="#[107]">&gt;&gt;</a>&nbsp;&nbsp;&nbsp;ulPortSetInterruptMask
</UL>
<BR>[Called By]<UL><LI><a href="#[de]">&gt;&gt;</a>&nbsp;&nbsp;&nbsp;xMBPortEventPost
</UL>

<P><STRONG><a name="[137]"></a>xTaskCheckForTimeOut</STRONG> (Thumb, 66 bytes, Stack size 16 bytes, tasks.o(i.xTaskCheckForTimeOut))
<BR><BR>[Stack]<UL><LI>Max Depth = 24<LI>Call Chain = xTaskCheckForTimeOut &rArr; vPortEnterCritical
</UL>
<BR>[Calls]<UL><LI><a href="#[136]">&gt;&gt;</a>&nbsp;&nbsp;&nbsp;vTaskSetTimeOutState
<LI><a href="#[f6]">&gt;&gt;</a>&nbsp;&nbsp;&nbsp;vPortExitCritical
<LI><a href="#[f4]">&gt;&gt;</a>&nbsp;&nbsp;&nbsp;vPortEnterCritical
</UL>
<BR>[Called By]<UL><LI><a href="#[11c]">&gt;&gt;</a>&nbsp;&nbsp;&nbsp;xQueueGenericSend
<LI><a href="#[11e]">&gt;&gt;</a>&nbsp;&nbsp;&nbsp;xQueueGenericReceive
</UL>

<P><STRONG><a name="[ed]"></a>xTaskGenericCreate</STRONG> (Thumb, 338 bytes, Stack size 56 bytes, tasks.o(i.xTaskGenericCreate))
<BR><BR>[Stack]<UL><LI>Max Depth = 136<LI>Call Chain = xTaskGenericCreate &rArr; pvPortMalloc &rArr; xTaskResumeAll &rArr; xTaskIncrementTick
</UL>
<BR>[Calls]<UL><LI><a href="#[13a]">&gt;&gt;</a>&nbsp;&nbsp;&nbsp;pxPortInitialiseStack
<LI><a href="#[fa]">&gt;&gt;</a>&nbsp;&nbsp;&nbsp;vPortYield
<LI><a href="#[f7]">&gt;&gt;</a>&nbsp;&nbsp;&nbsp;vPortFree
<LI><a href="#[f6]">&gt;&gt;</a>&nbsp;&nbsp;&nbsp;vPortExitCritical
<LI><a href="#[f4]">&gt;&gt;</a>&nbsp;&nbsp;&nbsp;vPortEnterCritical
<LI><a href="#[125]">&gt;&gt;</a>&nbsp;&nbsp;&nbsp;vListInsertEnd
<LI><a href="#[139]">&gt;&gt;</a>&nbsp;&nbsp;&nbsp;vListInitialiseItem
<LI><a href="#[138]">&gt;&gt;</a>&nbsp;&nbsp;&nbsp;vListInitialise
<LI><a href="#[10f]">&gt;&gt;</a>&nbsp;&nbsp;&nbsp;pvPortMalloc
</UL>
<BR>[Called By]<UL><LI><a href="#[ee]">&gt;&gt;</a>&nbsp;&nbsp;&nbsp;vTaskStartScheduler
<LI><a href="#[3a]">&gt;&gt;</a>&nbsp;&nbsp;&nbsp;main
</UL>

<P><STRONG><a name="[134]"></a>xTaskIncrementTick</STRONG> (Thumb, 170 bytes, Stack size 24 bytes, tasks.o(i.xTaskIncrementTick))
<BR><BR>[Stack]<UL><LI>Max Depth = 24<LI>Call Chain = xTaskIncrementTick
</UL>
<BR>[Calls]<UL><LI><a href="#[13b]">&gt;&gt;</a>&nbsp;&nbsp;&nbsp;prvResetNextTaskUnblockTime
<LI><a href="#[125]">&gt;&gt;</a>&nbsp;&nbsp;&nbsp;vListInsertEnd
<LI><a href="#[f5]">&gt;&gt;</a>&nbsp;&nbsp;&nbsp;uxListRemove
</UL>
<BR>[Called By]<UL><LI><a href="#[f3]">&gt;&gt;</a>&nbsp;&nbsp;&nbsp;xTaskResumeAll
<LI><a href="#[9a]">&gt;&gt;</a>&nbsp;&nbsp;&nbsp;xPortSysTickHandler
</UL>

<P><STRONG><a name="[109]"></a>xTaskRemoveFromEventList</STRONG> (Thumb, 82 bytes, Stack size 16 bytes, tasks.o(i.xTaskRemoveFromEventList))
<BR><BR>[Stack]<UL><LI>Max Depth = 16<LI>Call Chain = xTaskRemoveFromEventList
</UL>
<BR>[Calls]<UL><LI><a href="#[125]">&gt;&gt;</a>&nbsp;&nbsp;&nbsp;vListInsertEnd
<LI><a href="#[f5]">&gt;&gt;</a>&nbsp;&nbsp;&nbsp;uxListRemove
</UL>
<BR>[Called By]<UL><LI><a href="#[12b]">&gt;&gt;</a>&nbsp;&nbsp;&nbsp;xQueueGenericSendFromISR
<LI><a href="#[11c]">&gt;&gt;</a>&nbsp;&nbsp;&nbsp;xQueueGenericSend
<LI><a href="#[135]">&gt;&gt;</a>&nbsp;&nbsp;&nbsp;xQueueGenericReset
<LI><a href="#[11e]">&gt;&gt;</a>&nbsp;&nbsp;&nbsp;xQueueGenericReceive
<LI><a href="#[108]">&gt;&gt;</a>&nbsp;&nbsp;&nbsp;prvUnlockQueue
</UL>

<P><STRONG><a name="[f3]"></a>xTaskResumeAll</STRONG> (Thumb, 150 bytes, Stack size 32 bytes, tasks.o(i.xTaskResumeAll))
<BR><BR>[Stack]<UL><LI>Max Depth = 56<LI>Call Chain = xTaskResumeAll &rArr; xTaskIncrementTick
</UL>
<BR>[Calls]<UL><LI><a href="#[134]">&gt;&gt;</a>&nbsp;&nbsp;&nbsp;xTaskIncrementTick
<LI><a href="#[fa]">&gt;&gt;</a>&nbsp;&nbsp;&nbsp;vPortYield
<LI><a href="#[f6]">&gt;&gt;</a>&nbsp;&nbsp;&nbsp;vPortExitCritical
<LI><a href="#[f4]">&gt;&gt;</a>&nbsp;&nbsp;&nbsp;vPortEnterCritical
<LI><a href="#[125]">&gt;&gt;</a>&nbsp;&nbsp;&nbsp;vListInsertEnd
<LI><a href="#[f5]">&gt;&gt;</a>&nbsp;&nbsp;&nbsp;uxListRemove
</UL>
<BR>[Called By]<UL><LI><a href="#[f1]">&gt;&gt;</a>&nbsp;&nbsp;&nbsp;prvCheckTasksWaitingTermination
<LI><a href="#[11c]">&gt;&gt;</a>&nbsp;&nbsp;&nbsp;xQueueGenericSend
<LI><a href="#[11e]">&gt;&gt;</a>&nbsp;&nbsp;&nbsp;xQueueGenericReceive
<LI><a href="#[f7]">&gt;&gt;</a>&nbsp;&nbsp;&nbsp;vPortFree
<LI><a href="#[10f]">&gt;&gt;</a>&nbsp;&nbsp;&nbsp;pvPortMalloc
<LI><a href="#[122]">&gt;&gt;</a>&nbsp;&nbsp;&nbsp;vTaskDelay
</UL>
<P>
<H3>
Local Symbols
</H3>
<P><STRONG><a name="[eb]"></a>prvSetupHardware</STRONG> (Thumb, 166 bytes, Stack size 16 bytes, main.o(i.prvSetupHardware))
<BR><BR>[Stack]<UL><LI>Max Depth = 104<LI>Call Chain = prvSetupHardware &rArr; Driver_UsartInit &rArr; Driver_UsartGPIOInit &rArr; GPIO_Init
</UL>
<BR>[Calls]<UL><LI><a href="#[105]">&gt;&gt;</a>&nbsp;&nbsp;&nbsp;SysTick_CLKSourceConfig
<LI><a href="#[7f]">&gt;&gt;</a>&nbsp;&nbsp;&nbsp;NVIC_SetVectorTable
<LI><a href="#[7a]">&gt;&gt;</a>&nbsp;&nbsp;&nbsp;NVIC_PriorityGroupConfig
<LI><a href="#[103]">&gt;&gt;</a>&nbsp;&nbsp;&nbsp;RCC_SYSCLKConfig
<LI><a href="#[101]">&gt;&gt;</a>&nbsp;&nbsp;&nbsp;RCC_PLLConfig
<LI><a href="#[102]">&gt;&gt;</a>&nbsp;&nbsp;&nbsp;RCC_PLLCmd
<LI><a href="#[ff]">&gt;&gt;</a>&nbsp;&nbsp;&nbsp;RCC_PCLK2Config
<LI><a href="#[100]">&gt;&gt;</a>&nbsp;&nbsp;&nbsp;RCC_PCLK1Config
<LI><a href="#[fc]">&gt;&gt;</a>&nbsp;&nbsp;&nbsp;RCC_HSEConfig
<LI><a href="#[fe]">&gt;&gt;</a>&nbsp;&nbsp;&nbsp;RCC_HCLKConfig
<LI><a href="#[104]">&gt;&gt;</a>&nbsp;&nbsp;&nbsp;RCC_GetSYSCLKSource
<LI><a href="#[fd]">&gt;&gt;</a>&nbsp;&nbsp;&nbsp;RCC_GetFlagStatus
<LI><a href="#[fb]">&gt;&gt;</a>&nbsp;&nbsp;&nbsp;RCC_DeInit
<LI><a href="#[6a]">&gt;&gt;</a>&nbsp;&nbsp;&nbsp;RCC_APB2PeriphClockCmd
<LI><a href="#[86]">&gt;&gt;</a>&nbsp;&nbsp;&nbsp;RCC_APB1PeriphClockCmd
<LI><a href="#[91]">&gt;&gt;</a>&nbsp;&nbsp;&nbsp;Driver_UsartInit
<LI><a href="#[106]">&gt;&gt;</a>&nbsp;&nbsp;&nbsp;Driver_UsartDebugPortSet
<LI><a href="#[7d]">&gt;&gt;</a>&nbsp;&nbsp;&nbsp;Driver_IntRelocate
</UL>
<BR>[Called By]<UL><LI><a href="#[3a]">&gt;&gt;</a>&nbsp;&nbsp;&nbsp;main
</UL>

<P><STRONG><a name="[56]"></a>vModbusTask</STRONG> (Thumb, 28 bytes, Stack size 0 bytes, main.o(i.vModbusTask))
<BR><BR>[Stack]<UL><LI>Max Depth = 144 + In Cycle
<LI>Call Chain = vModbusTask &rArr;  vModbusTask (Cycle)
</UL>
<BR>[Calls]<UL><LI><a href="#[122]">&gt;&gt;</a>&nbsp;&nbsp;&nbsp;vTaskDelay
<LI><a href="#[e3]">&gt;&gt;</a>&nbsp;&nbsp;&nbsp;eMBPoll
<LI><a href="#[11f]">&gt;&gt;</a>&nbsp;&nbsp;&nbsp;eMBEnable
<LI><a href="#[120]">&gt;&gt;</a>&nbsp;&nbsp;&nbsp;eMBDisable
<LI><a href="#[121]">&gt;&gt;</a>&nbsp;&nbsp;&nbsp;eMBClose
<LI><a href="#[56]">&gt;&gt;</a>&nbsp;&nbsp;&nbsp;vModbusTask
</UL>
<BR>[Called By]<UL><LI><a href="#[56]">&gt;&gt;</a>&nbsp;&nbsp;&nbsp;vModbusTask
</UL>
<BR>[Address Reference Count : 1]<UL><LI> main.o(i.main)
</UL>
<P><STRONG><a name="[57]"></a>vPollTask</STRONG> (Thumb, 12 bytes, Stack size 0 bytes, main.o(i.vPollTask))
<BR><BR>[Stack]<UL><LI>Max Depth = 472 + In Cycle
<LI>Call Chain = vPollTask &rArr;  vPollTask (Cycle)
</UL>
<BR>[Calls]<UL><LI><a href="#[122]">&gt;&gt;</a>&nbsp;&nbsp;&nbsp;vTaskDelay
<LI><a href="#[112]">&gt;&gt;</a>&nbsp;&nbsp;&nbsp;sl_app_proc
<LI><a href="#[57]">&gt;&gt;</a>&nbsp;&nbsp;&nbsp;vPollTask
</UL>
<BR>[Called By]<UL><LI><a href="#[57]">&gt;&gt;</a>&nbsp;&nbsp;&nbsp;vPollTask
</UL>
<BR>[Address Reference Count : 1]<UL><LI> main.o(i.main)
</UL>
<P><STRONG><a name="[44]"></a>SimpleLinkPingReport</STRONG> (Thumb, 28 bytes, Stack size 16 bytes, simplelink_app.o(i.SimpleLinkPingReport))
<BR><BR>[Stack]<UL><LI>Max Depth = 16<LI>Call Chain = SimpleLinkPingReport
</UL>
<BR>[Calls]<UL><LI><a href="#[98]">&gt;&gt;</a>&nbsp;&nbsp;&nbsp;__2printf
</UL>
<BR>[Address Reference Count : 2]<UL><LI> simplelink_app.o(i.checkInternetConnection)
<LI> simplelink_app.o(i.checkLanConnection)
</UL>
<P><STRONG><a name="[c5]"></a>checkInternetConnection</STRONG> (Thumb, 130 bytes, Stack size 64 bytes, simplelink_app.o(i.checkInternetConnection))
<BR><BR>[Stack]<UL><LI>Max Depth = 464<LI>Call Chain = checkInternetConnection &rArr; sl_NetAppPingStart &rArr; _SlDrvBasicCmd &rArr; _SlDrvCmdOp &rArr; _SlDrvMsgReadCmdCtx &rArr; _SlAsyncEventGenericHandler &rArr; _sl_HandleAsync_PingResponse &rArr; _SlNonOsSemGet &rArr; _SlNonOsMainLoopTask
</UL>
<BR>[Calls]<UL><LI><a href="#[c7]">&gt;&gt;</a>&nbsp;&nbsp;&nbsp;sl_NetAppPingStart
<LI><a href="#[c6]">&gt;&gt;</a>&nbsp;&nbsp;&nbsp;sl_NetAppDnsGetHostByName
<LI><a href="#[be]">&gt;&gt;</a>&nbsp;&nbsp;&nbsp;_SlNonOsMainLoopTask
<LI><a href="#[a3]">&gt;&gt;</a>&nbsp;&nbsp;&nbsp;__aeabi_memclr4
</UL>
<BR>[Called By]<UL><LI><a href="#[112]">&gt;&gt;</a>&nbsp;&nbsp;&nbsp;sl_app_proc
</UL>

<P><STRONG><a name="[c8]"></a>checkLanConnection</STRONG> (Thumb, 108 bytes, Stack size 64 bytes, simplelink_app.o(i.checkLanConnection))
<BR><BR>[Stack]<UL><LI>Max Depth = 464<LI>Call Chain = checkLanConnection &rArr; sl_NetAppPingStart &rArr; _SlDrvBasicCmd &rArr; _SlDrvCmdOp &rArr; _SlDrvMsgReadCmdCtx &rArr; _SlAsyncEventGenericHandler &rArr; _sl_HandleAsync_PingResponse &rArr; _SlNonOsSemGet &rArr; _SlNonOsMainLoopTask
</UL>
<BR>[Calls]<UL><LI><a href="#[c7]">&gt;&gt;</a>&nbsp;&nbsp;&nbsp;sl_NetAppPingStart
<LI><a href="#[be]">&gt;&gt;</a>&nbsp;&nbsp;&nbsp;_SlNonOsMainLoopTask
<LI><a href="#[a3]">&gt;&gt;</a>&nbsp;&nbsp;&nbsp;__aeabi_memclr4
</UL>
<BR>[Called By]<UL><LI><a href="#[112]">&gt;&gt;</a>&nbsp;&nbsp;&nbsp;sl_app_proc
</UL>

<P><STRONG><a name="[c9]"></a>configureSimpleLinkToDefaultState</STRONG> (Thumb, 314 bytes, Stack size 96 bytes, simplelink_app.o(i.configureSimpleLinkToDefaultState))
<BR><BR>[Stack]<UL><LI>Max Depth = 720<LI>Call Chain = configureSimpleLinkToDefaultState &rArr; sl_NetAppMDNSUnRegisterService &rArr; sl_NetAppMDNSRegisterUnregisterService &rArr; _SlDrvCmdOp &rArr; _SlDrvMsgReadCmdCtx &rArr; _SlAsyncEventGenericHandler &rArr; _sl_HandleAsync_PingResponse &rArr; _SlNonOsSemGet &rArr; _SlNonOsMainLoopTask
</UL>
<BR>[Calls]<UL><LI><a href="#[cb]">&gt;&gt;</a>&nbsp;&nbsp;&nbsp;sl_WlanSetMode
<LI><a href="#[d2]">&gt;&gt;</a>&nbsp;&nbsp;&nbsp;sl_WlanSet
<LI><a href="#[d4]">&gt;&gt;</a>&nbsp;&nbsp;&nbsp;sl_WlanRxFilterSet
<LI><a href="#[cf]">&gt;&gt;</a>&nbsp;&nbsp;&nbsp;sl_WlanProfileDel
<LI><a href="#[ce]">&gt;&gt;</a>&nbsp;&nbsp;&nbsp;sl_WlanPolicySet
<LI><a href="#[d0]">&gt;&gt;</a>&nbsp;&nbsp;&nbsp;sl_WlanDisconnect
<LI><a href="#[cc]">&gt;&gt;</a>&nbsp;&nbsp;&nbsp;sl_Stop
<LI><a href="#[ca]">&gt;&gt;</a>&nbsp;&nbsp;&nbsp;sl_Start
<LI><a href="#[d1]">&gt;&gt;</a>&nbsp;&nbsp;&nbsp;sl_NetCfgSet
<LI><a href="#[d3]">&gt;&gt;</a>&nbsp;&nbsp;&nbsp;sl_NetAppMDNSUnRegisterService
<LI><a href="#[cd]">&gt;&gt;</a>&nbsp;&nbsp;&nbsp;sl_DevGet
<LI><a href="#[be]">&gt;&gt;</a>&nbsp;&nbsp;&nbsp;_SlNonOsMainLoopTask
<LI><a href="#[d5]">&gt;&gt;</a>&nbsp;&nbsp;&nbsp;initializeAppVariables
<LI><a href="#[a3]">&gt;&gt;</a>&nbsp;&nbsp;&nbsp;__aeabi_memclr4
<LI><a href="#[66]">&gt;&gt;</a>&nbsp;&nbsp;&nbsp;__aeabi_memset
</UL>
<BR>[Called By]<UL><LI><a href="#[ec]">&gt;&gt;</a>&nbsp;&nbsp;&nbsp;sl_app_init
</UL>

<P><STRONG><a name="[d6]"></a>displayBanner</STRONG> (Thumb, 30 bytes, Stack size 8 bytes, simplelink_app.o(i.displayBanner))
<BR><BR>[Stack]<UL><LI>Max Depth = 8<LI>Call Chain = displayBanner
</UL>
<BR>[Calls]<UL><LI><a href="#[98]">&gt;&gt;</a>&nbsp;&nbsp;&nbsp;__2printf
</UL>
<BR>[Called By]<UL><LI><a href="#[ec]">&gt;&gt;</a>&nbsp;&nbsp;&nbsp;sl_app_init
</UL>

<P><STRONG><a name="[e7]"></a>establishConnectionWithAP</STRONG> (Thumb, 68 bytes, Stack size 24 bytes, simplelink_app.o(i.establishConnectionWithAP))
<BR><BR>[Stack]<UL><LI>Max Depth = 552<LI>Call Chain = establishConnectionWithAP &rArr; sl_WlanConnect &rArr; _SlDrvCmdOp &rArr; _SlDrvMsgReadCmdCtx &rArr; _SlAsyncEventGenericHandler &rArr; _sl_HandleAsync_PingResponse &rArr; _SlNonOsSemGet &rArr; _SlNonOsMainLoopTask
</UL>
<BR>[Calls]<UL><LI><a href="#[e8]">&gt;&gt;</a>&nbsp;&nbsp;&nbsp;sl_WlanConnect
<LI><a href="#[be]">&gt;&gt;</a>&nbsp;&nbsp;&nbsp;_SlNonOsMainLoopTask
</UL>
<BR>[Called By]<UL><LI><a href="#[ec]">&gt;&gt;</a>&nbsp;&nbsp;&nbsp;sl_app_init
</UL>

<P><STRONG><a name="[d5]"></a>initializeAppVariables</STRONG> (Thumb, 14 bytes, Stack size 0 bytes, simplelink_app.o(i.initializeAppVariables))
<BR><BR>[Called By]<UL><LI><a href="#[c9]">&gt;&gt;</a>&nbsp;&nbsp;&nbsp;configureSimpleLinkToDefaultState
<LI><a href="#[ec]">&gt;&gt;</a>&nbsp;&nbsp;&nbsp;sl_app_init
</UL>

<P><STRONG><a name="[f8]"></a>prvCopyDataFromQueue</STRONG> (Thumb, 42 bytes, Stack size 8 bytes, queue.o(i.prvCopyDataFromQueue))
<BR><BR>[Stack]<UL><LI>Max Depth = 8<LI>Call Chain = prvCopyDataFromQueue
</UL>
<BR>[Calls]<UL><LI><a href="#[7e]">&gt;&gt;</a>&nbsp;&nbsp;&nbsp;__aeabi_memcpy
</UL>
<BR>[Called By]<UL><LI><a href="#[11e]">&gt;&gt;</a>&nbsp;&nbsp;&nbsp;xQueueGenericReceive
</UL>

<P><STRONG><a name="[f9]"></a>prvCopyDataToQueue</STRONG> (Thumb, 88 bytes, Stack size 16 bytes, queue.o(i.prvCopyDataToQueue))
<BR><BR>[Stack]<UL><LI>Max Depth = 16<LI>Call Chain = prvCopyDataToQueue
</UL>
<BR>[Calls]<UL><LI><a href="#[7e]">&gt;&gt;</a>&nbsp;&nbsp;&nbsp;__aeabi_memcpy
</UL>
<BR>[Called By]<UL><LI><a href="#[12b]">&gt;&gt;</a>&nbsp;&nbsp;&nbsp;xQueueGenericSendFromISR
<LI><a href="#[11c]">&gt;&gt;</a>&nbsp;&nbsp;&nbsp;xQueueGenericSend
</UL>

<P><STRONG><a name="[108]"></a>prvUnlockQueue</STRONG> (Thumb, 102 bytes, Stack size 16 bytes, queue.o(i.prvUnlockQueue))
<BR><BR>[Stack]<UL><LI>Max Depth = 32<LI>Call Chain = prvUnlockQueue &rArr; xTaskRemoveFromEventList
</UL>
<BR>[Calls]<UL><LI><a href="#[109]">&gt;&gt;</a>&nbsp;&nbsp;&nbsp;xTaskRemoveFromEventList
<LI><a href="#[10a]">&gt;&gt;</a>&nbsp;&nbsp;&nbsp;vTaskMissedYield
<LI><a href="#[f6]">&gt;&gt;</a>&nbsp;&nbsp;&nbsp;vPortExitCritical
<LI><a href="#[f4]">&gt;&gt;</a>&nbsp;&nbsp;&nbsp;vPortEnterCritical
</UL>
<BR>[Called By]<UL><LI><a href="#[11c]">&gt;&gt;</a>&nbsp;&nbsp;&nbsp;xQueueGenericSend
<LI><a href="#[11e]">&gt;&gt;</a>&nbsp;&nbsp;&nbsp;xQueueGenericReceive
</UL>

<P><STRONG><a name="[ef]"></a>prvAddCurrentTaskToDelayedList</STRONG> (Thumb, 48 bytes, Stack size 16 bytes, tasks.o(i.prvAddCurrentTaskToDelayedList))
<BR><BR>[Stack]<UL><LI>Max Depth = 28<LI>Call Chain = prvAddCurrentTaskToDelayedList &rArr; vListInsert
</UL>
<BR>[Calls]<UL><LI><a href="#[f0]">&gt;&gt;</a>&nbsp;&nbsp;&nbsp;vListInsert
</UL>
<BR>[Called By]<UL><LI><a href="#[124]">&gt;&gt;</a>&nbsp;&nbsp;&nbsp;vTaskPlaceOnEventList
<LI><a href="#[122]">&gt;&gt;</a>&nbsp;&nbsp;&nbsp;vTaskDelay
</UL>

<P><STRONG><a name="[f1]"></a>prvCheckTasksWaitingTermination</STRONG> (Thumb, 76 bytes, Stack size 16 bytes, tasks.o(i.prvCheckTasksWaitingTermination))
<BR><BR>[Stack]<UL><LI>Max Depth = 80<LI>Call Chain = prvCheckTasksWaitingTermination &rArr; vPortFree &rArr; xTaskResumeAll &rArr; xTaskIncrementTick
</UL>
<BR>[Calls]<UL><LI><a href="#[f3]">&gt;&gt;</a>&nbsp;&nbsp;&nbsp;xTaskResumeAll
<LI><a href="#[f2]">&gt;&gt;</a>&nbsp;&nbsp;&nbsp;vTaskSuspendAll
<LI><a href="#[f7]">&gt;&gt;</a>&nbsp;&nbsp;&nbsp;vPortFree
<LI><a href="#[f6]">&gt;&gt;</a>&nbsp;&nbsp;&nbsp;vPortExitCritical
<LI><a href="#[f4]">&gt;&gt;</a>&nbsp;&nbsp;&nbsp;vPortEnterCritical
<LI><a href="#[f5]">&gt;&gt;</a>&nbsp;&nbsp;&nbsp;uxListRemove
</UL>
<BR>[Called By]<UL><LI><a href="#[5a]">&gt;&gt;</a>&nbsp;&nbsp;&nbsp;prvIdleTask
</UL>

<P><STRONG><a name="[5a]"></a>prvIdleTask</STRONG> (Thumb, 20 bytes, Stack size 0 bytes, tasks.o(i.prvIdleTask))
<BR><BR>[Stack]<UL><LI>Max Depth = 80<LI>Call Chain = prvIdleTask &rArr; prvCheckTasksWaitingTermination &rArr; vPortFree &rArr; xTaskResumeAll &rArr; xTaskIncrementTick
</UL>
<BR>[Calls]<UL><LI><a href="#[f1]">&gt;&gt;</a>&nbsp;&nbsp;&nbsp;prvCheckTasksWaitingTermination
<LI><a href="#[fa]">&gt;&gt;</a>&nbsp;&nbsp;&nbsp;vPortYield
</UL>
<BR>[Address Reference Count : 1]<UL><LI> tasks.o(i.vTaskStartScheduler)
</UL>
<P><STRONG><a name="[13b]"></a>prvResetNextTaskUnblockTime</STRONG> (Thumb, 26 bytes, Stack size 0 bytes, tasks.o(i.prvResetNextTaskUnblockTime))
<BR><BR>[Called By]<UL><LI><a href="#[134]">&gt;&gt;</a>&nbsp;&nbsp;&nbsp;xTaskIncrementTick
</UL>

<P><STRONG><a name="[58]"></a>prvTaskExitError</STRONG> (Thumb, 6 bytes, Stack size 0 bytes, port.o(i.prvTaskExitError))
<BR><BR>[Calls]<UL><LI><a href="#[107]">&gt;&gt;</a>&nbsp;&nbsp;&nbsp;ulPortSetInterruptMask
</UL>
<BR>[Address Reference Count : 1]<UL><LI> port.o(i.pxPortInitialiseStack)
</UL>
<P><STRONG><a name="[3d]"></a>IntDefaultHandler</STRONG> (Thumb, 2 bytes, Stack size 0 bytes, stm32f10x_wtd_int.o(i.IntDefaultHandler))
<BR><BR>[Calls]<UL><LI><a href="#[3d]">&gt;&gt;</a>&nbsp;&nbsp;&nbsp;IntDefaultHandler
</UL>
<BR>[Called By]<UL><LI><a href="#[3d]">&gt;&gt;</a>&nbsp;&nbsp;&nbsp;IntDefaultHandler
</UL>
<BR>[Address Reference Count : 1]<UL><LI> stm32f10x_wtd_int.o(i.Driver_IntUnregister)
</UL>
<P><STRONG><a name="[9b]"></a>SetSysClockTo72</STRONG> (Thumb, 138 bytes, Stack size 0 bytes, system_stm32f10x.o(i.SetSysClockTo72))
<BR><BR>[Called By]<UL><LI><a href="#[3b]">&gt;&gt;</a>&nbsp;&nbsp;&nbsp;SystemInit
</UL>

<P><STRONG><a name="[129]"></a>prvucMBBIN2CHAR</STRONG> (Thumb, 26 bytes, Stack size 0 bytes, mbascii.o(i.prvucMBBIN2CHAR))
<BR><BR>[Called By]<UL><LI><a href="#[54]">&gt;&gt;</a>&nbsp;&nbsp;&nbsp;xMBASCIITransmitFSM
</UL>

<P><STRONG><a name="[dc]"></a>prvucMBLRC</STRONG> (Thumb, 28 bytes, Stack size 0 bytes, mbascii.o(i.prvucMBLRC))
<BR><BR>[Called By]<UL><LI><a href="#[50]">&gt;&gt;</a>&nbsp;&nbsp;&nbsp;eMBASCIISend
<LI><a href="#[51]">&gt;&gt;</a>&nbsp;&nbsp;&nbsp;eMBASCIIReceive
</UL>

<P><STRONG><a name="[c0]"></a>_printf_core</STRONG> (Thumb, 34 bytes, Stack size 24 bytes, printfb.o(i._printf_core), UNUSED)
<BR><BR>[Called By]<UL><LI><a href="#[bf]">&gt;&gt;</a>&nbsp;&nbsp;&nbsp;__0printf$bare
</UL>
<P>
<H3>
Undefined Global Symbols
</H3><HR></body></html>
