<html>
<body>
<pre>
<h1>礦ision Build Log</h1>
<h2>Project:</h2>
D:\Projects\H辉度模块项目\STM32F103_WTD_Carit\Project\FreeRTOS_WTD\User\MDK-ARM\STM32F103_WTD.uvproj
Project File Date:  01/05/2015

<h2>Output:</h2>
Build target 'STM32F103_WTD'
compiling main.c...
compiling simplelink_app.c...
linking...
Program Size: Code=21056 RO-data=1128 RW-data=380 ZI-data=19572  
FromELF: creating hex file...
".\output\STM32F103_WTD.axf" - 0 Error(s), 0 Warning(s).
Build target 'STM32F103_WTD'
compiling simplelink_app.c...
linking...
Program Size: Code=21060 RO-data=1128 RW-data=380 ZI-data=19572  
FromELF: creating hex file...
".\output\STM32F103_WTD.axf" - 0 Error(s), 0 Warning(s).
Build target 'STM32F103_WTD'
linking...
Program Size: Code=21060 RO-data=1128 RW-data=380 ZI-data=19572  
FromELF: creating hex file...
".\output\STM32F103_WTD.axf" - 0 Error(s), 0 Warning(s).
Load "D:\\Projects\\H辉度模块项目\\STM32F103_WTD_Carit\\Project\\FreeRTOS_WTD\\User\\MDK-ARM\\output\\STM32F103_WTD.AXF" 
Set JLink Project File to "D:\Projects\H辉度模块项目\STM32F103_WTD_Carit\Project\FreeRTOS_WTD\User\MDK-ARM\JLinkSettings.ini"
 
JLink info:
------------
DLL: V4.24b, compiled Feb 22 2011 20:47:17
Firmware: J-Link ARM V8 compiled Nov 25 2013 19:20:08
Hardware: V8.00
S/N : 17935099 
Feature(s) : RDI,FlashDL,FlashBP,JFlash 
 
* JLink Info: Found SWD-DP with ID 0x1BA01477
* JLink Info: TPIU fitted.
* JLink Info:   FPUnit: 6 code (BP) slots and 2 literal slots
* JLink Info: Found Cortex-M3 r1p1, Little endian.
ROMTableAddr = 0xE00FF003
* JLink Info: Found SWD-DP with ID 0x1BA01477
* JLink Info: TPIU fitted.
* JLink Info:   FPUnit: 6 code (BP) slots and 2 literal slots
* JLink Info: Found Cortex-M3 r1p1, Little endian.
* JLink Info: Found SWD-DP with ID 0x1BA01477
* JLink Info: TPIU fitted.
* JLink Info:   FPUnit: 6 code (BP) slots and 2 literal slots
* JLink Info: Found Cortex-M3 r1p1, Little endian.
 
Target info:
------------
Device: STM32F103RB
VTarget = 3.325V
State of Pins: 
TCK: 0, TDI: 0, TDO: 0, TMS: 1, TRES: 1, TRST: 1
Hardware-Breakpoints: 6
Software-Breakpoints: 2048
Watchpoints:          4
JTAG speed: 4000 kHz
 
Erase Done.
Programming Done.
Verify OK.
Build target 'STM32F103_WTD'
compiling simplelink_app.c...
linking...
Program Size: Code=21052 RO-data=1128 RW-data=380 ZI-data=19572  
FromELF: creating hex file...
".\output\STM32F103_WTD.axf" - 0 Error(s), 0 Warning(s).
Build target 'STM32F103_WTD'
linking...
Program Size: Code=21052 RO-data=1128 RW-data=380 ZI-data=19572  
FromELF: creating hex file...
".\output\STM32F103_WTD.axf" - 0 Error(s), 0 Warning(s).
Load "D:\\Projects\\H辉度模块项目\\STM32F103_WTD_Carit\\Project\\FreeRTOS_WTD\\User\\MDK-ARM\\output\\STM32F103_WTD.AXF" 
Set JLink Project File to "D:\Projects\H辉度模块项目\STM32F103_WTD_Carit\Project\FreeRTOS_WTD\User\MDK-ARM\JLinkSettings.ini"
 
JLink info:
------------
DLL: V4.24b, compiled Feb 22 2011 20:47:17
Firmware: J-Link ARM V8 compiled Nov 25 2013 19:20:08
Hardware: V8.00
S/N : 17935099 
Feature(s) : RDI,FlashDL,FlashBP,JFlash 
 
* JLink Info: Found SWD-DP with ID 0x1BA01477
* JLink Info: TPIU fitted.
* JLink Info:   FPUnit: 6 code (BP) slots and 2 literal slots
* JLink Info: Found Cortex-M3 r1p1, Little endian.
ROMTableAddr = 0xE00FF003
* JLink Info: Found SWD-DP with ID 0x1BA01477
* JLink Info: TPIU fitted.
* JLink Info:   FPUnit: 6 code (BP) slots and 2 literal slots
* JLink Info: Found Cortex-M3 r1p1, Little endian.
* JLink Info: Found SWD-DP with ID 0x1BA01477
* JLink Info: TPIU fitted.
* JLink Info:   FPUnit: 6 code (BP) slots and 2 literal slots
* JLink Info: Found Cortex-M3 r1p1, Little endian.
 
Target info:
------------
Device: STM32F103RB
VTarget = 3.325V
State of Pins: 
TCK: 0, TDI: 0, TDO: 0, TMS: 1, TRES: 1, TRST: 1
Hardware-Breakpoints: 6
Software-Breakpoints: 2048
Watchpoints:          4
JTAG speed: 4000 kHz
 
Erase Done.
Programming Done.
Verify OK.
Build target 'STM32F103_WTD'
compiling simplelink_app.c...
linking...
Program Size: Code=21096 RO-data=1128 RW-data=380 ZI-data=19572  
FromELF: creating hex file...
".\output\STM32F103_WTD.axf" - 0 Error(s), 0 Warning(s).
Load "D:\\Projects\\H辉度模块项目\\STM32F103_WTD_Carit\\Project\\FreeRTOS_WTD\\User\\MDK-ARM\\output\\STM32F103_WTD.AXF" 
Set JLink Project File to "D:\Projects\H辉度模块项目\STM32F103_WTD_Carit\Project\FreeRTOS_WTD\User\MDK-ARM\JLinkSettings.ini"
 
JLink info:
------------
DLL: V4.24b, compiled Feb 22 2011 20:47:17
Firmware: J-Link ARM V8 compiled Nov 25 2013 19:20:08
Hardware: V8.00
S/N : 17935099 
Feature(s) : RDI,FlashDL,FlashBP,JFlash 
 
* JLink Info: Found SWD-DP with ID 0x1BA01477
* JLink Info: TPIU fitted.
* JLink Info:   FPUnit: 6 code (BP) slots and 2 literal slots
* JLink Info: Found Cortex-M3 r1p1, Little endian.
ROMTableAddr = 0xE00FF003
* JLink Info: Found SWD-DP with ID 0x1BA01477
* JLink Info: TPIU fitted.
* JLink Info:   FPUnit: 6 code (BP) slots and 2 literal slots
* JLink Info: Found Cortex-M3 r1p1, Little endian.
* JLink Info: Found SWD-DP with ID 0x1BA01477
* JLink Info: TPIU fitted.
* JLink Info:   FPUnit: 6 code (BP) slots and 2 literal slots
* JLink Info: Found Cortex-M3 r1p1, Little endian.
 
Target info:
------------
Device: STM32F103RB
VTarget = 3.325V
State of Pins: 
TCK: 0, TDI: 0, TDO: 0, TMS: 1, TRES: 1, TRST: 1
Hardware-Breakpoints: 6
Software-Breakpoints: 2048
Watchpoints:          4
JTAG speed: 4000 kHz
 
Erase Done.
Programming Done.
Verify OK.
