ARM Linker, 4.1 [Build 644] [Standard]

==============================================================================

Section Cross References

    stm32f10x_adc.o(i.ADC_DeInit) refers to stm32f10x_rcc.o(i.RCC_APB2PeriphResetCmd) for RCC_APB2PeriphResetCmd
    stm32f10x_bkp.o(i.BKP_DeInit) refers to stm32f10x_rcc.o(i.RCC_BackupResetCmd) for RCC_BackupResetCmd
    stm32f10x_can.o(i.CAN_DeInit) refers to stm32f10x_rcc.o(i.RCC_APB1PeriphResetCmd) for RCC_APB1PeriphResetCmd
    stm32f10x_can.o(i.CAN_GetITStatus) refers to stm32f10x_can.o(i.CheckITStatus) for CheckITStatus
    stm32f10x_cec.o(i.CEC_DeInit) refers to stm32f10x_rcc.o(i.RCC_APB1PeriphResetCmd) for RCC_APB1PeriphResetCmd
    stm32f10x_dac.o(i.DAC_DeInit) refers to stm32f10x_rcc.o(i.RCC_APB1PeriphResetCmd) for RCC_APB1PeriphResetCmd
    stm32f10x_flash.o(i.FLASH_EnableWriteProtection) refers to stm32f10x_flash.o(i.FLASH_WaitForLastOperation) for FLASH_WaitForLastOperation
    stm32f10x_flash.o(i.FLASH_EraseAllBank1Pages) refers to stm32f10x_flash.o(i.FLASH_WaitForLastBank1Operation) for FLASH_WaitForLastBank1Operation
    stm32f10x_flash.o(i.FLASH_EraseAllPages) refers to stm32f10x_flash.o(i.FLASH_WaitForLastOperation) for FLASH_WaitForLastOperation
    stm32f10x_flash.o(i.FLASH_EraseOptionBytes) refers to stm32f10x_flash.o(i.FLASH_GetReadOutProtectionStatus) for FLASH_GetReadOutProtectionStatus
    stm32f10x_flash.o(i.FLASH_EraseOptionBytes) refers to stm32f10x_flash.o(i.FLASH_WaitForLastOperation) for FLASH_WaitForLastOperation
    stm32f10x_flash.o(i.FLASH_ErasePage) refers to stm32f10x_flash.o(i.FLASH_WaitForLastOperation) for FLASH_WaitForLastOperation
    stm32f10x_flash.o(i.FLASH_ProgramHalfWord) refers to stm32f10x_flash.o(i.FLASH_WaitForLastOperation) for FLASH_WaitForLastOperation
    stm32f10x_flash.o(i.FLASH_ProgramOptionByteData) refers to stm32f10x_flash.o(i.FLASH_WaitForLastOperation) for FLASH_WaitForLastOperation
    stm32f10x_flash.o(i.FLASH_ProgramWord) refers to stm32f10x_flash.o(i.FLASH_WaitForLastOperation) for FLASH_WaitForLastOperation
    stm32f10x_flash.o(i.FLASH_ReadOutProtection) refers to stm32f10x_flash.o(i.FLASH_WaitForLastOperation) for FLASH_WaitForLastOperation
    stm32f10x_flash.o(i.FLASH_UserOptionByteConfig) refers to stm32f10x_flash.o(i.FLASH_WaitForLastOperation) for FLASH_WaitForLastOperation
    stm32f10x_flash.o(i.FLASH_WaitForLastBank1Operation) refers to stm32f10x_flash.o(i.FLASH_GetBank1Status) for FLASH_GetBank1Status
    stm32f10x_flash.o(i.FLASH_WaitForLastOperation) refers to stm32f10x_flash.o(i.FLASH_GetBank1Status) for FLASH_GetBank1Status
    stm32f10x_gpio.o(i.GPIO_AFIODeInit) refers to stm32f10x_rcc.o(i.RCC_APB2PeriphResetCmd) for RCC_APB2PeriphResetCmd
    stm32f10x_gpio.o(i.GPIO_DeInit) refers to stm32f10x_rcc.o(i.RCC_APB2PeriphResetCmd) for RCC_APB2PeriphResetCmd
    stm32f10x_i2c.o(i.I2C_DeInit) refers to stm32f10x_rcc.o(i.RCC_APB1PeriphResetCmd) for RCC_APB1PeriphResetCmd
    stm32f10x_i2c.o(i.I2C_Init) refers to stm32f10x_rcc.o(i.RCC_GetClocksFreq) for RCC_GetClocksFreq
    stm32f10x_pwr.o(i.PWR_DeInit) refers to stm32f10x_rcc.o(i.RCC_APB1PeriphResetCmd) for RCC_APB1PeriphResetCmd
    stm32f10x_rcc.o(i.RCC_GetClocksFreq) refers to stm32f10x_rcc.o(.data) for .data
    stm32f10x_rcc.o(i.RCC_WaitForHSEStartUp) refers to stm32f10x_rcc.o(i.RCC_GetFlagStatus) for RCC_GetFlagStatus
    stm32f10x_rtc.o(i.RTC_SetAlarm) refers to stm32f10x_rtc.o(i.RTC_EnterConfigMode) for RTC_EnterConfigMode
    stm32f10x_rtc.o(i.RTC_SetAlarm) refers to stm32f10x_rtc.o(i.RTC_ExitConfigMode) for RTC_ExitConfigMode
    stm32f10x_rtc.o(i.RTC_SetCounter) refers to stm32f10x_rtc.o(i.RTC_EnterConfigMode) for RTC_EnterConfigMode
    stm32f10x_rtc.o(i.RTC_SetCounter) refers to stm32f10x_rtc.o(i.RTC_ExitConfigMode) for RTC_ExitConfigMode
    stm32f10x_rtc.o(i.RTC_SetPrescaler) refers to stm32f10x_rtc.o(i.RTC_EnterConfigMode) for RTC_EnterConfigMode
    stm32f10x_rtc.o(i.RTC_SetPrescaler) refers to stm32f10x_rtc.o(i.RTC_ExitConfigMode) for RTC_ExitConfigMode
    stm32f10x_spi.o(i.I2S_Init) refers to stm32f10x_rcc.o(i.RCC_GetClocksFreq) for RCC_GetClocksFreq
    stm32f10x_spi.o(i.SPI_I2S_DeInit) refers to stm32f10x_rcc.o(i.RCC_APB2PeriphResetCmd) for RCC_APB2PeriphResetCmd
    stm32f10x_spi.o(i.SPI_I2S_DeInit) refers to stm32f10x_rcc.o(i.RCC_APB1PeriphResetCmd) for RCC_APB1PeriphResetCmd
    stm32f10x_tim.o(i.TIM_DeInit) refers to stm32f10x_rcc.o(i.RCC_APB1PeriphResetCmd) for RCC_APB1PeriphResetCmd
    stm32f10x_tim.o(i.TIM_DeInit) refers to stm32f10x_rcc.o(i.RCC_APB2PeriphResetCmd) for RCC_APB2PeriphResetCmd
    stm32f10x_tim.o(i.TIM_ETRClockMode1Config) refers to stm32f10x_tim.o(i.TIM_ETRConfig) for TIM_ETRConfig
    stm32f10x_tim.o(i.TIM_ETRClockMode2Config) refers to stm32f10x_tim.o(i.TIM_ETRConfig) for TIM_ETRConfig
    stm32f10x_tim.o(i.TIM_ICInit) refers to stm32f10x_tim.o(i.TI1_Config) for TI1_Config
    stm32f10x_tim.o(i.TIM_ICInit) refers to stm32f10x_tim.o(i.TIM_SetIC1Prescaler) for TIM_SetIC1Prescaler
[...]
    i.prvResetNextTaskUnblockTime            0x0800346c   Section        0  tasks.o(i.prvResetNextTaskUnblockTime)
    prvResetNextTaskUnblockTime              0x0800346d   Thumb Code    26  tasks.o(i.prvResetNextTaskUnblockTime)
    i.prvSetupHardware                       0x0800348c   Section        0  main.o(i.prvSetupHardware)
    prvSetupHardware                         0x0800348d   Thumb Code   166  main.o(i.prvSetupHardware)
    i.prvTaskExitError                       0x0800353c   Section        0  port.o(i.prvTaskExitError)
    prvTaskExitError                         0x0800353d   Thumb Code     6  port.o(i.prvTaskExitError)
    i.prvUnlockQueue                         0x08003542   Section        0  queue.o(i.prvUnlockQueue)
    prvUnlockQueue                           0x08003543   Thumb Code   102  queue.o(i.prvUnlockQueue)
    i.prvucMBBIN2CHAR                        0x080035a8   Section        0  mbascii.o(i.prvucMBBIN2CHAR)
    prvucMBBIN2CHAR                          0x080035a9   Thumb Code    26  mbascii.o(i.prvucMBBIN2CHAR)
    i.prvucMBLRC                             0x080035c2   Section        0  mbascii.o(i.prvucMBLRC)
    prvucMBLRC                               0x080035c3   Thumb Code    28  mbascii.o(i.prvucMBLRC)
    i.prvvMBSerialIRQHandler                 0x080035e0   Section        0  portserial.o(i.prvvMBSerialIRQHandler)
    i.prvvMBTimerIRQHandler                  0x08003670   Section        0  porttimer.o(i.prvvMBTimerIRQHandler)
    i.pvPortMalloc                           0x080036a0   Section        0  heap_2.o(i.pvPortMalloc)
    i.pxPortInitialiseStack                  0x08003754   Section        0  port.o(i.pxPortInitialiseStack)
    i.sl_DevGet                              0x08003774   Section        0  device.o(i.sl_DevGet)
    i.sl_NetAppDnsGetHostByName              0x080037e4   Section        0  netapp.o(i.sl_NetAppDnsGetHostByName)
    i.sl_NetAppMDNSRegisterUnregisterService 0x080038b8   Section        0  netapp.o(i.sl_NetAppMDNSRegisterUnregisterService)
    i.sl_NetAppMDNSUnRegisterService         0x08003934   Section        0  netapp.o(i.sl_NetAppMDNSUnRegisterService)
    i.sl_NetAppPingStart                     0x08003948   Section        0  netapp.o(i.sl_NetAppPingStart)
    i.sl_NetAppSendTokenValue                0x08003a58   Section        0  netapp.o(i.sl_NetAppSendTokenValue)
    i.sl_NetCfgSet                           0x08003aa8   Section        0  netcfg.o(i.sl_NetCfgSet)
    i.sl_Start                               0x08003ae8   Section        0  device.o(i.sl_Start)
    i.sl_Stop                                0x08003bac   Section        0  device.o(i.sl_Stop)
    i.sl_WlanConnect                         0x08003c74   Section        0  wlan.o(i.sl_WlanConnect)
    i.sl_WlanDisconnect                      0x08003e00   Section        0  wlan.o(i.sl_WlanDisconnect)
    i.sl_WlanPolicySet                       0x08003e08   Section        0  wlan.o(i.sl_WlanPolicySet)
    i.sl_WlanProfileDel                      0x08003e40   Section        0  wlan.o(i.sl_WlanProfileDel)
    i.sl_WlanRxFilterSet                     0x08003e60   Section        0  wlan.o(i.sl_WlanRxFilterSet)
    i.sl_WlanSet                             0x08003e94   Section        0  wlan.o(i.sl_WlanSet)
    i.sl_WlanSetMode                         0x08003ed4   Section        0  wlan.o(i.sl_WlanSetMode)
    i.sl_app_init                            0x08003ef4   Section        0  simplelink_app.o(i.sl_app_init)
    i.sl_app_proc                            0x08004060   Section        0  simplelink_app.o(i.sl_app_proc)
    i.usMBCRC16                              0x08004184   Section        0  mbcrc.o(i.usMBCRC16)
    i.uxListRemove                           0x080041b4   Section        0  list.o(i.uxListRemove)
    i.vListInitialise                        0x080041d8   Section        0  list.o(i.vListInitialise)
    i.vListInitialiseItem                    0x080041ee   Section        0  list.o(i.vListInitialiseItem)
    i.vListInsert                            0x080041f4   Section        0  list.o(i.vListInsert)
    i.vListInsertEnd                         0x08004224   Section        0  list.o(i.vListInsertEnd)
    i.vMBASCIIGetBuffer                      0x0800423c   Section        0  mbascii.o(i.vMBASCIIGetBuffer)
    i.vMBPortClose                           0x0800424c   Section        0  portother.o(i.vMBPortClose)
    i.vMBPortEnterCritical                   0x0800425e   Section        0  portother.o(i.vMBPortEnterCritical)
    i.vMBPortEventClose                      0x08004264   Section        0  portevent.o(i.vMBPortEventClose)
    i.vMBPortExitCritical                    0x0800427c   Section        0  portother.o(i.vMBPortExitCritical)
    i.vMBPortSerialClose                     0x08004280   Section        0  portserial.o(i.vMBPortSerialClose)
    i.vMBPortSerialEnable                    0x08004308   Section        0  portserial.o(i.vMBPortSerialEnable)
    i.vMBPortSetWithinException              0x08004454   Section        0  portother.o(i.vMBPortSetWithinException)
    i.vMBPortTimerClose                      0x08004460   Section        0  porttimer.o(i.vMBPortTimerClose)
    i.vMBPortTimersDisable                   0x08004494   Section        0  porttimer.o(i.vMBPortTimersDisable)
    i.vMBPortTimersEnable                    0x080044b6   Section        0  porttimer.o(i.vMBPortTimersEnable)
    i.vMBPortWaitEnd                         0x080044e4   Section        0  portother.o(i.vMBPortWaitEnd)
    i.vMBPortWaitStart                       0x0800450c   Section        0  portother.o(i.vMBPortWaitStart)
    i.vMBRTUGetBuffer                        0x0800454c   Section        0  mbrtu.o(i.vMBRTUGetBuffer)
    i.vModbusTask                            0x08004558   Section        0  main.o(i.vModbusTask)
    vModbusTask                              0x08004559   Thumb Code    28  main.o(i.vModbusTask)
    i.vPollTask                              0x08004574   Section        0  main.o(i.vPollTask)
    vPollTask                                0x08004575   Thumb Code    12  main.o(i.vPollTask)
    i.vPortEnterCritical                     0x08004580   Section        0  port.o(i.vPortEnterCritical)
    i.vPortExitCritical                      0x0800459c   Section        0  port.o(i.vPortExitCritical)
    i.vPortFree                              0x080045b0   Section        0  heap_2.o(i.vPortFree)
    i.vPortSetupTimerInterrupt               0x080045ec   Section        0  port.o(i.vPortSetupTimerInterrupt)
    i.vPortYield                             0x08004600   Section        0  port.o(i.vPortYield)
    i.vQueueDelete                           0x08004618   Section        0  queue.o(i.vQueueDelete)
    i.vSetPollingThreadState                 0x08004630   Section        0  mb.o(i.vSetPollingThreadState)
    i.vTaskDelay                             0x08004648   Section        0  tasks.o(i.vTaskDelay)
    i.vTaskMissedYield                       0x0800467c   Section        0  tasks.o(i.vTaskMissedYield)
    i.vTaskPlaceOnEventList                  0x08004688   Section        0  tasks.o(i.vTaskPlaceOnEventList)
    i.vTaskSetTimeOutState                   0x080046c4   Section        0  tasks.o(i.vTaskSetTimeOutState)
    i.vTaskStartScheduler                    0x080046d4   Section        0  tasks.o(i.vTaskStartScheduler)
    i.vTaskSuspendAll                        0x08004718   Section        0  tasks.o(i.vTaskSuspendAll)
    i.vTaskSwitchContext                     0x08004728   Section        0  tasks.o(i.vTaskSwitchContext)
    i.xMBASCIIReceiveFSM                     0x08004778   Section        0  mbascii.o(i.xMBASCIIReceiveFSM)
    i.xMBASCIITimerT1SExpired                0x08004854   Section        0  mbascii.o(i.xMBASCIITimerT1SExpired)
    i.xMBASCIITransmitFSM                    0x08004874   Section        0  mbascii.o(i.xMBASCIITransmitFSM)
    i.xMBPortEventGet                        0x08004918   Section        0  portevent.o(i.xMBPortEventGet)
    i.xMBPortEventInit                       0x08004938   Section        0  portevent.o(i.xMBPortEventInit)
    i.xMBPortEventPost                       0x08004958   Section        0  portevent.o(i.xMBPortEventPost)
    i.xMBPortSerialGetByte                   0x08004984   Section        0  portserial.o(i.xMBPortSerialGetByte)
    i.xMBPortSerialInit                      0x080049a8   Section        0  portserial.o(i.xMBPortSerialInit)
    i.xMBPortSerialPutByte                   0x08004b58   Section        0  portserial.o(i.xMBPortSerialPutByte)
    i.xMBPortTimersInit                      0x08004b7c   Section        0  porttimer.o(i.xMBPortTimersInit)
    i.xMBRTUReceiveFSM                       0x08004c14   Section        0  mbrtu.o(i.xMBRTUReceiveFSM)
    i.xMBRTUTimerT35Expired                  0x08004c74   Section        0  mbrtu.o(i.xMBRTUTimerT35Expired)
    i.xMBRTUTransmitFSM                      0x08004c9c   Section        0  mbrtu.o(i.xMBRTUTransmitFSM)
    i.xPortStartScheduler                    0x08004cec   Section        0  port.o(i.xPortStartScheduler)
    i.xPortSysTickHandler                    0x08004d1c   Section        0  port.o(i.xPortSysTickHandler)
    i.xQueueGenericCreate                    0x08004d40   Section        0  queue.o(i.xQueueGenericCreate)
    i.xQueueGenericReceive                   0x08004d82   Section        0  queue.o(i.xQueueGenericReceive)
    i.xQueueGenericReset                     0x08004e68   Section        0  queue.o(i.xQueueGenericReset)
    i.xQueueGenericSend                      0x08004ec8   Section        0  queue.o(i.xQueueGenericSend)
    i.xQueueGenericSendFromISR               0x08004f9e   Section        0  queue.o(i.xQueueGenericSendFromISR)
    i.xTaskCheckForTimeOut                   0x08005000   Section        0  tasks.o(i.xTaskCheckForTimeOut)
    i.xTaskGenericCreate                     0x08005048   Section        0  tasks.o(i.xTaskGenericCreate)
    i.xTaskIncrementTick                     0x080051a4   Section        0  tasks.o(i.xTaskIncrementTick)
    i.xTaskRemoveFromEventList               0x08005258   Section        0  tasks.o(i.xTaskRemoveFromEventList)
    i.xTaskResumeAll                         0x080052b4   Section        0  tasks.o(i.xTaskResumeAll)
    .constdata                               0x08005354   Section       84  simplelink_app.o(.constdata)
    .constdata                               0x080053a8   Section       72  portserial.o(.constdata)
    .constdata                               0x080053f0   Section      512  mbcrc.o(.constdata)
    aucCRCHi                                 0x080053f0   Data         256  mbcrc.o(.constdata)
    aucCRCLo                                 0x080054f0   Data         256  mbcrc.o(.constdata)
    .constdata                               0x080055f0   Section       20  device.o(.constdata)
    .constdata                               0x08005604   Section       72  driver.o(.constdata)
    .constdata                               0x0800564c   Section       40  netapp.o(.constdata)
    .constdata                               0x08005674   Section        8  netcfg.o(.constdata)
    .constdata                               0x0800567c   Section       52  wlan.o(.constdata)
    .ARM.__AT_0x20000000                     0x20000000   Section      256  stm32f10x_wtd_int.o(.ARM.__AT_0x20000000)
    l_pfnVectors                             0x20000000   Data         256  stm32f10x_wtd_int.o(.ARM.__AT_0x20000000)
    .data                                    0x20000100   Section       20  stm32f10x_rcc.o(.data)
    ADCPrescTable                            0x20000100   Data           4  stm32f10x_rcc.o(.data)
    APBAHBPrescTable                         0x20000104   Data          16  stm32f10x_rcc.o(.data)
    .data                                    0x20000114   Section       12  simplelink_app.o(.data)
    .data                                    0x20000120   Section       56  tasks.o(.data)
    uxTasksDeleted                           0x20000124   Data           4  tasks.o(.data)
    uxCurrentNumberOfTasks                   0x20000128   Data           4  tasks.o(.data)
    xTickCount                               0x2000012c   Data           4  tasks.o(.data)
    uxTopReadyPriority                       0x20000130   Data           4  tasks.o(.data)
    xSchedulerRunning                        0x20000134   Data           4  tasks.o(.data)
    uxPendedTicks                            0x20000138   Data           4  tasks.o(.data)
    xYieldPending                            0x2000013c   Data           4  tasks.o(.data)
    xNumOfOverflows                          0x20000140   Data           4  tasks.o(.data)
    uxTaskNumber                             0x20000144   Data           4  tasks.o(.data)
    xNextTaskUnblockTime                     0x20000148   Data           4  tasks.o(.data)
    uxSchedulerSuspended                     0x2000014c   Data           4  tasks.o(.data)
    pxDelayedTaskList                        0x20000150   Data           4  tasks.o(.data)
    pxOverflowDelayedTaskList                0x20000154   Data           4  tasks.o(.data)
    .data                                    0x20000158   Section       24  heap_2.o(.data)
    xFreeBytesRemaining                      0x20000158   Data           4  heap_2.o(.data)
    xHeapHasBeenInitialised                  0x2000015c   Data           4  heap_2.o(.data)
    xStart                                   0x20000160   Data           8  heap_2.o(.data)
    xEnd                                     0x20000168   Data           8  heap_2.o(.data)
    .data                                    0x20000170   Section        4  port.o(.data)
    uxCriticalNesting                        0x20000170   Data           4  port.o(.data)
    .data                                    0x20000174   Section        4  stm32f10x_wtd_usart.o(.data)
    .data                                    0x20000178   Section        8  mbmasterfunc.o(.data)
    pucDataDest                              0x20000178   Data           4  mbmasterfunc.o(.data)
    pusDataDest                              0x2000017c   Data           4  mbmasterfunc.o(.data)
    .data                                    0x20000180   Section        4  portevent.o(.data)
    xQueueHdl                                0x20000180   Data           4  portevent.o(.data)
    .data                                    0x20000184   Section       12  portother.o(.data)
    bIsWithinException                       0x20000184   Data           1  portother.o(.data)
    bWaitEnable                              0x20000185   Data           1  portother.o(.data)
    xMBSemaphore                             0x20000188   Data           4  portother.o(.data)
    xMBMasterWaitSem                         0x2000018c   Data           4  portother.o(.data)
    .data                                    0x20000190   Section        1  portserial.o(.data)
    ucUsedPort                               0x20000190   Data           1  portserial.o(.data)
    .data                                    0x20000194   Section        4  porttimer.o(.data)
    ulMasterTimeoutMs                        0x20000194   Data           4  porttimer.o(.data)
    .data                                    0x20000198   Section      180  mb.o(.data)
    eMBCurrentMode                           0x20000198   Data           1  mb.o(.data)
    eMBState                                 0x20000199   Data           1  mb.o(.data)
    ePollThreadState                         0x2000019a   Data           1  mb.o(.data)
    ucRcvAddress                             0x2000019c   Data           1  mb.o(.data)
    ucFunctionCode                           0x2000019d   Data           1  mb.o(.data)
    eException                               0x2000019e   Data           1  mb.o(.data)
    peMBFrameSendCur                         0x200001a8   Data           4  mb.o(.data)
    pvMBFrameStartCur                        0x200001ac   Data           4  mb.o(.data)
    pvMBFrameStopCur                         0x200001b0   Data           4  mb.o(.data)
    peMBFrameReceiveCur                      0x200001b4   Data           4  mb.o(.data)
    pvMBFrameCloseCur                        0x200001b8   Data           4  mb.o(.data)
    pvMBFrameGetBufferCur                    0x200001bc   Data           4  mb.o(.data)
    xFuncHandlers                            0x200001cc   Data         128  mb.o(.data)
    .data                                    0x2000024c   Section       12  mbrtu.o(.data)
    eSndState                                0x2000024c   Data           1  mbrtu.o(.data)
    eRcvState                                0x2000024d   Data           1  mbrtu.o(.data)
    usSndBufferCount                         0x2000024e   Data           2  mbrtu.o(.data)
    usRcvBufferPos                           0x20000250   Data           2  mbrtu.o(.data)
    pucSndBufferCur                          0x20000254   Data           4  mbrtu.o(.data)
    .data                                    0x20000258   Section        2  mbfuncother.o(.data)
    usMBSlaveIDLen                           0x20000258   Data           2  mbfuncother.o(.data)
    .data                                    0x2000025c   Section       16  mbascii.o(.data)
    eSndState                                0x2000025c   Data           1  mbascii.o(.data)
    eRcvState                                0x2000025d   Data           1  mbascii.o(.data)
    eBytePos                                 0x2000025e   Data           1  mbascii.o(.data)
    ucMBLFCharacter                          0x2000025f   Data           1  mbascii.o(.data)
    usRcvBufferPos                           0x20000260   Data           2  mbascii.o(.data)
    usSndBufferCount                         0x20000262   Data           2  mbascii.o(.data)
    ucASCIIBuf                               0x20000264   Data           4  mbascii.o(.data)
    pucSndBufferCur                          0x20000268   Data           4  mbascii.o(.data)
    .data                                    0x2000026c   Section        8  driver.o(.data)
    .data                                    0x20000274   Section        4  driver.o(.data)
    .data                                    0x20000278   Section        4  stdout.o(.data)
    .bss                                     0x2000027c   Section      200  tasks.o(.bss)
    pxReadyTasksLists                        0x2000027c   Data         100  tasks.o(.bss)
    xDelayedTaskList1                        0x200002e0   Data          20  tasks.o(.bss)
    xDelayedTaskList2                        0x200002f4   Data          20  tasks.o(.bss)
    xPendingReadyList                        0x20000308   Data          20  tasks.o(.bss)
    xTasksWaitingTermination                 0x2000031c   Data          20  tasks.o(.bss)
    xSuspendedTaskList                       0x20000330   Data          20  tasks.o(.bss)
    .bss                                     0x20000344   Section    17408  heap_2.o(.bss)
    ucHeap                                   0x20000344   Data       17408  heap_2.o(.bss)
    .bss                                     0x20004744   Section      256  mbrtu.o(.bss)
    .bss                                     0x20004844   Section       32  mbfuncother.o(.bss)
    ucMBSlaveID                              0x20004844   Data          32  mbfuncother.o(.bss)
    .bss                                     0x20004864   Section      356  driver.o(.bss)
    .bss                                     0x200049c8   Section       40  nonos.o(.bss)
    STACK                                    0x200049f0   Section     1024  startup_stm32f10x_freertos.o(STACK)

    Global Symbols

    Symbol Name                              Value     Ov Type        Size  Object(Section)

    BuildAttributes$$THM_ISAv4$P$D$K$B$S$PE$A:L22UL41UL21$X:L11$S22US41US21$IEEE1$IW$USESV6$~STKCKD$USESV7$~SHL$OSPACE$ROPI$EBA8$MICROLIB$REQ8$PRES8$EABIv2 0x00000000   Number         0  anon$$obj.o ABSOLUTE
    __ARM_use_no_argv                        0x00000000   Number         0  main.o ABSOLUTE
    __Vectors_Size                           0x000000ec   Number         0  startup_stm32f10x_freertos.o ABSOLUTE
    __Vectors                                0x08000000   Data           4  startup_stm32f10x_freertos.o(RESET)
    __Vectors_End                            0x080000ec   Data           0  startup_stm32f10x_freertos.o(RESET)
    __main                                   0x080000ed   Thumb Code     0  entry.o(.ARM.Collect$$$$00000000)
    _main_stk                                0x080000ed   Thumb Code     0  entry2.o(.ARM.Collect$$$$00000001)
    _main_scatterload                        0x080000f1   Thumb Code     0  entry5.o(.ARM.Collect$$$$00000004)
    __main_after_scatterload                 0x080000f5   Thumb Code     0  entry5.o(.ARM.Collect$$$$00000004)
    _main_init                               0x080000f5   Thumb Code     0  entry7.o(.ARM.Collect$$$$00000007)
    vPortSVCHandler                          0x08000101   Thumb Code    32  port.o(.emb_text)
    __asm___6_port_c_39a90d8d__prvStartFirstTask 0x08000125   Thumb Code    24  port.o(.emb_text)
    xPortPendSVHandler                       0x08000141   Thumb Code    64  port.o(.emb_text)
    ulPortSetInterruptMask                   0x08000185   Thumb Code    14  port.o(.emb_text)
    vPortClearInterruptMask                  0x08000193   Thumb Code     6  port.o(.emb_text)
    vPortGetIPSR                             0x08000199   Thumb Code     6  port.o(.emb_text)
    Reset_Handler                            0x080001a1   Thumb Code     8  startup_stm32f10x_freertos.o(.text)
    ADC1_2_IRQHandler                        0x080001bb   Thumb Code     0  startup_stm32f10x_freertos.o(.text)
    CAN1_RX1_IRQHandler                      0x080001bb   Thumb Code     0  startup_stm32f10x_freertos.o(.text)
    CAN1_SCE_IRQHandler                      0x080001bb   Thumb Code     0  startup_stm32f10x_freertos.o(.text)
    DMA1_Channel1_IRQHandler                 0x080001bb   Thumb Code     0  startup_stm32f10x_freertos.o(.text)
    DMA1_Channel2_IRQHandler                 0x080001bb   Thumb Code     0  startup_stm32f10x_freertos.o(.text)
    DMA1_Channel3_IRQHandler                 0x080001bb   Thumb Code     0  startup_stm32f10x_freertos.o(.text)
    DMA1_Channel4_IRQHandler                 0x080001bb   Thumb Code     0  startup_stm32f10x_freertos.o(.text)
    DMA1_Channel5_IRQHandler                 0x080001bb   Thumb Code     0  startup_stm32f10x_freertos.o(.text)
    DMA1_Channel6_IRQHandler                 0x080001bb   Thumb Code     0  startup_stm32f10x_freertos.o(.text)
    DMA1_Channel7_IRQHandler                 0x080001bb   Thumb Code     0  startup_stm32f10x_freertos.o(.text)
    EXTI15_10_IRQHandler                     0x080001bb   Thumb Code     0  startup_stm32f10x_freertos.o(.text)
    EXTI1_IRQHandler                         0x080001bb   Thumb Code     0  startup_stm32f10x_freertos.o(.text)
    EXTI2_IRQHandler                         0x080001bb   Thumb Code     0  startup_stm32f10x_freertos.o(.text)
    EXTI3_IRQHandler                         0x080001bb   Thumb Code     0  startup_stm32f10x_freertos.o(.text)
    EXTI4_IRQHandler                         0x080001bb   Thumb Code     0  startup_stm32f10x_freertos.o(.text)
    EXTI9_5_IRQHandler                       0x080001bb   Thumb Code     0  startup_stm32f10x_freertos.o(.text)
    FLASH_IRQHandler                         0x080001bb   Thumb Code     0  startup_stm32f10x_freertos.o(.text)
    I2C1_ER_IRQHandler                       0x080001bb   Thumb Code     0  startup_stm32f10x_freertos.o(.text)
    I2C1_EV_IRQHandler                       0x080001bb   Thumb Code     0  startup_stm32f10x_freertos.o(.text)
    I2C2_ER_IRQHandler                       0x080001bb   Thumb Code     0  startup_stm32f10x_freertos.o(.text)
    I2C2_EV_IRQHandler                       0x080001bb   Thumb Code     0  startup_stm32f10x_freertos.o(.text)
    PVD_IRQHandler                           0x080001bb   Thumb Code     0  startup_stm32f10x_freertos.o(.text)
    RCC_IRQHandler                           0x080001bb   Thumb Code     0  startup_stm32f10x_freertos.o(.text)
    RTCAlarm_IRQHandler                      0x080001bb   Thumb Code     0  startup_stm32f10x_freertos.o(.text)
    RTC_IRQHandler                           0x080001bb   Thumb Code     0  startup_stm32f10x_freertos.o(.text)
    SPI1_IRQHandler                          0x080001bb   Thumb Code     0  startup_stm32f10x_freertos.o(.text)
    SPI2_IRQHandler                          0x080001bb   Thumb Code     0  startup_stm32f10x_freertos.o(.text)
    TAMPER_IRQHandler                        0x080001bb   Thumb Code     0  startup_stm32f10x_freertos.o(.text)
    TIM1_BRK_IRQHandler                      0x080001bb   Thumb Code     0  startup_stm32f10x_freertos.o(.text)
    TIM1_CC_IRQHandler                       0x080001bb   Thumb Code     0  startup_stm32f10x_freertos.o(.text)
    TIM1_TRG_COM_IRQHandler                  0x080001bb   Thumb Code     0  startup_stm32f10x_freertos.o(.text)
    TIM1_UP_IRQHandler                       0x080001bb   Thumb Code     0  startup_stm32f10x_freertos.o(.text)
    TIM3_IRQHandler                          0x080001bb   Thumb Code     0  startup_stm32f10x_freertos.o(.text)
    TIM4_IRQHandler                          0x080001bb   Thumb Code     0  startup_stm32f10x_freertos.o(.text)
    USART3_IRQHandler                        0x080001bb   Thumb Code     0  startup_stm32f10x_freertos.o(.text)
    USBWakeUp_IRQHandler                     0x080001bb   Thumb Code     0  startup_stm32f10x_freertos.o(.text)
    USB_HP_CAN1_TX_IRQHandler                0x080001bb   Thumb Code     0  startup_stm32f10x_freertos.o(.text)
    USB_LP_CAN1_RX0_IRQHandler               0x080001bb   Thumb Code     0  startup_stm32f10x_freertos.o(.text)
    WWDG_IRQHandler                          0x080001bb   Thumb Code     0  startup_stm32f10x_freertos.o(.text)
    __aeabi_memcpy                           0x080001c5   Thumb Code    36  memcpya.o(.text)
    __aeabi_memcpy4                          0x080001c5   Thumb Code     0  memcpya.o(.text)
    __aeabi_memcpy8                          0x080001c5   Thumb Code     0  memcpya.o(.text)
    __aeabi_memset                           0x080001e9   Thumb Code    14  memseta.o(.text)
    __aeabi_memset4                          0x080001e9   Thumb Code     0  memseta.o(.text)
    __aeabi_memset8                          0x080001e9   Thumb Code     0  memseta.o(.text)
    __aeabi_memclr                           0x080001f7   Thumb Code     4  memseta.o(.text)
    __aeabi_memclr4                          0x080001f7   Thumb Code     0  memseta.o(.text)
    __aeabi_memclr8                          0x080001f7   Thumb Code     0  memseta.o(.text)
    _memset$wrapper                          0x080001fb   Thumb Code    20  memseta.o(.text)
    __scatterload                            0x08000211   Thumb Code    28  init.o(.text)
    __scatterload_rt2                        0x08000211   Thumb Code     0  init.o(.text)
    __decompress                             0x08000235   Thumb Code     0  __dczerorl2.o(.text)
    __decompress1                            0x08000235   Thumb Code    92  __dczerorl2.o(.text)
    BusFault_Handler                         0x08000291   Thumb Code     2  stm32f10x_it.o(i.BusFault_Handler)
    CC3100_HWInit                            0x08000295   Thumb Code   108  cc_pal.o(i.CC3100_HWInit)
    CC3100_MaskInterrupt                     0x08000309   Thumb Code    20  cc_pal.o(i.CC3100_MaskInterrupt)
    CC3100_PowerOff                          0x08000321   Thumb Code     8  cc_pal.o(i.CC3100_PowerOff)
    CC3100_PowerOn                           0x0800032d   Thumb Code     8  cc_pal.o(i.CC3100_PowerOn)
    CC3100_PowerOnPreamble                   0x08000339   Thumb Code     2  cc_pal.o(i.CC3100_PowerOnPreamble)
    CC3100_RegisterInterruptHandler          0x0800033b   Thumb Code    82  cc_pal.o(i.CC3100_RegisterInterruptHandler)
    CC3100_UnMaskInterrupt                   0x0800038d   Thumb Code    12  cc_pal.o(i.CC3100_UnMaskInterrupt)
    CopyPingResultsToReport                  0x0800039d   Thumb Code    26  netapp.o(i.CopyPingResultsToReport)
    DebugMon_Handler                         0x080003b7   Thumb Code     2  stm32f10x_it.o(i.DebugMon_Handler)
    Dirver_UsartNVICInit                     0x080003b9   Thumb Code   116  stm32f10x_wtd_usart.o(i.Dirver_UsartNVICInit)
    Driver_IntRegister                       0x08000439   Thumb Code    12  stm32f10x_wtd_int.o(i.Driver_IntRegister)
    Driver_IntRelocate                       0x08000449   Thumb Code    28  stm32f10x_wtd_int.o(i.Driver_IntRelocate)
    Driver_IntUnregister                     0x08000471   Thumb Code    14  stm32f10x_wtd_int.o(i.Driver_IntUnregister)
    Driver_Spi_Close                         0x08000489   Thumb Code    10  stm32f10x_wtd_spi.o(i.Driver_Spi_Close)
    Driver_Spi_DeInit                        0x08000495   Thumb Code    24  stm32f10x_wtd_spi.o(i.Driver_Spi_DeInit)
    Driver_Spi_Init                          0x080004b1   Thumb Code   180  stm32f10x_wtd_spi.o(i.Driver_Spi_Init)
    Driver_Spi_Open                          0x0800056d   Thumb Code    18  stm32f10x_wtd_spi.o(i.Driver_Spi_Open)
    Driver_Spi_Read                          0x08000581   Thumb Code    96  stm32f10x_wtd_spi.o(i.Driver_Spi_Read)
    Driver_Spi_Write                         0x080005e9   Thumb Code    94  stm32f10x_wtd_spi.o(i.Driver_Spi_Write)
    Driver_USART1InterrupHandler             0x08000651   Thumb Code    88  stm32f10x_wtd_usart.o(i.Driver_USART1InterrupHandler)
    Driver_UsartDebugPortSet                 0x080006ad   Thumb Code     6  stm32f10x_wtd_usart.o(i.Driver_UsartDebugPortSet)
    Driver_UsartGPIOInit                     0x080006b9   Thumb Code   146  stm32f10x_wtd_usart.o(i.Driver_UsartGPIOInit)
    Driver_UsartInit                         0x08000761   Thumb Code   138  stm32f10x_wtd_usart.o(i.Driver_UsartInit)
    E2P_Init                                 0x080007f9   Thumb Code    70  stm32f10x_wtd_eeprom.o(i.E2P_Init)
    EXTI0_IRQHandler                         0x08000845   Thumb Code     2  stm32f10x_it.o(i.EXTI0_IRQHandler)
    EXTI_ClearITPendingBit                   0x08000849   Thumb Code     6  stm32f10x_exti.o(i.EXTI_ClearITPendingBit)
    EXTI_Init                                0x08000855   Thumb Code   128  stm32f10x_exti.o(i.EXTI_Init)
    EXTI_StructInit                          0x080008d9   Thumb Code    14  stm32f10x_exti.o(i.EXTI_StructInit)
    GPIO_EXTILineConfig                      0x080008e9   Thumb Code    34  stm32f10x_gpio.o(i.GPIO_EXTILineConfig)
    GPIO_Init                                0x08000911   Thumb Code   164  stm32f10x_gpio.o(i.GPIO_Init)
    GPIO_ResetBits                           0x080009b5   Thumb Code     4  stm32f10x_gpio.o(i.GPIO_ResetBits)
    GPIO_SetBits                             0x080009b9   Thumb Code     4  stm32f10x_gpio.o(i.GPIO_SetBits)
    HardFault_Handler                        0x080009bd   Thumb Code     2  stm32f10x_it.o(i.HardFault_Handler)
    MemManage_Handler                        0x080009c1   Thumb Code     2  stm32f10x_it.o(i.MemManage_Handler)
    NMI_Handler                              0x080009c3   Thumb Code     2  stm32f10x_it.o(i.NMI_Handler)
    NVIC_Init                                0x080009c5   Thumb Code    92  misc.o(i.NVIC_Init)
    NVIC_PriorityGroupConfig                 0x08000a21   Thumb Code    10  misc.o(i.NVIC_PriorityGroupConfig)
    NVIC_SetVectorTable                      0x08000a35   Thumb Code    12  misc.o(i.NVIC_SetVectorTable)
    RCC_APB1PeriphClockCmd                   0x08000a49   Thumb Code    18  stm32f10x_rcc.o(i.RCC_APB1PeriphClockCmd)
    RCC_APB1PeriphResetCmd                   0x08000a61   Thumb Code    18  stm32f10x_rcc.o(i.RCC_APB1PeriphResetCmd)
    RCC_APB2PeriphClockCmd                   0x08000a79   Thumb Code    18  stm32f10x_rcc.o(i.RCC_APB2PeriphClockCmd)
    RCC_APB2PeriphResetCmd                   0x08000a91   Thumb Code    18  stm32f10x_rcc.o(i.RCC_APB2PeriphResetCmd)
    RCC_DeInit                               0x08000aa9   Thumb Code    50  stm32f10x_rcc.o(i.RCC_DeInit)
    RCC_GetClocksFreq                        0x08000ae9   Thumb Code   138  stm32f10x_rcc.o(i.RCC_GetClocksFreq)
    RCC_GetFlagStatus                        0x08000b85   Thumb Code    44  stm32f10x_rcc.o(i.RCC_GetFlagStatus)
    RCC_GetSYSCLKSource                      0x08000bb5   Thumb Code    10  stm32f10x_rcc.o(i.RCC_GetSYSCLKSource)
    RCC_HCLKConfig                           0x08000bc5   Thumb Code    14  stm32f10x_rcc.o(i.RCC_HCLKConfig)
    RCC_HSEConfig                            0x08000bd9   Thumb Code    48  stm32f10x_rcc.o(i.RCC_HSEConfig)
    RCC_PCLK1Config                          0x08000c0d   Thumb Code    14  stm32f10x_rcc.o(i.RCC_PCLK1Config)
    RCC_PCLK2Config                          0x08000c21   Thumb Code    16  stm32f10x_rcc.o(i.RCC_PCLK2Config)
    RCC_PLLCmd                               0x08000c35   Thumb Code     6  stm32f10x_rcc.o(i.RCC_PLLCmd)
    RCC_PLLConfig                            0x08000c41   Thumb Code    16  stm32f10x_rcc.o(i.RCC_PLLConfig)
    RCC_SYSCLKConfig                         0x08000c55   Thumb Code    14  stm32f10x_rcc.o(i.RCC_SYSCLKConfig)
    SPI_Cmd                                  0x08000c69   Thumb Code    20  stm32f10x_spi.o(i.SPI_Cmd)
    SPI_I2S_GetFlagStatus                    0x08000c7d   Thumb Code    14  stm32f10x_spi.o(i.SPI_I2S_GetFlagStatus)
    SPI_I2S_ReceiveData                      0x08000c8b   Thumb Code     4  stm32f10x_spi.o(i.SPI_I2S_ReceiveData)
    SPI_I2S_SendData                         0x08000c8f   Thumb Code     4  stm32f10x_spi.o(i.SPI_I2S_SendData)
    SPI_Init                                 0x08000c93   Thumb Code    56  stm32f10x_spi.o(i.SPI_Init)
    SPI_SSOutputCmd                          0x08000ccb   Thumb Code    20  stm32f10x_spi.o(i.SPI_SSOutputCmd)
    SPI_StructInit                           0x08000cdf   Thumb Code    24  stm32f10x_spi.o(i.SPI_StructInit)
    SimpleLinkGeneralEventHandler            0x08000d8d   Thumb Code     6  simplelink_app.o(i.SimpleLinkGeneralEventHandler)
    SimpleLinkHttpServerCallback             0x08000da9   Thumb Code     6  simplelink_app.o(i.SimpleLinkHttpServerCallback)
    SimpleLinkNetAppEventHandler             0x08000dd5   Thumb Code    44  simplelink_app.o(i.SimpleLinkNetAppEventHandler)
    SimpleLinkWlanEventHandler               0x08000e95   Thumb Code    68  simplelink_app.o(i.SimpleLinkWlanEventHandler)
    SysTick_CLKSourceConfig                  0x08000f99   Thumb Code    24  misc.o(i.SysTick_CLKSourceConfig)
    SysTick_Handler                          0x08000fb1   Thumb Code     4  stm32f10x_it.o(i.SysTick_Handler)
    SystemInit                               0x08000fb5   Thumb Code    64  system_stm32f10x.o(i.SystemInit)
    TIM2_IRQHandler                          0x08001005   Thumb Code     4  stm32f10x_it.o(i.TIM2_IRQHandler)
    TIM_ARRPreloadConfig                     0x08001009   Thumb Code    20  stm32f10x_tim.o(i.TIM_ARRPreloadConfig)
    TIM_ClearFlag                            0x0800101d   Thumb Code     6  stm32f10x_tim.o(i.TIM_ClearFlag)
    TIM_ClearITPendingBit                    0x08001023   Thumb Code     6  stm32f10x_tim.o(i.TIM_ClearITPendingBit)
    TIM_Cmd                                  0x08001029   Thumb Code    20  stm32f10x_tim.o(i.TIM_Cmd)
    TIM_DeInit                               0x0800103d   Thumb Code   304  stm32f10x_tim.o(i.TIM_DeInit)
    TIM_GetITStatus                          0x080011ad   Thumb Code    22  stm32f10x_tim.o(i.TIM_GetITStatus)
    TIM_ITConfig                             0x080011c3   Thumb Code    16  stm32f10x_tim.o(i.TIM_ITConfig)
    TIM_InternalClockConfig                  0x080011d3   Thumb Code    10  stm32f10x_tim.o(i.TIM_InternalClockConfig)
    TIM_SetCounter                           0x080011dd   Thumb Code     4  stm32f10x_tim.o(i.TIM_SetCounter)
    TIM_TimeBaseInit                         0x080011e1   Thumb Code   114  stm32f10x_tim.o(i.TIM_TimeBaseInit)
    TIM_TimeBaseStructInit                   0x0800127d   Thumb Code    18  stm32f10x_tim.o(i.TIM_TimeBaseStructInit)
    TIM_UpdateRequestConfig                  0x0800128f   Thumb Code    20  stm32f10x_tim.o(i.TIM_UpdateRequestConfig)
    USART1_IRQHandler                        0x080012a3   Thumb Code     4  stm32f10x_it.o(i.USART1_IRQHandler)
    USART2_IRQHandler                        0x080012a7   Thumb Code     4  stm32f10x_it.o(i.USART2_IRQHandler)
    USART_ClearFlag                          0x080012ab   Thumb Code     6  stm32f10x_usart.o(i.USART_ClearFlag)
    USART_ClearITPendingBit                  0x080012b1   Thumb Code    12  stm32f10x_usart.o(i.USART_ClearITPendingBit)
    USART_Cmd                                0x080012bd   Thumb Code    20  stm32f10x_usart.o(i.USART_Cmd)
    USART_GetFlagStatus                      0x080012d1   Thumb Code    14  stm32f10x_usart.o(i.USART_GetFlagStatus)
    USART_GetITStatus                        0x080012df   Thumb Code    62  stm32f10x_usart.o(i.USART_GetITStatus)
    USART_ITConfig                           0x0800131d   Thumb Code    48  stm32f10x_usart.o(i.USART_ITConfig)
    USART_Init                               0x0800134d   Thumb Code   176  stm32f10x_usart.o(i.USART_Init)
    USART_ReceiveData                        0x08001401   Thumb Code     8  stm32f10x_usart.o(i.USART_ReceiveData)
    USART_SendData                           0x08001409   Thumb Code     8  stm32f10x_usart.o(i.USART_SendData)
    USART_StructInit                         0x08001411   Thumb Code    22  stm32f10x_usart.o(i.USART_StructInit)
    UsageFault_Handler                       0x08001427   Thumb Code     2  stm32f10x_it.o(i.UsageFault_Handler)
    _SlAsyncEventGenericHandler              0x08001429   Thumb Code   796  driver.o(i._SlAsyncEventGenericHandler)
    _SlDrvBasicCmd                           0x08001749   Thumb Code    40  driver.o(i._SlDrvBasicCmd)
    _SlDrvClassifyRxMsg                      0x08001771   Thumb Code   114  driver.o(i._SlDrvClassifyRxMsg)
    _SlDrvCmdOp                              0x080017f9   Thumb Code   100  driver.o(i._SlDrvCmdOp)
    _SlDrvCmdSend                            0x08001861   Thumb Code    26  driver.o(i._SlDrvCmdSend)
    _SlDrvDeviceEventHandler                 0x08001881   Thumb Code    60  device.o(i._SlDrvDeviceEventHandler)
    _SlDrvDriverCBDeinit                     0x080018bd   Thumb Code    92  driver.o(i._SlDrvDriverCBDeinit)
    _SlDrvDriverCBInit                       0x0800191d   Thumb Code   138  driver.o(i._SlDrvDriverCBInit)
    _SlDrvFlowContDeinit                     0x080019b1   Thumb Code    40  flowcont.o(i._SlDrvFlowContDeinit)
    _SlDrvFlowContInit                       0x080019dd   Thumb Code    42  flowcont.o(i._SlDrvFlowContInit)
    _SlDrvMsgRead                            0x08001a0d   Thumb Code   872  driver.o(i._SlDrvMsgRead)
    _SlDrvMsgReadCmdCtx                      0x08001d7d   Thumb Code   158  driver.o(i._SlDrvMsgReadCmdCtx)
    _SlDrvMsgReadSpawnCtx                    0x08001e25   Thumb Code   140  driver.o(i._SlDrvMsgReadSpawnCtx)
    _SlDrvMsgWrite                           0x08001eb5   Thumb Code   246  driver.o(i._SlDrvMsgWrite)
    _SlDrvNetAppEventHandler                 0x08001fb5   Thumb Code   196  netapp.o(i._SlDrvNetAppEventHandler)
    _SlDrvObjDeInit                          0x08002079   Thumb Code    18  driver.o(i._SlDrvObjDeInit)
    _SlDrvObjInit                            0x08002091   Thumb Code    56  driver.o(i._SlDrvObjInit)
    _SlDrvReleasePoolObj                     0x080020cd   Thumb Code   224  driver.o(i._SlDrvReleasePoolObj)
    _SlDrvRxHdrRead                          0x080021b1   Thumb Code   302  driver.o(i._SlDrvRxHdrRead)
    _SlDrvRxIrqHandler                       0x080022f1   Thumb Code    60  driver.o(i._SlDrvRxIrqHandler)
    _SlDrvShiftDWord                         0x08002335   Thumb Code    22  driver.o(i._SlDrvShiftDWord)
    _SlDrvWaitForPoolObj                     0x0800234d   Thumb Code   254  driver.o(i._SlDrvWaitForPoolObj)
    _SlFindAndSetActiveObj                   0x08002451   Thumb Code   144  driver.o(i._SlFindAndSetActiveObj)
    _SlNonOsMainLoopTask                     0x080024e9   Thumb Code    60  nonos.o(i._SlNonOsMainLoopTask)
    _SlNonOsSemGet                           0x0800252d   Thumb Code    58  nonos.o(i._SlNonOsSemGet)
    _SlNonOsSemSet                           0x08002567   Thumb Code     6  nonos.o(i._SlNonOsSemSet)
    _SlNonOsSpawn                            0x0800256d   Thumb Code    34  nonos.o(i._SlNonOsSpawn)
    _SlRemoveFromList                        0x08002595   Thumb Code    84  driver.o(i._SlRemoveFromList)
    __0printf$bare                           0x080025ed   Thumb Code     8  printfb.o(i.__0printf$bare)
    __1printf$bare                           0x080025ed   Thumb Code     0  printfb.o(i.__0printf$bare)
    __2printf                                0x080025ed   Thumb Code     0  printfb.o(i.__0printf$bare)
    __scatterload_copy                       0x080025fd   Thumb Code    14  handlers.o(i.__scatterload_copy)
    __scatterload_null                       0x0800260b   Thumb Code     2  handlers.o(i.__scatterload_null)
    __scatterload_zeroinit                   0x0800260d   Thumb Code    14  handlers.o(i.__scatterload_zeroinit)
    _sl_GetStartResponseConvert              0x0800263d   Thumb Code    74  device.o(i._sl_GetStartResponseConvert)
    _sl_HandleAsync_Accept                   0x08002689   Thumb Code   110  socket.o(i._sl_HandleAsync_Accept)
    _sl_HandleAsync_Connect                  0x080026fd   Thumb Code   120  socket.o(i._sl_HandleAsync_Connect)
    _sl_HandleAsync_DnsGetHostByName         0x08002779   Thumb Code   110  netapp.o(i._sl_HandleAsync_DnsGetHostByName)
    _sl_HandleAsync_DnsGetHostByService      0x080027ed   Thumb Code   100  netapp.o(i._sl_HandleAsync_DnsGetHostByService)
    _sl_HandleAsync_InitComplete             0x08002855   Thumb Code   126  device.o(i._sl_HandleAsync_InitComplete)
    _sl_HandleAsync_PingResponse             0x080028d9   Thumb Code   120  netapp.o(i._sl_HandleAsync_PingResponse)
    _sl_HandleAsync_Select                   0x08002959   Thumb Code    94  socket.o(i._sl_HandleAsync_Select)
    _sl_HandleAsync_Stop                     0x080029bd   Thumb Code    90  device.o(i._sl_HandleAsync_Stop)
    bMBPortIsWithinException                 0x08002a1d   Thumb Code     6  portother.o(i.bMBPortIsWithinException)
    bMBPortTimerWaitEnable                   0x08002a29   Thumb Code     8  porttimer.o(i.bMBPortTimerWaitEnable)
    eMBASCIIInit                             0x08002cf9   Thumb Code    68  mbascii.o(i.eMBASCIIInit)
    eMBASCIIReceive                          0x08002d41   Thumb Code    66  mbascii.o(i.eMBASCIIReceive)
    eMBASCIISend                             0x08002d89   Thumb Code    84  mbascii.o(i.eMBASCIISend)
    eMBASCIIStart                            0x08002de1   Thumb Code    34  mbascii.o(i.eMBASCIIStart)
    eMBASCIIStop                             0x08002e09   Thumb Code    26  mbascii.o(i.eMBASCIIStop)
    eMBClose                                 0x08002e25   Thumb Code    28  mb.o(i.eMBClose)
    eMBDisable                               0x08002e45   Thumb Code    28  mb.o(i.eMBDisable)
    eMBEnable                                0x08002e65   Thumb Code    28  mb.o(i.eMBEnable)
    eMBFuncReportSlaveID                     0x08002e85   Thumb Code    26  mbfuncother.o(i.eMBFuncReportSlaveID)
    eMBInit                                  0x08002ea9   Thumb Code   146  mb.o(i.eMBInit)
    eMBPoll                                  0x08002f85   Thumb Code   190  mb.o(i.eMBPoll)
    eMBRTUInit                               0x08003049   Thumb Code    78  mbrtu.o(i.eMBRTUInit)
    eMBRTUReceive                            0x0800309d   Thumb Code    68  mbrtu.o(i.eMBRTUReceive)
    eMBRTUSend                               0x080030e9   Thumb Code    98  mbrtu.o(i.eMBRTUSend)
    eMBRTUStart                              0x08003155   Thumb Code    26  mbrtu.o(i.eMBRTUStart)
    eMBRTUStop                               0x08003175   Thumb Code    26  mbrtu.o(i.eMBRTUStop)
    eMBRecvCBFuncDefault                     0x0800318f   Thumb Code     4  mbmasterfunc.o(i.eMBRecvCBFuncDefault)
    eMBRecvCBFuncException                   0x08003193   Thumb Code    14  mbmasterfunc.o(i.eMBRecvCBFuncException)
    eMBRecvCBFuncReadDiscrete                0x080031a1   Thumb Code    60  mbmasterfunc.o(i.eMBRecvCBFuncReadDiscrete)
    eMBRecvCBFuncReadReg                     0x080031e5   Thumb Code    70  mbmasterfunc.o(i.eMBRecvCBFuncReadReg)
    fputc                                    0x08003295   Thumb Code    30  stm32f10x_wtd_usart.o(i.fputc)
    main                                     0x080032cd   Thumb Code    90  main.o(i.main)
    prvvMBSerialIRQHandler                   0x080035e1   Thumb Code   128  portserial.o(i.prvvMBSerialIRQHandler)
    prvvMBTimerIRQHandler                    0x08003671   Thumb Code    44  porttimer.o(i.prvvMBTimerIRQHandler)
    pvPortMalloc                             0x080036a1   Thumb Code   172  heap_2.o(i.pvPortMalloc)
    pxPortInitialiseStack                    0x08003755   Thumb Code    26  port.o(i.pxPortInitialiseStack)
    sl_DevGet                                0x08003775   Thumb Code   104  device.o(i.sl_DevGet)
    sl_NetAppDnsGetHostByName                0x080037e5   Thumb Code   198  netapp.o(i.sl_NetAppDnsGetHostByName)
    sl_NetAppMDNSRegisterUnregisterService   0x080038b9   Thumb Code   118  netapp.o(i.sl_NetAppMDNSRegisterUnregisterService)
    sl_NetAppMDNSUnRegisterService           0x08003935   Thumb Code    18  netapp.o(i.sl_NetAppMDNSUnRegisterService)
    sl_NetAppPingStart                       0x08003949   Thumb Code   256  netapp.o(i.sl_NetAppPingStart)
    sl_NetAppSendTokenValue                  0x08003a59   Thumb Code    74  netapp.o(i.sl_NetAppSendTokenValue)
    sl_NetCfgSet                             0x08003aa9   Thumb Code    58  netcfg.o(i.sl_NetCfgSet)
    sl_Start                                 0x08003ae9   Thumb Code   182  device.o(i.sl_Start)
    sl_Stop                                  0x08003bad   Thumb Code   186  device.o(i.sl_Stop)
    sl_WlanConnect                           0x08003c75   Thumb Code   390  wlan.o(i.sl_WlanConnect)
    sl_WlanDisconnect                        0x08003e01   Thumb Code     8  wlan.o(i.sl_WlanDisconnect)
    sl_WlanPolicySet                         0x08003e09   Thumb Code    52  wlan.o(i.sl_WlanPolicySet)
    sl_WlanProfileDel                        0x08003e41   Thumb Code    26  wlan.o(i.sl_WlanProfileDel)
    sl_WlanRxFilterSet                       0x08003e61   Thumb Code    48  wlan.o(i.sl_WlanRxFilterSet)
    sl_WlanSet                               0x08003e95   Thumb Code    58  wlan.o(i.sl_WlanSet)
    sl_WlanSetMode                           0x08003ed5   Thumb Code    26  wlan.o(i.sl_WlanSetMode)
    sl_app_init                              0x08003ef5   Thumb Code   102  simplelink_app.o(i.sl_app_init)
    sl_app_proc                              0x08004061   Thumb Code    54  simplelink_app.o(i.sl_app_proc)
    usMBCRC16                                0x08004185   Thumb Code    44  mbcrc.o(i.usMBCRC16)
    uxListRemove                             0x080041b5   Thumb Code    36  list.o(i.uxListRemove)
    vListInitialise                          0x080041d9   Thumb Code    22  list.o(i.vListInitialise)
    vListInitialiseItem                      0x080041ef   Thumb Code     6  list.o(i.vListInitialiseItem)
    vListInsert                              0x080041f5   Thumb Code    48  list.o(i.vListInsert)
    vListInsertEnd                           0x08004225   Thumb Code    24  list.o(i.vListInsertEnd)
    vMBASCIIGetBuffer                        0x0800423d   Thumb Code    10  mbascii.o(i.vMBASCIIGetBuffer)
    vMBPortClose                             0x0800424d   Thumb Code    18  portother.o(i.vMBPortClose)
    vMBPortEnterCritical                     0x0800425f   Thumb Code     4  portother.o(i.vMBPortEnterCritical)
    vMBPortEventClose                        0x08004265   Thumb Code    20  portevent.o(i.vMBPortEventClose)
    vMBPortExitCritical                      0x0800427d   Thumb Code     4  portother.o(i.vMBPortExitCritical)
    vMBPortSerialClose                       0x08004281   Thumb Code   116  portserial.o(i.vMBPortSerialClose)
    vMBPortSerialEnable                      0x08004309   Thumb Code   318  portserial.o(i.vMBPortSerialEnable)
    vMBPortSetWithinException                0x08004455   Thumb Code     6  portother.o(i.vMBPortSetWithinException)
    vMBPortTimerClose                        0x08004461   Thumb Code    52  porttimer.o(i.vMBPortTimerClose)
    vMBPortTimersDisable                     0x08004495   Thumb Code    34  porttimer.o(i.vMBPortTimersDisable)
    vMBPortTimersEnable                      0x080044b7   Thumb Code    44  porttimer.o(i.vMBPortTimersEnable)
    vMBPortWaitEnd                           0x080044e5   Thumb Code    34  portother.o(i.vMBPortWaitEnd)
    vMBPortWaitStart                         0x0800450d   Thumb Code    58  portother.o(i.vMBPortWaitStart)
    vMBRTUGetBuffer                          0x0800454d   Thumb Code     6  mbrtu.o(i.vMBRTUGetBuffer)
    vPortEnterCritical                       0x08004581   Thumb Code    24  port.o(i.vPortEnterCritical)
    vPortExitCritical                        0x0800459d   Thumb Code    16  port.o(i.vPortExitCritical)
    vPortFree                                0x080045b1   Thumb Code    56  heap_2.o(i.vPortFree)
    vPortSetupTimerInterrupt                 0x080045ed   Thumb Code    14  port.o(i.vPortSetupTimerInterrupt)
    vPortYield                               0x08004601   Thumb Code    18  port.o(i.vPortYield)
    vQueueDelete                             0x08004619   Thumb Code    22  queue.o(i.vQueueDelete)
    vSetPollingThreadState                   0x08004631   Thumb Code    20  mb.o(i.vSetPollingThreadState)
    vTaskDelay                               0x08004649   Thumb Code    48  tasks.o(i.vTaskDelay)
    vTaskMissedYield                         0x0800467d   Thumb Code     8  tasks.o(i.vTaskMissedYield)
    vTaskPlaceOnEventList                    0x08004689   Thumb Code    52  tasks.o(i.vTaskPlaceOnEventList)
    vTaskSetTimeOutState                     0x080046c5   Thumb Code    12  tasks.o(i.vTaskSetTimeOutState)
    vTaskStartScheduler                      0x080046d5   Thumb Code    50  tasks.o(i.vTaskStartScheduler)
    vTaskSuspendAll                          0x08004719   Thumb Code    10  tasks.o(i.vTaskSuspendAll)
    vTaskSwitchContext                       0x08004729   Thumb Code    72  tasks.o(i.vTaskSwitchContext)
    xMBASCIIReceiveFSM                       0x08004779   Thumb Code   214  mbascii.o(i.xMBASCIIReceiveFSM)
    xMBASCIITimerT1SExpired                  0x08004855   Thumb Code    26  mbascii.o(i.xMBASCIITimerT1SExpired)
    xMBASCIITransmitFSM                      0x08004875   Thumb Code   160  mbascii.o(i.xMBASCIITransmitFSM)
    xMBPortEventGet                          0x08004919   Thumb Code    28  portevent.o(i.xMBPortEventGet)
    xMBPortEventInit                         0x08004939   Thumb Code    26  portevent.o(i.xMBPortEventInit)
    xMBPortEventPost                         0x08004959   Thumb Code    38  portevent.o(i.xMBPortEventPost)
    xMBPortSerialGetByte                     0x08004985   Thumb Code    28  portserial.o(i.xMBPortSerialGetByte)
    xMBPortSerialInit                        0x080049a9   Thumb Code   410  portserial.o(i.xMBPortSerialInit)
    xMBPortSerialPutByte                     0x08004b59   Thumb Code    26  portserial.o(i.xMBPortSerialPutByte)
    xMBPortTimersInit                        0x08004b7d   Thumb Code   142  porttimer.o(i.xMBPortTimersInit)
    xMBRTUReceiveFSM                         0x08004c15   Thumb Code    88  mbrtu.o(i.xMBRTUReceiveFSM)
    xMBRTUTimerT35Expired                    0x08004c75   Thumb Code    34  mbrtu.o(i.xMBRTUTimerT35Expired)
    xMBRTUTransmitFSM                        0x08004c9d   Thumb Code    76  mbrtu.o(i.xMBRTUTransmitFSM)
    xPortStartScheduler                      0x08004ced   Thumb Code    38  port.o(i.xPortStartScheduler)
    xPortSysTickHandler                      0x08004d1d   Thumb Code    30  port.o(i.xPortSysTickHandler)
    xQueueGenericCreate                      0x08004d41   Thumb Code    66  queue.o(i.xQueueGenericCreate)
    xQueueGenericReceive                     0x08004d83   Thumb Code   230  queue.o(i.xQueueGenericReceive)
    xQueueGenericReset                       0x08004e69   Thumb Code    96  queue.o(i.xQueueGenericReset)
    xQueueGenericSend                        0x08004ec9   Thumb Code   214  queue.o(i.xQueueGenericSend)
    xQueueGenericSendFromISR                 0x08004f9f   Thumb Code    98  queue.o(i.xQueueGenericSendFromISR)
    xTaskCheckForTimeOut                     0x08005001   Thumb Code    66  tasks.o(i.xTaskCheckForTimeOut)
    xTaskGenericCreate                       0x08005049   Thumb Code   338  tasks.o(i.xTaskGenericCreate)
    xTaskIncrementTick                       0x080051a5   Thumb Code   170  tasks.o(i.xTaskIncrementTick)
    xTaskRemoveFromEventList                 0x08005259   Thumb Code    82  tasks.o(i.xTaskRemoveFromEventList)
    xTaskResumeAll                           0x080052b5   Thumb Code   150  tasks.o(i.xTaskResumeAll)
    xUSARTHWMappings                         0x080053a8   Data          72  portserial.o(.constdata)
    _SlStopCmdCtrl                           0x080055f0   Data           4  device.o(.constdata)
    _SlEventMaskSetCmdCtrl                   0x080055f4   Data           4  device.o(.constdata)
    _SlEventMaskGetCmdCtrl                   0x080055f8   Data           4  device.o(.constdata)
    _SlDeviceGetCmdCtrl                      0x080055fc   Data           4  device.o(.constdata)
    _SlDeviceSetCmdCtrl                      0x08005600   Data           4  device.o(.constdata)
    g_H2NSyncPattern                         0x08005604   Data           8  driver.o(.constdata)
    g_H2NCnysPattern                         0x0800560c   Data           8  driver.o(.constdata)
    _SlActionLookupTable                     0x08005614   Data          56  driver.o(.constdata)
    _SlNetAppStartCtrl                       0x0800564c   Data           4  netapp.o(.constdata)
    _SlNetAppStopCtrl                        0x08005650   Data           4  netapp.o(.constdata)
    _SlGetServiceListeCtrl                   0x08005654   Data           4  netapp.o(.constdata)
    _SlRegisterServiceCtrl                   0x08005658   Data           4  netapp.o(.constdata)
    _SlGetHostByServiceCtrl                  0x0800565c   Data           4  netapp.o(.constdata)
    _SlGetHostByNameCtrl                     0x08005660   Data           4  netapp.o(.constdata)
    _SlNetAppSetCmdCtrl                      0x08005664   Data           4  netapp.o(.constdata)
    _SlNetAppSendTokenValueCmdCtrl           0x08005668   Data           4  netapp.o(.constdata)
    _SlNetAppGetCmdCtrl                      0x0800566c   Data           4  netapp.o(.constdata)
    _SlNetCfgSetCmdCtrl                      0x08005674   Data           4  netcfg.o(.constdata)
    _SlNetCfgGetCmdCtrl                      0x08005678   Data           4  netcfg.o(.constdata)
    _SlPolicySetCmdCtrl                      0x0800567c   Data           4  wlan.o(.constdata)
    _SlPolicyGetCmdCtrl                      0x08005680   Data           4  wlan.o(.constdata)
    _SlProfileGetCmdCtrl                     0x08005684   Data           4  wlan.o(.constdata)
    _SlProfileDelCmdCtrl                     0x08005688   Data           4  wlan.o(.constdata)
    _SlWlanGetNetworkListCtrl                0x0800568c   Data           4  wlan.o(.constdata)
    _SlRxFilterAddtCmdCtrl                   0x08005690   Data           4  wlan.o(.constdata)
    _SlRxFilterSetCmdCtrl                    0x08005694   Data           4  wlan.o(.constdata)
    _SlRxFilterGetCmdCtrl                    0x08005698   Data           4  wlan.o(.constdata)
    _SlSmartConfigStartCmdCtrl               0x0800569c   Data           4  wlan.o(.constdata)
    _SlWlanSetModeCmdCtrl                    0x080056a0   Data           4  wlan.o(.constdata)
    _SlWlanCfgSetCmdCtrl                     0x080056a4   Data           4  wlan.o(.constdata)
    _SlWlanCfgGetCmdCtrl                     0x080056a8   Data           4  wlan.o(.constdata)
    Region$$Table$$Base                      0x080056b0   Number         0  anon$$obj.o(Region$$Table)
    Region$$Table$$Limit                     0x080056d0   Number         0  anon$$obj.o(Region$$Table)
    g_Status                                 0x20000114   Data           4  simplelink_app.o(.data)
    g_PingPacketsRecv                        0x20000118   Data           4  simplelink_app.o(.data)
    g_GatewayIP                              0x2000011c   Data           4  simplelink_app.o(.data)
    pxCurrentTCB                             0x20000120   Data           4  tasks.o(.data)
    USART_Port                               0x20000174   Data           4  stm32f10x_wtd_usart.o(.data)
    ucMBAddress                              0x2000019b   Data           1  mb.o(.data)
    usLength                                 0x200001a0   Data           2  mb.o(.data)
    ucMBFrame                                0x200001a4   Data           4  mb.o(.data)
    pxMBFrameCBByteReceived                  0x200001c0   Data           4  mb.o(.data)
    pxMBFrameCBTransmitterEmpty              0x200001c4   Data           4  mb.o(.data)
    pxMBPortCBTimerExpired                   0x200001c8   Data           4  mb.o(.data)
    gFirstCmdMode                            0x2000026c   Data           1  driver.o(.data)
    g_pCB                                    0x20000270   Data           4  driver.o(.data)
    pPingCallBackFunc                        0x20000274   Data           4  driver.o(.data)
    __stdout                                 0x20000278   Data           4  stdout.o(.data)
    ucRTUBuf                                 0x20004744   Data         256  mbrtu.o(.bss)
    g_StatMem                                0x20004864   Data         356  driver.o(.bss)
    g__SlNonOsCB                             0x200049c8   Data          40  nonos.o(.bss)
    __initial_sp                             0x20004df0   Data           0  startup_stm32f10x_freertos.o(STACK)



==============================================================================

Memory Map of the image

  Image Entry point : 0x080000ed

  Load Region LR_IROM1 (Base: 0x08000000, Size: 0x0000584c, Max: 0x00020000, ABSOLUTE, COMPRESSED[0x00005730])

    Execution Region ER_IROM1 (Base: 0x08000000, Size: 0x000056d0, Max: 0x00020000, ABSOLUTE)

    Base Addr    Size         Type   Attr      Idx    E Section Name        Object

    0x08000000   0x000000ec   Data   RO         3310    RESET               startup_stm32f10x_freertos.o
    0x080000ec   0x00000000   Code   RO         6067  * .ARM.Collect$$$$00000000  mc_w.l(entry.o)
    0x080000ec   0x00000004   Code   RO         6336    .ARM.Collect$$$$00000001  mc_w.l(entry2.o)
    0x080000f0   0x00000004   Code   RO         6339    .ARM.Collect$$$$00000004  mc_w.l(entry5.o)
    0x080000f4   0x00000008   Code   RO         6340    .ARM.Collect$$$$00000007  mc_w.l(entry7.o)
    0x080000fc   0x00000004   Code   RO         6337    .ARM.Collect$$$$00002712  mc_w.l(entry2.o)
    0x08000100   0x0000009e   Code   RO         3892    .emb_text           port.o
    0x0800019e   0x00000002   PAD
    0x080001a0   0x00000024   Code   RO         3311    .text               startup_stm32f10x_freertos.o
    0x080001c4   0x00000024   Code   RO         6070    .text               mc_w.l(memcpya.o)
    0x080001e8   0x00000026   Code   RO         6072    .text               mc_w.l(memseta.o)
    0x0800020e   0x00000002   PAD
    0x08000210   0x00000024   Code   RO         6357    .text               mc_w.l(init.o)
    0x08000234   0x0000005c   Code   RO         6375    .text               mc_w.l(__dczerorl2.o)
    0x08000290   0x00000002   Code   RO         3208    i.BusFault_Handler  stm32f10x_it.o
    0x08000292   0x00000002   PAD
    0x08000294   0x00000074   Code   RO         6019    i.CC3100_HWInit     cc_pal.o
    0x08000308   0x00000018   Code   RO         6020    i.CC3100_MaskInterrupt  cc_pal.o
    0x08000320   0x0000000c   Code   RO         6021    i.CC3100_PowerOff   cc_pal.o
    0x0800032c   0x0000000c   Code   RO         6022    i.CC3100_PowerOn    cc_pal.o
    0x08000338   0x00000002   Code   RO         6023    i.CC3100_PowerOnPreamble  cc_pal.o
    0x0800033a   0x00000052   Code   RO         6024    i.CC3100_RegisterInterruptHandler  cc_pal.o
    0x0800038c   0x00000010   Code   RO         6025    i.CC3100_UnMaskInterrupt  cc_pal.o
    0x0800039c   0x0000001a   Code   RO         5339    i.CopyPingResultsToReport  netapp.o
    0x080003b6   0x00000002   Code   RO         3209    i.DebugMon_Handler  stm32f10x_it.o
    0x080003b8   0x00000080   Code   RO         4163    i.Dirver_UsartNVICInit  stm32f10x_wtd_usart.o
    0x08000438   0x00000010   Code   RO         4214    i.Driver_IntRegister  stm32f10x_wtd_int.o
    0x08000448   0x00000028   Code   RO         4215    i.Driver_IntRelocate  stm32f10x_wtd_int.o
    0x08000470   0x00000018   Code   RO         4216    i.Driver_IntUnregister  stm32f10x_wtd_int.o
    0x08000488   0x0000000a   Code   RO         4112    i.Driver_Spi_Close  stm32f10x_wtd_spi.o
    0x08000492   0x00000002   PAD
    0x08000494   0x0000001c   Code   RO         4114    i.Driver_Spi_DeInit  stm32f10x_wtd_spi.o
    0x080004b0   0x000000bc   Code   RO         4115    i.Driver_Spi_Init   stm32f10x_wtd_spi.o
    0x0800056c   0x00000012   Code   RO         4116    i.Driver_Spi_Open   stm32f10x_wtd_spi.o
    0x0800057e   0x00000002   PAD
    0x08000580   0x00000068   Code   RO         4117    i.Driver_Spi_Read   stm32f10x_wtd_spi.o
    0x080005e8   0x00000068   Code   RO         4118    i.Driver_Spi_Write  stm32f10x_wtd_spi.o
    0x08000650   0x0000005c   Code   RO         4164    i.Driver_USART1InterrupHandler  stm32f10x_wtd_usart.o
    0x080006ac   0x0000000c   Code   RO         4165    i.Driver_UsartDebugPortSet  stm32f10x_wtd_usart.o
    0x080006b8   0x000000a8   Code   RO         4166    i.Driver_UsartGPIOInit  stm32f10x_wtd_usart.o
    0x08000760   0x00000098   Code   RO         4167    i.Driver_UsartInit  stm32f10x_wtd_usart.o
    0x080007f8   0x0000004c   Code   RO         3995    i.E2P_Init          stm32f10x_wtd_eeprom.o
    0x08000844   0x00000002   Code   RO         3210    i.EXTI0_IRQHandler  stm32f10x_it.o
    0x08000846   0x00000002   PAD
    0x08000848   0x0000000c   Code   RO          878    i.EXTI_ClearITPendingBit  stm32f10x_exti.o
    0x08000854   0x00000084   Code   RO          883    i.EXTI_Init         stm32f10x_exti.o
    0x080008d8   0x0000000e   Code   RO          884    i.EXTI_StructInit   stm32f10x_exti.o
    0x080008e6   0x00000002   PAD
    0x080008e8   0x00000028   Code   RO         1229    i.GPIO_EXTILineConfig  stm32f10x_gpio.o
    0x08000910   0x000000a4   Code   RO         1232    i.GPIO_Init         stm32f10x_gpio.o
    0x080009b4   0x00000004   Code   RO         1239    i.GPIO_ResetBits    stm32f10x_gpio.o
    0x080009b8   0x00000004   Code   RO         1240    i.GPIO_SetBits      stm32f10x_gpio.o
    0x080009bc   0x00000002   Code   RO         3211    i.HardFault_Handler  stm32f10x_it.o
    0x080009be   0x00000002   Code   RO         4217    i.IntDefaultHandler  stm32f10x_wtd_int.o
    0x080009c0   0x00000002   Code   RO         3212    i.MemManage_Handler  stm32f10x_it.o
    0x080009c2   0x00000002   Code   RO         3213    i.NMI_Handler       stm32f10x_it.o
    0x080009c4   0x0000005c   Code   RO            1    i.NVIC_Init         misc.o
    0x08000a20   0x00000014   Code   RO            2    i.NVIC_PriorityGroupConfig  misc.o
    0x08000a34   0x00000014   Code   RO            3    i.NVIC_SetVectorTable  misc.o
    0x08000a48   0x00000018   Code   RO         1648    i.RCC_APB1PeriphClockCmd  stm32f10x_rcc.o
    0x08000a60   0x00000018   Code   RO         1649    i.RCC_APB1PeriphResetCmd  stm32f10x_rcc.o
    0x08000a78   0x00000018   Code   RO         1650    i.RCC_APB2PeriphClockCmd  stm32f10x_rcc.o
    0x08000a90   0x00000018   Code   RO         1651    i.RCC_APB2PeriphResetCmd  stm32f10x_rcc.o
    0x08000aa8   0x00000040   Code   RO         1657    i.RCC_DeInit        stm32f10x_rcc.o
    0x08000ae8   0x0000009c   Code   RO         1658    i.RCC_GetClocksFreq  stm32f10x_rcc.o
    0x08000b84   0x00000030   Code   RO         1659    i.RCC_GetFlagStatus  stm32f10x_rcc.o
    0x08000bb4   0x00000010   Code   RO         1661    i.RCC_GetSYSCLKSource  stm32f10x_rcc.o
    0x08000bc4   0x00000014   Code   RO         1662    i.RCC_HCLKConfig    stm32f10x_rcc.o
    0x08000bd8   0x00000034   Code   RO         1663    i.RCC_HSEConfig     stm32f10x_rcc.o
    0x08000c0c   0x00000014   Code   RO         1669    i.RCC_PCLK1Config   stm32f10x_rcc.o
    0x08000c20   0x00000014   Code   RO         1670    i.RCC_PCLK2Config   stm32f10x_rcc.o
    0x08000c34   0x0000000c   Code   RO         1671    i.RCC_PLLCmd        stm32f10x_rcc.o
    0x08000c40   0x00000014   Code   RO         1672    i.RCC_PLLConfig     stm32f10x_rcc.o
    0x08000c54   0x00000014   Code   RO         1675    i.RCC_SYSCLKConfig  stm32f10x_rcc.o
    0x08000c68   0x00000014   Code   RO         2129    i.SPI_Cmd           stm32f10x_spi.o
    0x08000c7c   0x0000000e   Code   RO         2137    i.SPI_I2S_GetFlagStatus  stm32f10x_spi.o
    0x08000c8a   0x00000004   Code   RO         2140    i.SPI_I2S_ReceiveData  stm32f10x_spi.o
    0x08000c8e   0x00000004   Code   RO         2141    i.SPI_I2S_SendData  stm32f10x_spi.o
    0x08000c92   0x00000038   Code   RO         2142    i.SPI_Init          stm32f10x_spi.o
    0x08000cca   0x00000014   Code   RO         2144    i.SPI_SSOutputCmd   stm32f10x_spi.o
    0x08000cde   0x00000018   Code   RO         2145    i.SPI_StructInit    stm32f10x_spi.o
    0x08000cf6   0x00000002   PAD
    0x08000cf8   0x00000094   Code   RO         4249    i.SetSysClockTo72   system_stm32f10x.o
    0x08000d8c   0x0000001c   Code   RO         3316    i.SimpleLinkGeneralEventHandler  simplelink_app.o
    0x08000da8   0x0000002c   Code   RO         3317    i.SimpleLinkHttpServerCallback  simplelink_app.o
    0x08000dd4   0x0000007c   Code   RO         3318    i.SimpleLinkNetAppEventHandler  simplelink_app.o
    0x08000e50   0x00000044   Code   RO         3319    i.SimpleLinkPingReport  simplelink_app.o
    0x08000e94   0x00000104   Code   RO         3321    i.SimpleLinkWlanEventHandler  simplelink_app.o
    0x08000f98   0x00000018   Code   RO            5    i.SysTick_CLKSourceConfig  misc.o
    0x08000fb0   0x00000004   Code   RO         3216    i.SysTick_Handler   stm32f10x_it.o
    0x08000fb4   0x00000050   Code   RO         4251    i.SystemInit        system_stm32f10x.o
    0x08001004   0x00000004   Code   RO         3217    i.TIM2_IRQHandler   stm32f10x_it.o
    0x08001008   0x00000014   Code   RO         2270    i.TIM_ARRPreloadConfig  stm32f10x_tim.o
    0x0800101c   0x00000006   Code   RO         2276    i.TIM_ClearFlag     stm32f10x_tim.o
    0x08001022   0x00000006   Code   RO         2277    i.TIM_ClearITPendingBit  stm32f10x_tim.o
    0x08001028   0x00000014   Code   RO         2282    i.TIM_Cmd           stm32f10x_tim.o
    0x0800103c   0x00000170   Code   RO         2287    i.TIM_DeInit        stm32f10x_tim.o
    0x080011ac   0x00000016   Code   RO         2303    i.TIM_GetITStatus   stm32f10x_tim.o
    0x080011c2   0x00000010   Code   RO         2307    i.TIM_ITConfig      stm32f10x_tim.o
    0x080011d2   0x0000000a   Code   RO         2309    i.TIM_InternalClockConfig  stm32f10x_tim.o
    0x080011dc   0x00000004   Code   RO         2347    i.TIM_SetCounter    stm32f10x_tim.o
    0x080011e0   0x0000009c   Code   RO         2353    i.TIM_TimeBaseInit  stm32f10x_tim.o
    0x0800127c   0x00000012   Code   RO         2354    i.TIM_TimeBaseStructInit  stm32f10x_tim.o
    0x0800128e   0x00000014   Code   RO         2356    i.TIM_UpdateRequestConfig  stm32f10x_tim.o
    0x080012a2   0x00000004   Code   RO         3218    i.USART1_IRQHandler  stm32f10x_it.o
    0x080012a6   0x00000004   Code   RO         3219    i.USART2_IRQHandler  stm32f10x_it.o
    0x080012aa   0x00000006   Code   RO         2801    i.USART_ClearFlag   stm32f10x_usart.o
    0x080012b0   0x0000000c   Code   RO         2802    i.USART_ClearITPendingBit  stm32f10x_usart.o
    0x080012bc   0x00000014   Code   RO         2805    i.USART_Cmd         stm32f10x_usart.o
    0x080012d0   0x0000000e   Code   RO         2808    i.USART_GetFlagStatus  stm32f10x_usart.o
    0x080012de   0x0000003e   Code   RO         2809    i.USART_GetITStatus  stm32f10x_usart.o
    0x0800131c   0x00000030   Code   RO         2811    i.USART_ITConfig    stm32f10x_usart.o
    0x0800134c   0x000000b4   Code   RO         2812    i.USART_Init        stm32f10x_usart.o
    0x08001400   0x00000008   Code   RO         2819    i.USART_ReceiveData  stm32f10x_usart.o
    0x08001408   0x00000008   Code   RO         2822    i.USART_SendData    stm32f10x_usart.o
    0x08001410   0x00000016   Code   RO         2828    i.USART_StructInit  stm32f10x_usart.o
    0x08001426   0x00000002   Code   RO         3220    i.UsageFault_Handler  stm32f10x_it.o
    0x08001428   0x00000320   Code   RO         5118    i._SlAsyncEventGenericHandler  driver.o
    0x08001748   0x00000028   Code   RO         5119    i._SlDrvBasicCmd    driver.o
    0x08001770   0x00000088   Code   RO         5120    i._SlDrvClassifyRxMsg  driver.o
    0x080017f8   0x00000068   Code   RO         5121    i._SlDrvCmdOp       driver.o
    0x08001860   0x00000020   Code   RO         5122    i._SlDrvCmdSend     driver.o
    0x08001880   0x0000003c   Code   RO         5030    i._SlDrvDeviceEventHandler  device.o
    0x080018bc   0x00000060   Code   RO         5125    i._SlDrvDriverCBDeinit  driver.o
    0x0800191c   0x00000094   Code   RO         5126    i._SlDrvDriverCBInit  driver.o
    0x080019b0   0x0000002c   Code   RO         5264    i._SlDrvFlowContDeinit  flowcont.o
    0x080019dc   0x00000030   Code   RO         5265    i._SlDrvFlowContInit  flowcont.o
    0x08001a0c   0x00000370   Code   RO         5127    i._SlDrvMsgRead     driver.o
    0x08001d7c   0x000000a8   Code   RO         5128    i._SlDrvMsgReadCmdCtx  driver.o
    0x08001e24   0x00000090   Code   RO         5129    i._SlDrvMsgReadSpawnCtx  driver.o
    0x08001eb4   0x00000100   Code   RO         5130    i._SlDrvMsgWrite    driver.o
    0x08001fb4   0x000000c4   Code   RO         5340    i._SlDrvNetAppEventHandler  netapp.o
    0x08002078   0x00000018   Code   RO         5131    i._SlDrvObjDeInit   driver.o
    0x08002090   0x0000003c   Code   RO         5132    i._SlDrvObjInit     driver.o
    0x080020cc   0x000000e4   Code   RO         5133    i._SlDrvReleasePoolObj  driver.o
    0x080021b0   0x00000140   Code   RO         5134    i._SlDrvRxHdrRead   driver.o
    0x080022f0   0x00000044   Code   RO         5135    i._SlDrvRxIrqHandler  driver.o
    0x08002334   0x00000016   Code   RO         5136    i._SlDrvShiftDWord  driver.o
    0x0800234a   0x00000002   PAD
    0x0800234c   0x00000104   Code   RO         5137    i._SlDrvWaitForPoolObj  driver.o
    0x08002450   0x00000098   Code   RO         5138    i._SlFindAndSetActiveObj  driver.o
    0x080024e8   0x00000044   Code   RO         5477    i._SlNonOsMainLoopTask  nonos.o
    0x0800252c   0x0000003a   Code   RO         5478    i._SlNonOsSemGet    nonos.o
    0x08002566   0x00000006   Code   RO         5479    i._SlNonOsSemSet    nonos.o
    0x0800256c   0x00000028   Code   RO         5480    i._SlNonOsSpawn     nonos.o
    0x08002594   0x00000058   Code   RO         5139    i._SlRemoveFromList  driver.o
    0x080025ec   0x00000010   Code   RO         6077    i.__0printf$bare    mc_w.l(printfb.o)
    0x080025fc   0x0000000e   Code   RO         6369    i.__scatterload_copy  mc_w.l(handlers.o)
    0x0800260a   0x00000002   Code   RO         6370    i.__scatterload_null  mc_w.l(handlers.o)
    0x0800260c   0x0000000e   Code   RO         6371    i.__scatterload_zeroinit  mc_w.l(handlers.o)
    0x0800261a   0x00000022   Code   RO         6084    i._printf_core      mc_w.l(printfb.o)
    0x0800263c   0x0000004a   Code   RO         5031    i._sl_GetStartResponseConvert  device.o
    0x08002686   0x00000002   PAD
    0x08002688   0x00000074   Code   RO         5515    i._sl_HandleAsync_Accept  socket.o
    0x080026fc   0x0000007c   Code   RO         5516    i._sl_HandleAsync_Connect  socket.o
    0x08002778   0x00000074   Code   RO         5342    i._sl_HandleAsync_DnsGetHostByName  netapp.o
    0x080027ec   0x00000068   Code   RO         5343    i._sl_HandleAsync_DnsGetHostByService  netapp.o
    0x08002854   0x00000084   Code   RO         5032    i._sl_HandleAsync_InitComplete  device.o
    0x080028d8   0x00000080   Code   RO         5344    i._sl_HandleAsync_PingResponse  netapp.o
    0x08002958   0x00000064   Code   RO         5517    i._sl_HandleAsync_Select  socket.o
    0x080029bc   0x00000060   Code   RO         5033    i._sl_HandleAsync_Stop  device.o
    0x08002a1c   0x0000000c   Code   RO         4511    i.bMBPortIsWithinException  portother.o
    0x08002a28   0x0000000c   Code   RO         4619    i.bMBPortTimerWaitEnable  porttimer.o
    0x08002a34   0x0000009c   Code   RO         3322    i.checkInternetConnection  simplelink_app.o
    0x08002ad0   0x00000078   Code   RO         3323    i.checkLanConnection  simplelink_app.o
    0x08002b48   0x00000144   Code   RO         3324    i.configureSimpleLinkToDefaultState  simplelink_app.o
    0x08002c8c   0x0000006c   Code   RO         3325    i.displayBanner     simplelink_app.o
    0x08002cf8   0x00000048   Code   RO         4957    i.eMBASCIIInit      mbascii.o
    0x08002d40   0x00000048   Code   RO         4958    i.eMBASCIIReceive   mbascii.o
    0x08002d88   0x00000058   Code   RO         4959    i.eMBASCIISend      mbascii.o
    0x08002de0   0x00000028   Code   RO         4960    i.eMBASCIIStart     mbascii.o
    0x08002e08   0x0000001a   Code   RO         4961    i.eMBASCIIStop      mbascii.o
    0x08002e22   0x00000002   PAD
    0x08002e24   0x00000020   Code   RO         4670    i.eMBClose          mb.o
    0x08002e44   0x00000020   Code   RO         4671    i.eMBDisable        mb.o
    0x08002e64   0x00000020   Code   RO         4672    i.eMBEnable         mb.o
    0x08002e84   0x00000024   Code   RO         4912    i.eMBFuncReportSlaveID  mbfuncother.o
    0x08002ea8   0x000000dc   Code   RO         4673    i.eMBInit           mb.o
    0x08002f84   0x000000c4   Code   RO         4674    i.eMBPoll           mb.o
    0x08003048   0x00000054   Code   RO         4764    i.eMBRTUInit        mbrtu.o
    0x0800309c   0x0000004c   Code   RO         4765    i.eMBRTUReceive     mbrtu.o
    0x080030e8   0x0000006c   Code   RO         4766    i.eMBRTUSend        mbrtu.o
    0x08003154   0x00000020   Code   RO         4767    i.eMBRTUStart       mbrtu.o
    0x08003174   0x0000001a   Code   RO         4768    i.eMBRTUStop        mbrtu.o
    0x0800318e   0x00000004   Code   RO         4394    i.eMBRecvCBFuncDefault  mbmasterfunc.o
    0x08003192   0x0000000e   Code   RO         4395    i.eMBRecvCBFuncException  mbmasterfunc.o
    0x080031a0   0x00000044   Code   RO         4396    i.eMBRecvCBFuncReadDiscrete  mbmasterfunc.o
    0x080031e4   0x00000050   Code   RO         4397    i.eMBRecvCBFuncReadReg  mbmasterfunc.o
    0x08003234   0x00000060   Code   RO         3326    i.establishConnectionWithAP  simplelink_app.o
    0x08003294   0x00000024   Code   RO         4169    i.fputc             stm32f10x_wtd_usart.o
    0x080032b8   0x00000014   Code   RO         3327    i.initializeAppVariables  simplelink_app.o
    0x080032cc   0x0000007c   Code   RO         3039    i.main              main.o
    0x08003348   0x00000034   Code   RO         3660    i.prvAddCurrentTaskToDelayedList  tasks.o
    0x0800337c   0x00000054   Code   RO         3661    i.prvCheckTasksWaitingTermination  tasks.o
    0x080033d0   0x0000002a   Code   RO         3558    i.prvCopyDataFromQueue  queue.o
    0x080033fa   0x00000058   Code   RO         3559    i.prvCopyDataToQueue  queue.o
    0x08003452   0x00000002   PAD
    0x08003454   0x00000018   Code   RO         3662    i.prvIdleTask       tasks.o
    0x0800346c   0x00000020   Code   RO         3663    i.prvResetNextTaskUnblockTime  tasks.o
    0x0800348c   0x000000b0   Code   RO         3040    i.prvSetupHardware  main.o
    0x0800353c   0x00000006   Code   RO         3893    i.prvTaskExitError  port.o
    0x08003542   0x00000066   Code   RO         3560    i.prvUnlockQueue    queue.o
    0x080035a8   0x0000001a   Code   RO         4962    i.prvucMBBIN2CHAR   mbascii.o
    0x080035c2   0x0000001c   Code   RO         4963    i.prvucMBLRC        mbascii.o
    0x080035de   0x00000002   PAD
    0x080035e0   0x00000090   Code   RO         4573    i.prvvMBSerialIRQHandler  portserial.o
    0x08003670   0x00000030   Code   RO         4620    i.prvvMBTimerIRQHandler  porttimer.o
    0x080036a0   0x000000b4   Code   RO         3859    i.pvPortMalloc      heap_2.o
    0x08003754   0x00000020   Code   RO         3894    i.pxPortInitialiseStack  port.o
    0x08003774   0x00000070   Code   RO         5034    i.sl_DevGet         device.o
    0x080037e4   0x000000d4   Code   RO         5345    i.sl_NetAppDnsGetHostByName  netapp.o
    0x080038b8   0x0000007c   Code   RO         5350    i.sl_NetAppMDNSRegisterUnregisterService  netapp.o
    0x08003934   0x00000012   Code   RO         5351    i.sl_NetAppMDNSUnRegisterService  netapp.o
    0x08003946   0x00000002   PAD
    0x08003948   0x00000110   Code   RO         5352    i.sl_NetAppPingStart  netapp.o
    0x08003a58   0x00000050   Code   RO         5353    i.sl_NetAppSendTokenValue  netapp.o
    0x08003aa8   0x00000040   Code   RO         5457    i.sl_NetCfgSet      netcfg.o
    0x08003ae8   0x000000c4   Code   RO         5038    i.sl_Start          device.o
    0x08003bac   0x000000c8   Code   RO         5039    i.sl_Stop           device.o
    0x08003c74   0x0000018c   Code   RO         5675    i.sl_WlanConnect    wlan.o
    0x08003e00   0x00000008   Code   RO         5676    i.sl_WlanDisconnect  wlan.o
    0x08003e08   0x00000038   Code   RO         5680    i.sl_WlanPolicySet  wlan.o
    0x08003e40   0x00000020   Code   RO         5682    i.sl_WlanProfileDel  wlan.o
    0x08003e60   0x00000034   Code   RO         5686    i.sl_WlanRxFilterSet  wlan.o
    0x08003e94   0x00000040   Code   RO         5690    i.sl_WlanSet        wlan.o
    0x08003ed4   0x00000020   Code   RO         5691    i.sl_WlanSetMode    wlan.o
    0x08003ef4   0x0000016c   Code   RO         3328    i.sl_app_init       simplelink_app.o
    0x08004060   0x00000124   Code   RO         3329    i.sl_app_proc       simplelink_app.o
    0x08004184   0x00000030   Code   RO         4750    i.usMBCRC16         mbcrc.o
    0x080041b4   0x00000024   Code   RO         3522    i.uxListRemove      list.o
    0x080041d8   0x00000016   Code   RO         3523    i.vListInitialise   list.o
    0x080041ee   0x00000006   Code   RO         3524    i.vListInitialiseItem  list.o
    0x080041f4   0x00000030   Code   RO         3525    i.vListInsert       list.o
    0x08004224   0x00000018   Code   RO         3526    i.vListInsertEnd    list.o
    0x0800423c   0x00000010   Code   RO         4964    i.vMBASCIIGetBuffer  mbascii.o
    0x0800424c   0x00000012   Code   RO         4512    i.vMBPortClose      portother.o
    0x0800425e   0x00000004   Code   RO         4513    i.vMBPortEnterCritical  portother.o
    0x08004262   0x00000002   PAD
    0x08004264   0x00000018   Code   RO         4479    i.vMBPortEventClose  portevent.o
    0x0800427c   0x00000004   Code   RO         4514    i.vMBPortExitCritical  portother.o
    0x08004280   0x00000088   Code   RO         4574    i.vMBPortSerialClose  portserial.o
    0x08004308   0x0000014c   Code   RO         4575    i.vMBPortSerialEnable  portserial.o
    0x08004454   0x0000000c   Code   RO         4517    i.vMBPortSetWithinException  portother.o
    0x08004460   0x00000034   Code   RO         4621    i.vMBPortTimerClose  porttimer.o
    0x08004494   0x00000022   Code   RO         4623    i.vMBPortTimersDisable  porttimer.o
    0x080044b6   0x0000002c   Code   RO         4624    i.vMBPortTimersEnable  porttimer.o
    0x080044e2   0x00000002   PAD
    0x080044e4   0x00000028   Code   RO         4518    i.vMBPortWaitEnd    portother.o
    0x0800450c   0x00000040   Code   RO         4519    i.vMBPortWaitStart  portother.o
    0x0800454c   0x0000000c   Code   RO         4769    i.vMBRTUGetBuffer   mbrtu.o
    0x08004558   0x0000001c   Code   RO         3041    i.vModbusTask       main.o
    0x08004574   0x0000000c   Code   RO         3042    i.vPollTask         main.o
    0x08004580   0x0000001c   Code   RO         3896    i.vPortEnterCritical  port.o
    0x0800459c   0x00000014   Code   RO         3897    i.vPortExitCritical  port.o
    0x080045b0   0x0000003c   Code   RO         3860    i.vPortFree         heap_2.o
    0x080045ec   0x00000014   Code   RO         3898    i.vPortSetupTimerInterrupt  port.o
    0x08004600   0x00000018   Code   RO         3899    i.vPortYield        port.o
    0x08004618   0x00000016   Code   RO         3564    i.vQueueDelete      queue.o
    0x0800462e   0x00000002   PAD
    0x08004630   0x00000018   Code   RO         4678    i.vSetPollingThreadState  mb.o
    0x08004648   0x00000034   Code   RO         3668    i.vTaskDelay        tasks.o
    0x0800467c   0x0000000c   Code   RO         3672    i.vTaskMissedYield  tasks.o
    0x08004688   0x0000003c   Code   RO         3673    i.vTaskPlaceOnEventList  tasks.o
    0x080046c4   0x00000010   Code   RO         3677    i.vTaskSetTimeOutState  tasks.o
    0x080046d4   0x00000044   Code   RO         3678    i.vTaskStartScheduler  tasks.o
    0x08004718   0x00000010   Code   RO         3680    i.vTaskSuspendAll   tasks.o
    0x08004728   0x00000050   Code   RO         3681    i.vTaskSwitchContext  tasks.o
    0x08004778   0x000000dc   Code   RO         4965    i.xMBASCIIReceiveFSM  mbascii.o
    0x08004854   0x00000020   Code   RO         4966    i.xMBASCIITimerT1SExpired  mbascii.o
    0x08004874   0x000000a4   Code   RO         4967    i.xMBASCIITransmitFSM  mbascii.o
    0x08004918   0x00000020   Code   RO         4480    i.xMBPortEventGet   portevent.o
    0x08004938   0x00000020   Code   RO         4481    i.xMBPortEventInit  portevent.o
    0x08004958   0x0000002c   Code   RO         4482    i.xMBPortEventPost  portevent.o
    0x08004984   0x00000024   Code   RO         4576    i.xMBPortSerialGetByte  portserial.o
    0x080049a8   0x000001b0   Code   RO         4577    i.xMBPortSerialInit  portserial.o
    0x08004b58   0x00000024   Code   RO         4578    i.xMBPortSerialPutByte  portserial.o
    0x08004b7c   0x00000098   Code   RO         4625    i.xMBPortTimersInit  porttimer.o
    0x08004c14   0x00000060   Code   RO         4770    i.xMBRTUReceiveFSM  mbrtu.o
    0x08004c74   0x00000028   Code   RO         4771    i.xMBRTUTimerT35Expired  mbrtu.o
    0x08004c9c   0x00000050   Code   RO         4772    i.xMBRTUTransmitFSM  mbrtu.o
    0x08004cec   0x00000030   Code   RO         3900    i.xPortStartScheduler  port.o
    0x08004d1c   0x00000024   Code   RO         3901    i.xPortSysTickHandler  port.o
    0x08004d40   0x00000042   Code   RO         3565    i.xQueueGenericCreate  queue.o
    0x08004d82   0x000000e6   Code   RO         3566    i.xQueueGenericReceive  queue.o
    0x08004e68   0x00000060   Code   RO         3567    i.xQueueGenericReset  queue.o
    0x08004ec8   0x000000d6   Code   RO         3568    i.xQueueGenericSend  queue.o
    0x08004f9e   0x00000062   Code   RO         3569    i.xQueueGenericSendFromISR  queue.o
    0x08005000   0x00000048   Code   RO         3682    i.xTaskCheckForTimeOut  tasks.o
    0x08005048   0x0000015c   Code   RO         3683    i.xTaskGenericCreate  tasks.o
    0x080051a4   0x000000b4   Code   RO         3686    i.xTaskIncrementTick  tasks.o
    0x08005258   0x0000005c   Code   RO         3687    i.xTaskRemoveFromEventList  tasks.o
    0x080052b4   0x000000a0   Code   RO         3689    i.xTaskResumeAll    tasks.o
    0x08005354   0x00000054   Data   RO         3330    .constdata          simplelink_app.o
    0x080053a8   0x00000048   Data   RO         4579    .constdata          portserial.o
    0x080053f0   0x00000200   Data   RO         4751    .constdata          mbcrc.o
    0x080055f0   0x00000014   Data   RO         5041    .constdata          device.o
    0x08005604   0x00000048   Data   RO         5141    .constdata          driver.o
    0x0800564c   0x00000028   Data   RO         5357    .constdata          netapp.o
    0x08005674   0x00000008   Data   RO         5458    .constdata          netcfg.o
    0x0800567c   0x00000034   Data   RO         5694    .constdata          wlan.o
    0x080056b0   0x00000020   Data   RO         6367    Region$$Table       anon$$obj.o


    Execution Region RW_IRAM1 (Base: 0x20000100, Size: 0x00004cf0, Max: 0x00004f00, ABSOLUTE, COMPRESSED[0x00000060])

    Base Addr    Size         Type   Attr      Idx    E Section Name        Object

    0x20000100   0x00000014   Data   RW         1678    .data               stm32f10x_rcc.o
    0x20000114   0x0000000c   Data   RW         3331    .data               simplelink_app.o
    0x20000120   0x00000038   Data   RW         3692    .data               tasks.o
    0x20000158   0x00000018   Data   RW         3864    .data               heap_2.o
    0x20000170   0x00000004   Data   RW         3902    .data               port.o
    0x20000174   0x00000004   Data   RW         4170    .data               stm32f10x_wtd_usart.o
    0x20000178   0x00000008   Data   RW         4404    .data               mbmasterfunc.o
    0x20000180   0x00000004   Data   RW         4483    .data               portevent.o
    0x20000184   0x0000000c   Data   RW         4520    .data               portother.o
    0x20000190   0x00000001   Data   RW         4580    .data               portserial.o
    0x20000191   0x00000003   PAD
    0x20000194   0x00000004   Data   RW         4626    .data               porttimer.o
    0x20000198   0x000000b4   Data   RW         4679    .data               mb.o
    0x2000024c   0x0000000c   Data   RW         4774    .data               mbrtu.o
    0x20000258   0x00000002   Data   RW         4915    .data               mbfuncother.o
    0x2000025a   0x00000002   PAD
    0x2000025c   0x00000010   Data   RW         4968    .data               mbascii.o
    0x2000026c   0x00000008   Data   RW         5142    .data               driver.o
    0x20000274   0x00000004   Data   RW         5143    .data               driver.o
    0x20000278   0x00000004   Data   RW         6341    .data               mc_w.l(stdout.o)
    0x2000027c   0x000000c8   Zero   RW         3691    .bss                tasks.o
    0x20000344   0x00004400   Zero   RW         3863    .bss                heap_2.o
    0x20004744   0x00000100   Zero   RW         4773    .bss                mbrtu.o
    0x20004844   0x00000020   Zero   RW         4914    .bss                mbfuncother.o
    0x20004864   0x00000164   Zero   RW         5140    .bss                driver.o
    0x200049c8   0x00000028   Zero   RW         5481    .bss                nonos.o
    0x200049f0   0x00000400   Zero   RW         3308    STACK               startup_stm32f10x_freertos.o



  Load Region LR$$.ARM.__AT_0x20000000 (Base: 0x20000000, Size: 0x00000000, Max: 0x00000100, ABSOLUTE)

    Execution Region ER$$.ARM.__AT_0x20000000 (Base: 0x20000000, Size: 0x00000100, Max: 0x00000100, ABSOLUTE, UNINIT)

    Base Addr    Size         Type   Attr      Idx    E Section Name        Object

    0x20000000   0x00000100   Zero   RW         4218    .ARM.__AT_0x20000000  stm32f10x_wtd_int.o


==============================================================================

Image component sizes


      Code (inc. data)   RO Data    RW Data    ZI Data      Debug   Object Name

       264         24          0          0          0       3886   cc_pal.o
       870         48         20          0          0      32265   device.o
      4026        140         72         12        356      22156   driver.o
         0          0          0          0          0       1248   event_groups.o
        92         10          0          0          0       1128   flowcont.o
       240         12          0         24      17408       3347   heap_2.o
       136          0          0          0          0       3286   list.o
       340         44          0          0          0      63415   main.o
       536        104          0        180          0       7417   mb.o
       784         48          0         16          0       9347   mbascii.o
        48          4        512          0          0       1380   mbcrc.o
        36         10          0          2         32       1555   mbfuncother.o
       166         18          0          8          0       6164   mbmasterfunc.o
       554         54          0         12        256       7421   mbrtu.o
       156         18          0          0          0     263723   misc.o
      1276         60         40          0          0      11867   netapp.o
        64          6          8          0          0       1685   netcfg.o
       172         14          0          0         40       3800   nonos.o
       372         54          0          4          0       7269   port.o
       132         20          0          4          0       3024   portevent.o
       154         24          0         12          0       4139   portother.o
      1116         90         72          1          0       6009   portserial.o
       342         18          0          4          0       3846   porttimer.o
       958          0          0          0          0       9276   queue.o
      2004       1032         84         12          0       8832   simplelink_app.o
       340         16          0          0          0       3463   socket.o
        36          8        236          0       1024        812   startup_stm32f10x_freertos.o
       158         10          0          0          0       2259   stm32f10x_exti.o
       212          6          0          0          0       3778   stm32f10x_gpio.o
        30          0          0          0          0       7589   stm32f10x_it.o
       544        102          0         20          0      11684   stm32f10x_rcc.o
       142          0          0          0          0       5273   stm32f10x_spi.o
       666        106          0          0          0       9187   stm32f10x_tim.o
       380          4          0          0          0       8368   stm32f10x_usart.o
        76          6          0          0          0        587   stm32f10x_wtd_eeprom.o
        82         26          0          0        256       3184   stm32f10x_wtd_int.o
       452         30          0          0          0       6400   stm32f10x_wtd_spi.o
       588         64          0          4          0       5256   stm32f10x_wtd_usart.o
       228         26          0          0          0       1813   system_stm32f10x.o
      1348        120          0         56        200      14746   tasks.o
       640         32         52          0          0       8015   wlan.o

    ----------------------------------------------------------------------
     20792       2408       1128        376      19572     579899   Object Totals
         0          0         32          0          0          0   (incl. Generated)
        32          0          0          5          0          1   (incl. Padding)

    ----------------------------------------------------------------------

      Code (inc. data)   RO Data    RW Data    ZI Data      Debug   Library Member Name

        92          0          0          0          0          0   __dczerorl2.o
         0          0          0          0          0          0   entry.o
         8          4          0          0          0          0   entry2.o
         4          0          0          0          0          0   entry5.o
         8          4          0          0          0          0   entry7.o
        30          0          0          0          0          0   handlers.o
        36          8          0          0          0         68   init.o
        36          0          0          0          0         68   memcpya.o
        38          0          0          0          0        108   memseta.o
        50          8          0          0          0        152   printfb.o
         0          0          0          4          0          0   stdout.o

    ----------------------------------------------------------------------
       304         24          0          4          0        396   Library Totals
         2          0          0          0          0          0   (incl. Padding)

    ----------------------------------------------------------------------

      Code (inc. data)   RO Data    RW Data    ZI Data      Debug   Library Name

       302         24          0          4          0        396   mc_w.l

    ----------------------------------------------------------------------
       304         24          0          4          0        396   Library Totals

    ----------------------------------------------------------------------

==============================================================================


      Code (inc. data)   RO Data    RW Data    ZI Data      Debug   

     21096       2432       1128        380      19572     566880   Grand Totals
     21096       2432       1128         96      19572     566880   ELF Image Totals (compressed)
     21096       2432       1128         96          0          0   ROM Totals

==============================================================================

    Total RO  Size (Code + RO Data)                22224 (  21.70kB)
    Total RW  Size (RW Data + ZI Data)             19952 (  19.48kB)
    Total ROM Size (Code + RO Data + RW Data)      22320 (  21.80kB)

==============================================================================

